[cem] objective=score | 64 candidates x 8 seeds | budget 900s | workers 50
[cem] checkpoint ./rl/../weights/ckpt_cem_score_wells10_mlp4.json
[cem/score] gen   0 cap   200 | mean      1.65 | elite      9.86 | best     23.89 | |sigma|  6.676 |    0.9s
[cem/score] gen   1 cap   200 | mean      5.32 | elite     29.32 | best     42.34 | |sigma|  5.271 |    2.6s
[cem/score] gen   2 cap   200 | mean      4.67 | elite     24.59 | best     45.18 | |sigma|  7.154 |    3.9s
[cem/score] gen   3 cap   200 | mean      1.58 | elite     10.03 | best     39.38 | |sigma|  5.475 |    5.0s
[cem/score] gen   4 cap   200 | mean      4.29 | elite     26.30 | best     44.69 | |sigma|  5.509 |    6.6s
[cem/score] gen   5 cap   200 | mean      5.18 | elite     29.98 | best     47.97 | |sigma|  6.089 |    8.0s
[cem/score] gen   6 cap   200 | mean      3.46 | elite     19.66 | best     44.69 | |sigma|  7.072 |    9.4s
[cem/score] gen   7 cap   200 | mean      3.67 | elite     20.93 | best     39.86 | |sigma|  5.779 |   10.7s
[cem/score] gen   8 cap   200 | mean      4.04 | elite     24.33 | best     46.59 | |sigma|  5.588 |   12.0s
[cem/score] gen   9 cap   200 | mean      4.21 | elite     22.44 | best     40.19 | |sigma|  5.886 |   13.3s
[cem/score] gen  10 cap   200 | mean      3.60 | elite     19.08 | best     41.03 | |sigma|  7.000 |   14.5s
[cem/score] gen  11 cap   200 | mean      2.13 | elite     12.54 | best     28.38 | |sigma|  5.806 |   15.4s
[cem/score] gen  12 cap   200 | mean      4.69 | elite     20.37 | best     31.37 | |sigma|  6.893 |   16.4s
[cem/score] gen  13 cap   200 | mean      4.63 | elite     26.45 | best     46.00 | |sigma|  5.896 |   17.8s
[cem/score] gen  14 cap   200 | mean      2.45 | elite     14.59 | best     29.27 | |sigma|  6.820 |   18.8s
[cem/score] gen  15 cap   200 | mean      3.48 | elite     20.58 | best     44.62 | |sigma|  6.058 |   20.2s
[cem/score] gen  16 cap   200 | mean      4.59 | elite     25.65 | best     36.85 | |sigma|  5.552 |   21.3s
[cem/score] gen  17 cap   200 | mean      3.03 | elite     17.16 | best     42.22 | |sigma|  5.501 |   22.6s
[cem/score] gen  18 cap   200 | mean      3.21 | elite     18.49 | best     45.14 | |sigma|  5.889 |   23.8s
[cem/score] gen  19 cap   200 | mean      2.45 | elite     15.05 | best     44.31 | |sigma|  5.785 |   25.1s
[cem/score] gen  20 cap   200 | mean      3.41 | elite     20.13 | best     45.38 | |sigma|  5.001 |   26.5s
[cem/score] gen  21 cap   200 | mean      4.02 | elite     21.31 | best     49.75 | |sigma|  4.596 |   27.7s
[cem/score] gen  22 cap   200 | mean      6.26 | elite     30.72 | best     39.97 | |sigma|  5.508 |   28.9s
[cem/score] gen  23 cap   200 | mean      2.89 | elite     17.04 | best     32.08 | |sigma|  4.714 |   29.9s
[cem/score] gen  24 cap   200 | mean      4.11 | elite     23.05 | best     37.23 | |sigma|  4.900 |   31.2s
[cem/score] gen  25 cap   200 | mean      2.00 | elite     11.66 | best     21.60 | |sigma|  5.213 |   31.8s
[cem/score] gen  26 cap   200 | mean      2.39 | elite     12.69 | best     31.29 | |sigma|  4.756 |   32.8s
[cem/score] gen  27 cap   200 | mean      3.28 | elite     17.31 | best     29.42 | |sigma|  6.045 |   33.9s
[cem/score] gen  28 cap   200 | mean      3.88 | elite     19.03 | best     29.25 | |sigma|  4.426 |   34.7s
[cem/score] gen  29 cap   200 | mean      3.56 | elite     19.56 | best     29.38 | |sigma|  5.706 |   35.6s
[cem/score] gen  30 cap   200 | mean      3.31 | elite     17.66 | best     41.29 | |sigma|  5.157 |   37.0s
[cem/score] gen  31 cap   200 | mean      3.15 | elite     18.43 | best     40.97 | |sigma|  4.426 |   38.1s
[cem/score] gen  32 cap   200 | mean      5.59 | elite     27.31 | best     41.59 | |sigma|  4.978 |   39.5s
[cem/score] gen  33 cap   200 | mean      2.87 | elite     17.05 | best     47.84 | |sigma|  4.120 |   40.8s
[cem/score] gen  34 cap   200 | mean      4.38 | elite     24.79 | best     44.84 | |sigma|  4.796 |   42.2s
[cem/score] gen  35 cap   200 | mean      5.65 | elite     26.51 | best     38.83 | |sigma|  3.807 |   43.4s
[cem/score] gen  36 cap   200 | mean      4.10 | elite     22.20 | best     46.31 | |sigma|  4.786 |   44.9s
[cem/score] gen  37 cap   200 | mean      3.29 | elite     18.37 | best     37.38 | |sigma|  4.504 |   46.2s
[cem/score] gen  38 cap   200 | mean      4.51 | elite     22.43 | best     41.76 | |sigma|  4.093 |   47.5s
[cem/score] gen  39 cap   200 | mean      4.33 | elite     23.96 | best     33.57 | |sigma|  3.908 |   48.7s
[cem/score] gen  40 cap   200 | mean      3.07 | elite     18.23 | best     42.65 | |sigma|  3.433 |   49.9s
[cem/score] gen  41 cap   200 | mean      3.87 | elite     22.87 | best     43.46 | |sigma|  3.540 |   51.3s
[cem/score] gen  42 cap   200 | mean      5.76 | elite     29.15 | best     42.80 | |sigma|  3.711 |   52.6s
[cem/score] gen  43 cap   200 | mean      4.50 | elite     25.27 | best     45.97 | |sigma|  3.391 |   54.0s
[cem/score] gen  44 cap   200 | mean      4.55 | elite     23.38 | best     45.56 | |sigma|  3.320 |   55.2s
[cem/score] gen  45 cap   200 | mean      6.22 | elite     30.51 | best     38.20 | |sigma|  3.139 |   56.5s
[cem/score] gen  46 cap   200 | mean      6.16 | elite     29.05 | best     42.78 | |sigma|  2.725 |   58.0s
[cem/score] gen  47 cap   200 | mean      8.86 | elite     32.01 | best     44.69 | |sigma|  2.540 |   59.5s
[cem/score] gen  48 cap   200 | mean      8.32 | elite     35.71 | best     42.72 | |sigma|  1.397 |   61.0s
[cem/score] gen  49 cap   200 | mean     24.22 | elite     46.79 | best     50.38 | |sigma|  1.187 |   63.0s
[cem/score] gen  50 cap   200 | mean     35.55 | elite     47.66 | best     50.00 | |sigma|  0.966 |   66.4s
[cem/score] gen  51 cap   200 | mean     37.93 | elite     48.39 | best     49.38 | |sigma|  0.765 |   69.3s
[cem/score] gen  52 cap   200 | mean     39.45 | elite     49.18 | best     50.81 | |sigma|  0.620 |   72.5s
[cem/score] gen  53 cap   200 | mean     46.50 | elite     51.27 | best     53.79 | |sigma|  0.508 |   75.6s
[cem/score] gen  54 cap   200 | mean     44.32 | elite     54.31 | best     60.19 | |sigma|  0.472 |   78.7s
[cem/score] gen  55 cap   200 | mean     43.09 | elite     57.04 | best     59.81 | |sigma|  0.429 |   81.5s
[cem/score] gen  56 cap   200 | mean     47.74 | elite     59.06 | best     67.06 | |sigma|  0.378 |   84.5s
[cem/score] gen  57 cap   200 | mean     51.06 | elite     59.50 | best     61.40 | |sigma|  0.361 |   87.3s
[cem/score] gen  58 cap   200 | mean     51.03 | elite     60.61 | best     65.59 | |sigma|  0.334 |   91.1s
[cem/score] gen  59 cap   200 | mean     50.90 | elite     63.59 | best     65.10 | |sigma|  0.282 |   93.9s
[cem/score] gen  60 cap   200 | mean     53.30 | elite     65.45 | best     72.28 | |sigma|  0.286 |   96.9s
[cem/score] gen  61 cap   200 | mean     51.31 | elite     66.40 | best     70.14 | |sigma|  0.268 |   99.8s
[cem/score] gen  62 cap   200 | mean     52.64 | elite     66.44 | best     69.12 | |sigma|  0.283 |  102.9s
[cem/score] gen  63 cap   200 | mean     44.69 | elite     66.31 | best     72.83 | |sigma|  0.270 |  105.4s
[cem/score] gen  64 cap   200 | mean     50.34 | elite     67.26 | best     71.94 | |sigma|  0.267 |  108.4s
[cem/score] gen  65 cap   200 | mean     51.95 | elite     66.18 | best     68.94 | |sigma|  0.227 |  111.2s
[cem/score] gen  66 cap   200 | mean     46.84 | elite     68.51 | best     79.13 | |sigma|  0.227 |  113.8s
[cem/score] gen  67 cap   200 | mean     56.37 | elite     68.43 | best     71.94 | |sigma|  0.208 |  116.6s
[cem/score] gen  68 cap   200 | mean     53.75 | elite     71.79 | best     76.41 | |sigma|  0.208 |  119.3s
[cem/score] gen  69 cap   200 | mean     50.45 | elite     70.03 | best     73.98 | |sigma|  0.206 |  121.9s
[cem/score] gen  70 cap   200 | mean     53.92 | elite     70.23 | best     78.78 | |sigma|  0.206 |  124.7s
[cem/score] gen  71 cap   200 | mean     48.44 | elite     69.99 | best     75.38 | |sigma|  0.191 |  127.2s
[cem/score] gen  72 cap   200 | mean     54.15 | elite     70.55 | best     72.12 | |sigma|  0.190 |  130.4s
[cem/score] gen  73 cap   200 | mean     53.72 | elite     70.95 | best     79.56 | |sigma|  0.176 |  133.2s
[cem/score] gen  74 cap   200 | mean     50.93 | elite     72.34 | best     78.94 | |sigma|  0.167 |  135.9s
[cem/score] gen  75 cap   200 | mean     52.11 | elite     69.89 | best     72.94 | |sigma|  0.172 |  138.6s
[cem/score] gen  76 cap   200 | mean     49.31 | elite     72.07 | best     76.62 | |sigma|  0.181 |  141.5s
[cem/score] gen  77 cap   200 | mean     50.23 | elite     71.40 | best     75.04 | |sigma|  0.192 |  144.1s
[cem/score] gen  78 cap   200 | mean     51.56 | elite     70.28 | best     75.81 | |sigma|  0.177 |  147.1s
[cem/score] gen  79 cap   200 | mean     50.78 | elite     68.27 | best     73.66 | |sigma|  0.171 |  149.9s
[cem/score] gen  80 cap   200 | mean     54.44 | elite     70.45 | best     73.16 | |sigma|  0.170 |  152.8s
[cem/score] gen  81 cap   200 | mean     57.02 | elite     72.09 | best     75.45 | |sigma|  0.176 |  156.0s
[cem/score] gen  82 cap   200 | mean     52.22 | elite     72.00 | best     75.53 | |sigma|  0.184 |  158.7s
[cem/score] gen  83 cap   200 | mean     54.09 | elite     72.62 | best     77.11 | |sigma|  0.188 |  161.5s
[cem/score] gen  84 cap   200 | mean     50.32 | elite     72.16 | best     82.50 | |sigma|  0.176 |  164.4s
[cem/score] gen  85 cap   200 | mean     52.50 | elite     72.69 | best     78.84 | |sigma|  0.179 |  167.5s
[cem/score] gen  86 cap   200 | mean     49.67 | elite     73.33 | best     78.91 | |sigma|  0.170 |  170.4s
[cem/score] gen  87 cap   200 | mean     45.33 | elite     68.25 | best     69.66 | |sigma|  0.173 |  173.0s
[cem/score] gen  88 cap   200 | mean     56.11 | elite     72.85 | best     76.75 | |sigma|  0.162 |  175.9s
[cem/score] gen  89 cap   200 | mean     55.31 | elite     74.22 | best     79.73 | |sigma|  0.156 |  179.0s
[cem/score] gen  90 cap   200 | mean     43.60 | elite     68.00 | best     70.44 | |sigma|  0.153 |  181.5s
[cem/score] gen  91 cap   200 | mean     57.21 | elite     73.90 | best     81.79 | |sigma|  0.157 |  184.6s
[cem/score] gen  92 cap   200 | mean     49.62 | elite     70.76 | best     73.31 | |sigma|  0.160 |  187.2s
[cem/score] gen  93 cap   200 | mean     61.43 | elite     75.17 | best     78.25 | |sigma|  0.162 |  190.5s
[cem/score] gen  94 cap   200 | mean     49.45 | elite     73.09 | best     77.69 | |sigma|  0.170 |  193.0s
[cem/score] gen  95 cap   200 | mean     49.94 | elite     74.86 | best     82.47 | |sigma|  0.161 |  195.5s
[cem/score] gen  96 cap   200 | mean     50.40 | elite     73.56 | best     75.56 | |sigma|  0.166 |  198.0s
[cem/score] gen  97 cap   200 | mean     55.94 | elite     76.37 | best     87.12 | |sigma|  0.166 |  201.1s
[cem/score] gen  98 cap   200 | mean     55.63 | elite     74.19 | best     78.59 | |sigma|  0.163 |  203.8s
[cem/score] gen  99 cap   200 | mean     52.86 | elite     70.31 | best     75.97 | |sigma|  0.162 |  206.4s
[cem/score] gen 100 cap   200 | mean     50.19 | elite     72.49 | best     78.25 | |sigma|  0.169 |  209.2s
[cem/score] gen 101 cap   200 | mean     55.10 | elite     71.98 | best     80.06 | |sigma|  0.173 |  212.3s
[cem/score] gen 102 cap   200 | mean     55.26 | elite     72.86 | best     76.66 | |sigma|  0.163 |  215.2s
[cem/score] gen 103 cap   200 | mean     53.95 | elite     73.23 | best     76.00 | |sigma|  0.162 |  217.9s
[cem/score] gen 104 cap   200 | mean     52.02 | elite     73.08 | best     81.82 | |sigma|  0.162 |  220.9s
[cem/score] gen 105 cap   200 | mean     46.87 | elite     72.74 | best     76.06 | |sigma|  0.164 |  223.5s
[cem/score] gen 106 cap   200 | mean     57.12 | elite     72.01 | best     77.28 | |sigma|  0.163 |  226.7s
[cem/score] gen 107 cap   500 | mean     52.20 | elite     72.27 | best     74.36 | |sigma|  0.161 |  232.3s
[cem/score] gen 108 cap   500 | mean     53.90 | elite     73.06 | best     75.19 | |sigma|  0.162 |  238.5s
[cem/score] gen 109 cap   500 | mean     57.21 | elite     74.92 | best     79.95 | |sigma|  0.161 |  244.2s
[cem/score] gen 110 cap   500 | mean     54.13 | elite     74.98 | best     77.35 | |sigma|  0.162 |  249.3s
[cem/score] gen 111 cap   500 | mean     51.30 | elite     72.77 | best     76.54 | |sigma|  0.161 |  254.9s
[cem/score] gen 112 cap   500 | mean     58.15 | elite     73.82 | best     76.94 | |sigma|  0.156 |  261.4s
[cem/score] gen 113 cap   500 | mean     52.57 | elite     71.33 | best     73.73 | |sigma|  0.163 |  267.6s
[cem/score] gen 114 cap   500 | mean     55.38 | elite     72.97 | best     78.37 | |sigma|  0.165 |  273.6s
[cem/score] gen 115 cap   500 | mean     49.87 | elite     74.18 | best     79.61 | |sigma|  0.161 |  278.7s
[cem/score] gen 116 cap   500 | mean     58.22 | elite     74.71 | best     78.41 | |sigma|  0.158 |  284.2s
[cem/score] gen 117 cap   500 | mean     58.68 | elite     74.83 | best     77.69 | |sigma|  0.158 |  290.1s
[cem/score] gen 118 cap   500 | mean     52.14 | elite     74.60 | best     81.59 | |sigma|  0.159 |  296.1s
[cem/score] gen 119 cap   500 | mean     53.51 | elite     71.90 | best     75.63 | |sigma|  0.153 |  301.7s
[cem/score] gen 120 cap   500 | mean     57.66 | elite     73.61 | best     79.20 | |sigma|  0.157 |  307.0s
[cem/score] gen 121 cap   500 | mean     53.85 | elite     73.47 | best     76.84 | |sigma|  0.156 |  312.8s
[cem/score] gen 122 cap   500 | mean     51.44 | elite     73.86 | best     77.65 | |sigma|  0.156 |  318.5s
[cem/score] gen 123 cap   500 | mean     60.22 | elite     76.14 | best     78.52 | |sigma|  0.158 |  324.9s
[cem/score] gen 124 cap   500 | mean     52.42 | elite     74.98 | best     78.39 | |sigma|  0.172 |  330.4s
[cem/score] gen 125 cap   500 | mean     52.28 | elite     74.36 | best     76.95 | |sigma|  0.168 |  335.8s
[cem/score] gen 126 cap   500 | mean     60.12 | elite     74.92 | best     80.90 | |sigma|  0.169 |  341.7s
[cem/score] gen 127 cap   500 | mean     55.98 | elite     73.93 | best     77.56 | |sigma|  0.167 |  347.3s
[cem/score] gen 128 cap   500 | mean     49.99 | elite     75.27 | best     79.67 | |sigma|  0.164 |  352.3s
[cem/score] gen 129 cap   500 | mean     50.32 | elite     73.58 | best     75.79 | |sigma|  0.163 |  357.3s
[cem/score] gen 130 cap   500 | mean     49.15 | elite     74.17 | best     76.19 | |sigma|  0.159 |  362.4s
[cem/score] gen 131 cap   500 | mean     57.83 | elite     76.33 | best     82.03 | |sigma|  0.157 |  368.5s
[cem/score] gen 132 cap   500 | mean     52.87 | elite     75.19 | best     77.98 | |sigma|  0.159 |  374.0s
[cem/score] gen 133 cap   500 | mean     51.51 | elite     75.74 | best     79.14 | |sigma|  0.161 |  379.3s
[cem/score] gen 134 cap   500 | mean     57.46 | elite     74.58 | best     78.55 | |sigma|  0.162 |  384.7s
[cem/score] gen 135 cap   500 | mean     53.38 | elite     75.14 | best     77.67 | |sigma|  0.165 |  390.3s
[cem/score] gen 136 cap   500 | mean     60.65 | elite     75.79 | best     78.91 | |sigma|  0.172 |  396.4s
[cem/score] gen 137 cap   500 | mean     55.98 | elite     74.89 | best     77.84 | |sigma|  0.168 |  402.4s
[cem/score] gen 138 cap   500 | mean     52.81 | elite     75.15 | best     76.99 | |sigma|  0.156 |  407.9s
[cem/score] gen 139 cap   500 | mean     61.81 | elite     77.03 | best     78.56 | |sigma|  0.154 |  414.0s
[cem/score] gen 140 cap   500 | mean     53.40 | elite     72.60 | best     74.20 | |sigma|  0.152 |  419.6s
[cem/score] gen 141 cap   500 | mean     57.00 | elite     72.07 | best     78.74 | |sigma|  0.150 |  426.3s
[cem/score] gen 142 cap   500 | mean     61.44 | elite     76.49 | best     81.73 | |sigma|  0.150 |  432.6s
[cem/score] gen 143 cap   500 | mean     62.53 | elite     76.14 | best     78.29 | |sigma|  0.150 |  439.9s
[cem/score] gen 144 cap   500 | mean     52.20 | elite     75.16 | best     79.93 | |sigma|  0.157 |  445.2s
[cem/score] gen 145 cap   500 | mean     54.61 | elite     76.36 | best     78.93 | |sigma|  0.155 |  450.1s
[cem/score] gen 146 cap  1500 | mean     57.41 | elite     75.44 | best     81.25 | |sigma|  0.155 |  462.2s
[cem/score] gen 147 cap  1500 | mean     63.35 | elite     73.91 | best     77.16 | |sigma|  0.162 |  475.5s
[cem/score] gen 148 cap  1500 | mean     61.40 | elite     76.49 | best     78.59 | |sigma|  0.156 |  489.6s
[cem/score] gen 149 cap  1500 | mean     52.44 | elite     73.75 | best     78.08 | |sigma|  0.159 |  500.7s
[cem/score] gen 150 cap  1500 | mean     46.53 | elite     72.65 | best     73.93 | |sigma|  0.162 |  512.0s
[cem/score] gen 151 cap  1500 | mean     57.66 | elite     73.60 | best     76.35 | |sigma|  0.161 |  525.9s
[cem/score] gen 152 cap  1500 | mean     57.79 | elite     75.53 | best     76.92 | |sigma|  0.162 |  539.0s
[cem/score] gen 153 cap  1500 | mean     54.75 | elite     74.80 | best     77.54 | |sigma|  0.160 |  552.0s
[cem/score] gen 154 cap  1500 | mean     46.16 | elite     73.13 | best     74.67 | |sigma|  0.163 |  563.5s
[cem/score] gen 155 cap  1500 | mean     60.78 | elite     76.06 | best     80.48 | |sigma|  0.169 |  575.8s
[cem/score] gen 156 cap  1500 | mean     57.25 | elite     74.24 | best     76.18 | |sigma|  0.176 |  590.6s
[cem/score] gen 157 cap  1500 | mean     55.57 | elite     75.26 | best     79.21 | |sigma|  0.176 |  604.2s
[cem/score] gen 158 cap  1500 | mean     57.31 | elite     74.28 | best     76.23 | |sigma|  0.181 |  618.5s
[cem/score] gen 159 cap  1500 | mean     55.25 | elite     73.97 | best     76.87 | |sigma|  0.181 |  632.9s
[cem/score] gen 160 cap  1500 | mean     61.85 | elite     74.39 | best     77.41 | |sigma|  0.196 |  646.9s
[cem/score] gen 161 cap  1500 | mean     54.79 | elite     75.65 | best     79.60 | |sigma|  0.193 |  660.1s
[cem/score] gen 162 cap  1500 | mean     53.15 | elite     74.59 | best     79.29 | |sigma|  0.195 |  673.5s
[cem/score] gen 163 cap  1500 | mean     52.55 | elite     74.81 | best     77.07 | |sigma|  0.186 |  685.9s
[cem/score] gen 164 cap  5000 | mean     55.32 | elite     75.43 | best     78.13 | |sigma|  0.176 |  723.8s
[cem/score] gen 165 cap  5000 | mean     51.08 | elite     76.23 | best     79.15 | |sigma|  0.163 |  760.8s
[cem/score] gen 166 cap  5000 | mean     57.88 | elite     75.11 | best     78.00 | |sigma|  0.163 |  805.5s
[cem/score] gen 167 cap  5000 | mean     56.72 | elite     74.57 | best     76.94 | |sigma|  0.165 |  849.7s
[cem/score] gen 168 cap  5000 | mean     60.67 | elite     76.36 | best     80.44 | |sigma|  0.165 |  894.2s
[cem/score] gen 169 cap  5000 | mean     60.45 | elite     75.85 | best     79.46 | |sigma|  0.167 |  931.7s
[cem] time budget 900s reached at gen 170
[cem] search stayed alive for all 170 generations (final |sigma| = 0.1668)

[cem] evaluating distribution mean on held-out seeds ...
       lines 361.8 | score/piece 75.0 | tetris 52.8%
[cem] evaluating best single candidate on held-out seeds ...
       lines 80.8 | score/piece 74.5 | tetris 71.2%

[cem] selected: distribution_mean
[cem] wrote weights/cem_score_wells_mlp4.json
[cem] FINAL held-out: mean lines 361.8 | score/piece 75.0 | tetris rate 52.8%
