[cem] objective=score | 64 candidates x 8 seeds | budget 3300s | workers 50
[cem] checkpoint ./rl/../weights/ckpt_cem_score_wells10_mlp8.json
[cem/score] gen   0 cap   200 | mean      1.90 | elite     11.59 | best     39.21 | |sigma|  6.879 |    1.4s
[cem/score] gen   1 cap   200 | mean      2.38 | elite     13.84 | best     28.73 | |sigma|  9.568 |    2.6s
[cem/score] gen   2 cap   200 | mean      3.18 | elite     17.96 | best     30.58 | |sigma|  7.002 |    3.6s
[cem/score] gen   3 cap   200 | mean      2.33 | elite     14.07 | best     37.84 | |sigma|  8.678 |    4.6s
[cem/score] gen   4 cap   200 | mean      3.44 | elite     20.73 | best     46.41 | |sigma|  6.847 |    6.1s
[cem/score] gen   5 cap   200 | mean      2.74 | elite     16.63 | best     38.61 | |sigma|  7.563 |    7.3s
[cem/score] gen   6 cap   200 | mean      4.29 | elite     21.66 | best     34.79 | |sigma|  7.353 |    8.4s
[cem/score] gen   7 cap   200 | mean      2.41 | elite     13.32 | best     35.27 | |sigma|  8.561 |    9.4s
[cem/score] gen   8 cap   200 | mean      4.18 | elite     22.63 | best     39.12 | |sigma|  7.748 |   10.8s
[cem/score] gen   9 cap   200 | mean      2.72 | elite     15.82 | best     41.49 | |sigma|  8.479 |   12.1s
[cem/score] gen  10 cap   200 | mean      2.25 | elite     13.71 | best     29.26 | |sigma|  7.213 |   13.1s
[cem/score] gen  11 cap   200 | mean      3.44 | elite     19.58 | best     43.97 | |sigma|  7.500 |   14.6s
[cem/score] gen  12 cap   200 | mean      3.98 | elite     22.33 | best     37.81 | |sigma|  6.520 |   15.8s
[cem/score] gen  13 cap   200 | mean      3.24 | elite     19.28 | best     40.98 | |sigma|  7.790 |   17.1s
[cem/score] gen  14 cap   200 | mean      3.41 | elite     20.47 | best     38.53 | |sigma|  6.987 |   18.3s
[cem/score] gen  15 cap   200 | mean      5.11 | elite     24.88 | best     34.41 | |sigma|  6.215 |   19.3s
[cem/score] gen  16 cap   200 | mean      1.69 | elite      9.90 | best     24.29 | |sigma|  8.081 |   19.9s
[cem/score] gen  17 cap   200 | mean      2.38 | elite     14.56 | best     35.17 | |sigma|  6.924 |   21.0s
[cem/score] gen  18 cap   200 | mean      2.22 | elite     13.38 | best     35.39 | |sigma|  7.246 |   22.2s
[cem/score] gen  19 cap   200 | mean      4.55 | elite     19.80 | best     43.75 | |sigma|  6.899 |   23.4s
[cem/score] gen  20 cap   200 | mean      1.45 | elite      7.93 | best     25.80 | |sigma|  6.869 |   24.2s
[cem/score] gen  21 cap   200 | mean      2.63 | elite     14.96 | best     32.45 | |sigma|  6.694 |   25.3s
[cem/score] gen  22 cap   200 | mean      5.55 | elite     28.13 | best     41.73 | |sigma|  6.256 |   26.5s
[cem/score] gen  23 cap   200 | mean      5.00 | elite     28.30 | best     43.56 | |sigma|  6.368 |   27.9s
[cem/score] gen  24 cap   200 | mean      2.99 | elite     17.31 | best     43.56 | |sigma|  6.651 |   29.4s
[cem/score] gen  25 cap   200 | mean      4.48 | elite     23.67 | best     35.82 | |sigma|  6.509 |   30.5s
[cem/score] gen  26 cap   200 | mean      3.35 | elite     18.45 | best     38.03 | |sigma|  5.643 |   31.7s
[cem/score] gen  27 cap   200 | mean      2.03 | elite     12.57 | best     37.97 | |sigma|  6.688 |   32.9s
[cem/score] gen  28 cap   200 | mean      4.12 | elite     23.10 | best     47.28 | |sigma|  5.724 |   34.2s
[cem/score] gen  29 cap   200 | mean      2.82 | elite     17.01 | best     40.38 | |sigma|  6.290 |   35.4s
[cem/score] gen  30 cap   200 | mean      4.41 | elite     25.77 | best     46.69 | |sigma|  5.237 |   36.9s
[cem/score] gen  31 cap   200 | mean      4.51 | elite     22.95 | best     39.09 | |sigma|  6.182 |   38.3s
[cem/score] gen  32 cap   200 | mean      2.63 | elite     14.93 | best     49.12 | |sigma|  5.320 |   39.8s
[cem/score] gen  33 cap   200 | mean      4.92 | elite     25.96 | best     47.31 | |sigma|  5.781 |   41.1s
[cem/score] gen  34 cap   200 | mean      3.20 | elite     19.32 | best     46.88 | |sigma|  6.200 |   42.4s
[cem/score] gen  35 cap   200 | mean      3.07 | elite     18.84 | best     35.80 | |sigma|  6.143 |   43.6s
[cem/score] gen  36 cap   200 | mean      5.35 | elite     28.98 | best     41.34 | |sigma|  5.233 |   45.0s
[cem/score] gen  37 cap   200 | mean      4.27 | elite     24.36 | best     38.81 | |sigma|  5.215 |   46.3s
[cem/score] gen  38 cap   200 | mean      3.52 | elite     19.94 | best     38.23 | |sigma|  5.595 |   47.6s
[cem/score] gen  39 cap   200 | mean      4.88 | elite     26.38 | best     45.12 | |sigma|  4.783 |   49.1s
[cem/score] gen  40 cap   200 | mean      4.50 | elite     25.69 | best     45.31 | |sigma|  5.335 |   50.5s
[cem/score] gen  41 cap   200 | mean      3.56 | elite     20.04 | best     32.83 | |sigma|  4.423 |   51.5s
[cem/score] gen  42 cap   200 | mean      3.37 | elite     19.16 | best     38.60 | |sigma|  4.548 |   53.0s
[cem/score] gen  43 cap   200 | mean      4.25 | elite     22.91 | best     45.72 | |sigma|  4.839 |   54.5s
[cem/score] gen  44 cap   200 | mean      4.36 | elite     24.54 | best     37.18 | |sigma|  3.636 |   55.8s
[cem/score] gen  45 cap   200 | mean      4.08 | elite     21.36 | best     38.34 | |sigma|  3.624 |   57.0s
[cem/score] gen  46 cap   200 | mean      4.45 | elite     22.97 | best     36.58 | |sigma|  3.397 |   58.2s
[cem/score] gen  47 cap   200 | mean      4.96 | elite     22.45 | best     38.03 | |sigma|  2.883 |   59.5s
[cem/score] gen  48 cap   200 | mean      7.18 | elite     28.64 | best     46.00 | |sigma|  2.194 |   61.3s
[cem/score] gen  49 cap   200 | mean     13.16 | elite     39.20 | best     50.09 | |sigma|  1.586 |   63.0s
[cem/score] gen  50 cap   200 | mean     26.06 | elite     46.12 | best     49.16 | |sigma|  1.390 |   65.3s
[cem/score] gen  51 cap   200 | mean     33.55 | elite     48.04 | best     50.84 | |sigma|  1.222 |   68.0s
[cem/score] gen  52 cap   200 | mean     39.36 | elite     47.88 | best     48.78 | |sigma|  0.966 |   70.9s
[cem/score] gen  53 cap   200 | mean     42.38 | elite     49.72 | best     50.75 | |sigma|  0.870 |   74.1s
[cem/score] gen  54 cap   200 | mean     43.07 | elite     50.11 | best     52.25 | |sigma|  0.832 |   77.3s
[cem/score] gen  55 cap   200 | mean     44.76 | elite     53.93 | best     57.34 | |sigma|  0.618 |   80.5s
[cem/score] gen  56 cap   200 | mean     43.69 | elite     56.45 | best     64.09 | |sigma|  0.492 |   83.6s
[cem/score] gen  57 cap   200 | mean     44.37 | elite     59.04 | best     73.08 | |sigma|  0.460 |   86.7s
[cem/score] gen  58 cap   200 | mean     41.42 | elite     59.34 | best     63.53 | |sigma|  0.437 |   90.1s
[cem/score] gen  59 cap   200 | mean     44.19 | elite     61.16 | best     69.44 | |sigma|  0.449 |   92.9s
[cem/score] gen  60 cap   200 | mean     45.45 | elite     62.75 | best     66.94 | |sigma|  0.441 |   95.7s
[cem/score] gen  61 cap   200 | mean     43.22 | elite     63.69 | best     72.66 | |sigma|  0.393 |   98.9s
[cem/score] gen  62 cap   200 | mean     37.91 | elite     62.22 | best     67.82 | |sigma|  0.356 |  101.3s
[cem/score] gen  63 cap   200 | mean     47.69 | elite     67.25 | best     73.61 | |sigma|  0.317 |  104.4s
[cem/score] gen  64 cap   200 | mean     44.75 | elite     66.14 | best     69.46 | |sigma|  0.285 |  107.3s
[cem/score] gen  65 cap   200 | mean     44.88 | elite     66.60 | best     73.88 | |sigma|  0.282 |  110.0s
[cem/score] gen  66 cap   200 | mean     46.27 | elite     65.35 | best     67.34 | |sigma|  0.280 |  113.1s
[cem/score] gen  67 cap   200 | mean     40.69 | elite     65.72 | best     69.22 | |sigma|  0.266 |  115.7s
[cem/score] gen  68 cap   200 | mean     49.93 | elite     65.66 | best     72.21 | |sigma|  0.247 |  118.8s
[cem/score] gen  69 cap   200 | mean     43.20 | elite     67.46 | best     70.38 | |sigma|  0.240 |  121.3s
[cem/score] gen  70 cap   200 | mean     48.96 | elite     67.14 | best     71.42 | |sigma|  0.243 |  125.0s
[cem/score] gen  71 cap   200 | mean     39.68 | elite     65.37 | best     68.72 | |sigma|  0.242 |  127.4s
[cem/score] gen  72 cap   200 | mean     51.42 | elite     67.00 | best     72.50 | |sigma|  0.241 |  130.6s
[cem/score] gen  73 cap   200 | mean     41.76 | elite     65.70 | best     72.46 | |sigma|  0.248 |  133.1s
[cem/score] gen  74 cap   200 | mean     49.33 | elite     69.89 | best     76.76 | |sigma|  0.245 |  135.8s
[cem/score] gen  75 cap   200 | mean     41.88 | elite     67.63 | best     69.08 | |sigma|  0.237 |  138.3s
[cem/score] gen  76 cap   200 | mean     47.66 | elite     69.55 | best     72.84 | |sigma|  0.236 |  141.0s
[cem/score] gen  77 cap   200 | mean     44.40 | elite     68.18 | best     73.09 | |sigma|  0.239 |  143.6s
[cem/score] gen  78 cap   200 | mean     41.37 | elite     69.69 | best     75.16 | |sigma|  0.235 |  146.1s
[cem/score] gen  79 cap   200 | mean     49.43 | elite     68.70 | best     72.31 | |sigma|  0.236 |  148.9s
[cem/score] gen  80 cap   200 | mean     40.94 | elite     68.13 | best     76.59 | |sigma|  0.241 |  151.9s
[cem/score] gen  81 cap   200 | mean     43.53 | elite     65.29 | best     68.19 | |sigma|  0.238 |  154.3s
[cem/score] gen  82 cap   200 | mean     52.08 | elite     71.61 | best     76.14 | |sigma|  0.230 |  157.1s
[cem/score] gen  83 cap   200 | mean     47.79 | elite     68.96 | best     73.91 | |sigma|  0.230 |  160.2s
[cem/score] gen  84 cap   200 | mean     53.96 | elite     70.01 | best     77.03 | |sigma|  0.225 |  163.6s
[cem/score] gen  85 cap   200 | mean     53.05 | elite     70.49 | best     78.94 | |sigma|  0.236 |  166.7s
[cem/score] gen  86 cap   200 | mean     57.59 | elite     72.20 | best     77.43 | |sigma|  0.246 |  169.5s
[cem/score] gen  87 cap   200 | mean     49.17 | elite     70.61 | best     80.06 | |sigma|  0.243 |  171.9s
[cem/score] gen  88 cap   200 | mean     50.82 | elite     71.59 | best     74.00 | |sigma|  0.243 |  174.5s
[cem/score] gen  89 cap   200 | mean     47.38 | elite     70.59 | best     75.62 | |sigma|  0.238 |  177.1s
[cem/score] gen  90 cap   200 | mean     51.81 | elite     70.55 | best     78.16 | |sigma|  0.241 |  180.1s
[cem/score] gen  91 cap   200 | mean     50.17 | elite     70.52 | best     75.38 | |sigma|  0.237 |  182.8s
[cem/score] gen  92 cap   200 | mean     51.29 | elite     71.65 | best     74.69 | |sigma|  0.232 |  185.9s
[cem/score] gen  93 cap   200 | mean     49.87 | elite     74.34 | best     79.12 | |sigma|  0.231 |  189.0s
[cem/score] gen  94 cap   200 | mean     52.03 | elite     71.42 | best     74.46 | |sigma|  0.224 |  191.8s
[cem/score] gen  95 cap   200 | mean     49.35 | elite     71.59 | best     73.31 | |sigma|  0.227 |  195.1s
[cem/score] gen  96 cap   200 | mean     46.76 | elite     71.33 | best     75.53 | |sigma|  0.231 |  197.6s
[cem/score] gen  97 cap   200 | mean     44.85 | elite     73.00 | best     77.38 | |sigma|  0.239 |  200.4s
[cem/score] gen  98 cap   200 | mean     47.52 | elite     69.24 | best     72.41 | |sigma|  0.235 |  203.0s
[cem/score] gen  99 cap   200 | mean     47.96 | elite     73.10 | best     75.06 | |sigma|  0.221 |  205.6s
[cem/score] gen 100 cap   200 | mean     49.26 | elite     71.57 | best     77.39 | |sigma|  0.221 |  208.4s
[cem/score] gen 101 cap   200 | mean     51.53 | elite     71.86 | best     75.88 | |sigma|  0.226 |  211.1s
[cem/score] gen 102 cap   200 | mean     48.14 | elite     73.13 | best     76.75 | |sigma|  0.231 |  213.7s
[cem/score] gen 103 cap   200 | mean     51.92 | elite     71.04 | best     74.50 | |sigma|  0.234 |  217.2s
[cem/score] gen 104 cap   200 | mean     46.43 | elite     67.79 | best     70.03 | |sigma|  0.230 |  219.8s
[cem/score] gen 105 cap   200 | mean     51.23 | elite     71.01 | best     75.66 | |sigma|  0.230 |  222.4s
[cem/score] gen 106 cap   200 | mean     44.94 | elite     70.87 | best     79.06 | |sigma|  0.233 |  225.0s
[cem/score] gen 107 cap   200 | mean     57.58 | elite     74.07 | best     78.66 | |sigma|  0.231 |  228.0s
[cem/score] gen 108 cap   200 | mean     50.55 | elite     71.67 | best     75.16 | |sigma|  0.231 |  230.9s
[cem/score] gen 109 cap   200 | mean     55.12 | elite     76.55 | best     80.62 | |sigma|  0.238 |  233.5s
[cem/score] gen 110 cap   200 | mean     49.73 | elite     73.13 | best     78.88 | |sigma|  0.238 |  236.6s
[cem/score] gen 111 cap   200 | mean     45.75 | elite     71.31 | best     75.53 | |sigma|  0.237 |  238.9s
[cem/score] gen 112 cap   200 | mean     48.83 | elite     70.61 | best     74.55 | |sigma|  0.240 |  241.6s
[cem/score] gen 113 cap   200 | mean     51.60 | elite     72.63 | best     76.48 | |sigma|  0.235 |  244.5s
[cem/score] gen 114 cap   200 | mean     52.44 | elite     74.76 | best     78.03 | |sigma|  0.225 |  247.4s
[cem/score] gen 115 cap   200 | mean     45.44 | elite     74.15 | best     79.50 | |sigma|  0.223 |  249.8s
[cem/score] gen 116 cap   200 | mean     44.34 | elite     71.55 | best     79.31 | |sigma|  0.228 |  252.5s
[cem/score] gen 117 cap   200 | mean     49.60 | elite     70.68 | best     79.19 | |sigma|  0.226 |  255.2s
[cem/score] gen 118 cap   200 | mean     54.75 | elite     71.48 | best     78.50 | |sigma|  0.232 |  258.2s
[cem/score] gen 119 cap   200 | mean     42.72 | elite     70.75 | best     73.29 | |sigma|  0.221 |  260.8s
[cem/score] gen 120 cap   200 | mean     49.90 | elite     72.56 | best     82.61 | |sigma|  0.229 |  262.9s
[cem/score] gen 121 cap   200 | mean     49.06 | elite     68.57 | best     73.09 | |sigma|  0.232 |  266.2s
[cem/score] gen 122 cap   200 | mean     55.17 | elite     73.83 | best     79.44 | |sigma|  0.236 |  268.8s
[cem/score] gen 123 cap   200 | mean     43.79 | elite     72.25 | best     78.03 | |sigma|  0.226 |  271.9s
[cem/score] gen 124 cap   200 | mean     50.33 | elite     71.64 | best     74.90 | |sigma|  0.231 |  274.9s
[cem/score] gen 125 cap   200 | mean     49.41 | elite     74.28 | best     78.13 | |sigma|  0.227 |  278.0s
[cem/score] gen 126 cap   200 | mean     44.17 | elite     74.32 | best     77.28 | |sigma|  0.227 |  280.1s
[cem/score] gen 127 cap   200 | mean     48.73 | elite     73.42 | best     76.98 | |sigma|  0.225 |  283.5s
[cem/score] gen 128 cap   200 | mean     51.02 | elite     73.19 | best     78.50 | |sigma|  0.239 |  286.1s
[cem/score] gen 129 cap   200 | mean     49.83 | elite     72.53 | best     79.69 | |sigma|  0.241 |  289.3s
[cem/score] gen 130 cap   200 | mean     51.42 | elite     74.08 | best     81.00 | |sigma|  0.235 |  291.8s
[cem/score] gen 131 cap   200 | mean     53.36 | elite     75.42 | best     78.56 | |sigma|  0.238 |  294.9s
[cem/score] gen 132 cap   200 | mean     52.37 | elite     76.59 | best     82.00 | |sigma|  0.248 |  297.2s
[cem/score] gen 133 cap   200 | mean     47.99 | elite     72.61 | best     81.88 | |sigma|  0.255 |  300.2s
[cem/score] gen 134 cap   200 | mean     49.25 | elite     71.63 | best     74.56 | |sigma|  0.250 |  302.8s
[cem/score] gen 135 cap   200 | mean     52.42 | elite     72.22 | best     75.31 | |sigma|  0.235 |  306.1s
[cem/score] gen 136 cap   200 | mean     43.75 | elite     75.87 | best     81.88 | |sigma|  0.235 |  308.6s
[cem/score] gen 137 cap   200 | mean     44.74 | elite     72.49 | best     78.56 | |sigma|  0.236 |  311.5s
[cem/score] gen 138 cap   200 | mean     54.57 | elite     73.73 | best     79.53 | |sigma|  0.231 |  314.3s
[cem/score] gen 139 cap   200 | mean     51.39 | elite     75.68 | best     79.79 | |sigma|  0.241 |  317.1s
[cem/score] gen 140 cap   200 | mean     47.00 | elite     74.04 | best     79.25 | |sigma|  0.256 |  319.6s
[cem/score] gen 141 cap   200 | mean     43.80 | elite     70.33 | best     75.56 | |sigma|  0.247 |  322.7s
[cem/score] gen 142 cap   200 | mean     46.48 | elite     73.62 | best     77.23 | |sigma|  0.259 |  325.4s
[cem/score] gen 143 cap   200 | mean     48.06 | elite     73.76 | best     78.28 | |sigma|  0.282 |  327.9s
[cem/score] gen 144 cap   200 | mean     47.55 | elite     74.00 | best     78.16 | |sigma|  0.282 |  330.6s
[cem/score] gen 145 cap   200 | mean     51.04 | elite     73.79 | best     78.70 | |sigma|  0.279 |  333.1s
[cem/score] gen 146 cap   200 | mean     49.44 | elite     73.07 | best     77.44 | |sigma|  0.291 |  335.8s
[cem/score] gen 147 cap   200 | mean     59.03 | elite     74.11 | best     82.47 | |sigma|  0.328 |  340.1s
[cem/score] gen 148 cap   200 | mean     50.32 | elite     74.88 | best     78.69 | |sigma|  0.263 |  342.9s
[cem/score] gen 149 cap   200 | mean     51.05 | elite     73.85 | best     82.03 | |sigma|  0.272 |  345.8s
[cem/score] gen 150 cap   200 | mean     48.40 | elite     74.03 | best     77.12 | |sigma|  0.313 |  348.7s
[cem/score] gen 151 cap   200 | mean     57.75 | elite     71.63 | best     73.28 | |sigma|  0.265 |  352.0s
[cem/score] gen 152 cap   200 | mean     54.03 | elite     72.46 | best     77.30 | |sigma|  0.257 |  356.0s
[cem/score] gen 153 cap   200 | mean     56.62 | elite     71.70 | best     76.22 | |sigma|  0.248 |  358.8s
[cem/score] gen 154 cap   200 | mean     59.50 | elite     75.36 | best     79.66 | |sigma|  0.238 |  361.8s
[cem/score] gen 155 cap   200 | mean     51.13 | elite     72.65 | best     75.36 | |sigma|  0.232 |  365.3s
[cem/score] gen 156 cap   200 | mean     56.96 | elite     73.73 | best     79.84 | |sigma|  0.235 |  368.3s
[cem/score] gen 157 cap   200 | mean     59.92 | elite     73.99 | best     79.37 | |sigma|  0.224 |  372.1s
[cem/score] gen 158 cap   200 | mean     55.10 | elite     72.49 | best     78.66 | |sigma|  0.227 |  374.8s
[cem/score] gen 159 cap   200 | mean     54.35 | elite     72.42 | best     78.77 | |sigma|  0.226 |  377.5s
[cem/score] gen 160 cap   200 | mean     48.08 | elite     74.54 | best     81.02 | |sigma|  0.232 |  380.1s
[cem/score] gen 161 cap   200 | mean     50.07 | elite     74.95 | best     78.19 | |sigma|  0.240 |  383.7s
[cem/score] gen 162 cap   200 | mean     50.18 | elite     72.91 | best     78.91 | |sigma|  0.250 |  386.4s
[cem/score] gen 163 cap   200 | mean     50.57 | elite     71.65 | best     75.44 | |sigma|  0.238 |  389.5s
[cem/score] gen 164 cap   200 | mean     54.25 | elite     75.67 | best     81.34 | |sigma|  0.235 |  392.3s
[cem/score] gen 165 cap   200 | mean     46.99 | elite     74.70 | best     80.45 | |sigma|  0.234 |  395.3s
[cem/score] gen 166 cap   200 | mean     48.96 | elite     73.19 | best     78.03 | |sigma|  0.230 |  398.0s
[cem/score] gen 167 cap   200 | mean     42.27 | elite     69.50 | best     80.97 | |sigma|  0.223 |  401.4s
[cem/score] gen 168 cap   200 | mean     53.62 | elite     73.21 | best     82.49 | |sigma|  0.224 |  404.1s
[cem/score] gen 169 cap   200 | mean     41.41 | elite     73.11 | best     77.77 | |sigma|  0.224 |  407.0s
[cem/score] gen 170 cap   200 | mean     36.92 | elite     71.06 | best     75.91 | |sigma|  0.233 |  409.2s
[cem/score] gen 171 cap   200 | mean     55.37 | elite     74.52 | best     80.12 | |sigma|  0.238 |  413.0s
[cem/score] gen 172 cap   200 | mean     43.04 | elite     71.13 | best     80.81 | |sigma|  0.227 |  415.8s
[cem/score] gen 173 cap   200 | mean     57.62 | elite     73.19 | best     78.53 | |sigma|  0.226 |  418.9s
[cem/score] gen 174 cap   200 | mean     56.73 | elite     74.45 | best     80.16 | |sigma|  0.229 |  422.0s
[cem/score] gen 175 cap   200 | mean     47.14 | elite     71.11 | best     73.13 | |sigma|  0.228 |  424.8s
[cem/score] gen 176 cap   200 | mean     47.66 | elite     72.84 | best     77.50 | |sigma|  0.229 |  427.3s
[cem/score] gen 177 cap   200 | mean     42.74 | elite     70.34 | best     76.88 | |sigma|  0.236 |  430.7s
[cem/score] gen 178 cap   200 | mean     46.91 | elite     71.55 | best     73.97 | |sigma|  0.240 |  433.4s
[cem/score] gen 179 cap   200 | mean     48.27 | elite     70.80 | best     80.69 | |sigma|  0.234 |  436.5s
[cem/score] gen 180 cap   200 | mean     52.50 | elite     72.08 | best     75.13 | |sigma|  0.228 |  439.6s
[cem/score] gen 181 cap   200 | mean     49.44 | elite     72.25 | best     77.23 | |sigma|  0.229 |  442.2s
[cem/score] gen 182 cap   200 | mean     48.67 | elite     72.28 | best     77.47 | |sigma|  0.236 |  444.9s
[cem/score] gen 183 cap   200 | mean     51.26 | elite     73.11 | best     75.53 | |sigma|  0.231 |  448.2s
[cem/score] gen 184 cap   200 | mean     55.07 | elite     72.45 | best     75.94 | |sigma|  0.249 |  451.1s
[cem/score] gen 185 cap   200 | mean     56.95 | elite     75.37 | best     79.65 | |sigma|  0.257 |  454.6s
[cem/score] gen 186 cap   200 | mean     49.30 | elite     72.52 | best     74.84 | |sigma|  0.256 |  457.2s
[cem/score] gen 187 cap   200 | mean     46.50 | elite     71.57 | best     74.19 | |sigma|  0.263 |  459.7s
[cem/score] gen 188 cap   200 | mean     43.72 | elite     73.11 | best     77.31 | |sigma|  0.269 |  461.9s
[cem/score] gen 189 cap   200 | mean     53.38 | elite     72.98 | best     80.28 | |sigma|  0.270 |  464.7s
[cem/score] gen 190 cap   200 | mean     53.80 | elite     73.27 | best     78.22 | |sigma|  0.269 |  467.7s
[cem/score] gen 191 cap   200 | mean     57.25 | elite     74.50 | best     80.44 | |sigma|  0.240 |  470.7s
[cem/score] gen 192 cap   200 | mean     54.45 | elite     73.83 | best     79.97 | |sigma|  0.238 |  473.3s
[cem/score] gen 193 cap   200 | mean     46.24 | elite     75.52 | best     79.62 | |sigma|  0.233 |  475.6s
[cem/score] gen 194 cap   200 | mean     55.10 | elite     76.00 | best     81.06 | |sigma|  0.239 |  479.1s
[cem/score] gen 195 cap   200 | mean     56.83 | elite     74.42 | best     80.97 | |sigma|  0.242 |  482.2s
[cem/score] gen 196 cap   200 | mean     56.34 | elite     74.32 | best     77.55 | |sigma|  0.244 |  485.0s
[cem/score] gen 197 cap   200 | mean     49.57 | elite     71.35 | best     76.97 | |sigma|  0.238 |  487.6s
[cem/score] gen 198 cap   200 | mean     61.16 | elite     75.39 | best     78.38 | |sigma|  0.232 |  490.4s
[cem/score] gen 199 cap   200 | mean     55.72 | elite     73.51 | best     78.59 | |sigma|  0.225 |  493.2s
[cem/score] gen 200 cap   200 | mean     50.33 | elite     72.94 | best     76.34 | |sigma|  0.226 |  496.1s
[cem/score] gen 201 cap   200 | mean     46.27 | elite     72.85 | best     77.91 | |sigma|  0.228 |  498.7s
[cem/score] gen 202 cap   200 | mean     50.31 | elite     73.51 | best     79.75 | |sigma|  0.221 |  501.2s
[cem/score] gen 203 cap   200 | mean     47.26 | elite     72.95 | best     82.06 | |sigma|  0.225 |  503.8s
[cem/score] gen 204 cap   200 | mean     47.20 | elite     73.96 | best     78.16 | |sigma|  0.227 |  506.4s
[cem/score] gen 205 cap   200 | mean     50.33 | elite     73.35 | best     79.83 | |sigma|  0.226 |  508.9s
[cem/score] gen 206 cap   200 | mean     53.38 | elite     73.93 | best     78.83 | |sigma|  0.230 |  511.5s
[cem/score] gen 207 cap   200 | mean     54.25 | elite     73.10 | best     76.66 | |sigma|  0.227 |  514.3s
[cem/score] gen 208 cap   200 | mean     49.57 | elite     75.52 | best     81.78 | |sigma|  0.239 |  517.5s
[cem/score] gen 209 cap   200 | mean     50.91 | elite     75.18 | best     80.12 | |sigma|  0.253 |  520.9s
[cem/score] gen 210 cap   200 | mean     48.95 | elite     71.55 | best     75.47 | |sigma|  0.252 |  523.6s
[cem/score] gen 211 cap   200 | mean     54.99 | elite     74.19 | best     78.50 | |sigma|  0.241 |  526.3s
[cem/score] gen 212 cap   200 | mean     46.19 | elite     72.47 | best     78.56 | |sigma|  0.236 |  529.2s
[cem/score] gen 213 cap   200 | mean     50.37 | elite     72.97 | best     80.25 | |sigma|  0.231 |  531.8s
[cem/score] gen 214 cap   200 | mean     54.43 | elite     75.79 | best     79.20 | |sigma|  0.236 |  534.9s
[cem/score] gen 215 cap   200 | mean     46.62 | elite     71.88 | best     76.79 | |sigma|  0.236 |  537.4s
[cem/score] gen 216 cap   200 | mean     55.36 | elite     74.88 | best     80.66 | |sigma|  0.234 |  539.9s
[cem/score] gen 217 cap   200 | mean     50.63 | elite     71.87 | best     77.75 | |sigma|  0.243 |  542.8s
[cem/score] gen 218 cap   200 | mean     55.72 | elite     76.15 | best     80.26 | |sigma|  0.245 |  545.5s
[cem/score] gen 219 cap   200 | mean     49.57 | elite     72.57 | best     75.66 | |sigma|  0.237 |  548.0s
[cem/score] gen 220 cap   200 | mean     46.34 | elite     71.16 | best     76.28 | |sigma|  0.232 |  550.1s
[cem/score] gen 221 cap   200 | mean     49.23 | elite     74.97 | best     80.57 | |sigma|  0.243 |  552.5s
[cem/score] gen 222 cap   200 | mean     52.80 | elite     72.13 | best     75.91 | |sigma|  0.246 |  555.5s
[cem/score] gen 223 cap   200 | mean     55.74 | elite     75.44 | best     78.66 | |sigma|  0.245 |  558.2s
[cem/score] gen 224 cap   200 | mean     45.02 | elite     71.86 | best     75.75 | |sigma|  0.240 |  560.4s
[cem/score] gen 225 cap   200 | mean     47.01 | elite     72.34 | best     76.12 | |sigma|  0.237 |  562.8s
[cem/score] gen 226 cap   200 | mean     48.74 | elite     72.00 | best     77.56 | |sigma|  0.233 |  565.1s
[cem/score] gen 227 cap   200 | mean     50.59 | elite     74.39 | best     78.07 | |sigma|  0.233 |  568.2s
[cem/score] gen 228 cap   200 | mean     48.62 | elite     75.60 | best     81.05 | |sigma|  0.227 |  570.8s
[cem/score] gen 229 cap   200 | mean     50.30 | elite     76.85 | best     82.31 | |sigma|  0.229 |  573.2s
[cem/score] gen 230 cap   200 | mean     49.77 | elite     71.38 | best     74.02 | |sigma|  0.236 |  575.7s
[cem/score] gen 231 cap   200 | mean     51.20 | elite     73.01 | best     78.80 | |sigma|  0.232 |  578.2s
[cem/score] gen 232 cap   200 | mean     45.06 | elite     71.79 | best     75.47 | |sigma|  0.238 |  580.8s
[cem/score] gen 233 cap   200 | mean     44.05 | elite     71.66 | best     77.47 | |sigma|  0.235 |  583.9s
[cem/score] gen 234 cap   200 | mean     44.80 | elite     74.56 | best     82.06 | |sigma|  0.231 |  586.4s
[cem/score] gen 235 cap   200 | mean     50.77 | elite     74.01 | best     77.16 | |sigma|  0.225 |  589.2s
[cem/score] gen 236 cap   200 | mean     57.49 | elite     74.89 | best     79.52 | |sigma|  0.227 |  591.9s
[cem/score] gen 237 cap   200 | mean     53.12 | elite     76.51 | best     80.72 | |sigma|  0.225 |  594.9s
[cem/score] gen 238 cap   200 | mean     46.25 | elite     72.48 | best     78.97 | |sigma|  0.225 |  597.5s
[cem/score] gen 239 cap   200 | mean     48.62 | elite     73.37 | best     77.56 | |sigma|  0.230 |  600.2s
[cem/score] gen 240 cap   200 | mean     48.35 | elite     75.49 | best     79.44 | |sigma|  0.223 |  602.6s
[cem/score] gen 241 cap   200 | mean     44.48 | elite     73.09 | best     78.12 | |sigma|  0.229 |  604.9s
[cem/score] gen 242 cap   200 | mean     50.78 | elite     71.56 | best     76.56 | |sigma|  0.230 |  607.8s
[cem/score] gen 243 cap   200 | mean     44.06 | elite     70.02 | best     78.81 | |sigma|  0.227 |  610.6s
[cem/score] gen 244 cap   200 | mean     47.30 | elite     70.86 | best     73.97 | |sigma|  0.228 |  613.0s
[cem/score] gen 245 cap   200 | mean     50.62 | elite     72.96 | best     76.71 | |sigma|  0.221 |  615.7s
[cem/score] gen 246 cap   200 | mean     45.42 | elite     74.02 | best     82.10 | |sigma|  0.229 |  617.9s
[cem/score] gen 247 cap   200 | mean     44.72 | elite     70.97 | best     74.88 | |sigma|  0.224 |  619.8s
[cem/score] gen 248 cap   200 | mean     47.01 | elite     70.21 | best     76.44 | |sigma|  0.221 |  622.8s
[cem/score] gen 249 cap   200 | mean     48.16 | elite     70.53 | best     77.84 | |sigma|  0.221 |  625.2s
[cem/score] gen 250 cap   200 | mean     58.17 | elite     71.68 | best     73.98 | |sigma|  0.222 |  628.1s
[cem/score] gen 251 cap   200 | mean     53.98 | elite     72.36 | best     77.06 | |sigma|  0.227 |  630.7s
[cem/score] gen 252 cap   200 | mean     51.25 | elite     73.92 | best     79.44 | |sigma|  0.233 |  633.2s
[cem/score] gen 253 cap   200 | mean     48.90 | elite     73.47 | best     83.34 | |sigma|  0.225 |  636.0s
[cem/score] gen 254 cap   200 | mean     47.02 | elite     72.14 | best     77.93 | |sigma|  0.231 |  638.8s
[cem/score] gen 255 cap   200 | mean     52.34 | elite     72.24 | best     78.25 | |sigma|  0.227 |  641.5s
[cem/score] gen 256 cap   200 | mean     52.33 | elite     74.63 | best     79.50 | |sigma|  0.220 |  644.1s
[cem/score] gen 257 cap   200 | mean     47.43 | elite     74.04 | best     81.56 | |sigma|  0.220 |  646.4s
[cem/score] gen 258 cap   200 | mean     45.79 | elite     74.14 | best     76.62 | |sigma|  0.221 |  648.6s
[cem/score] gen 259 cap   200 | mean     50.76 | elite     73.72 | best     76.94 | |sigma|  0.227 |  652.4s
[cem/score] gen 260 cap   200 | mean     58.61 | elite     73.94 | best     78.03 | |sigma|  0.227 |  655.1s
[cem/score] gen 261 cap   200 | mean     51.55 | elite     71.88 | best     74.95 | |sigma|  0.231 |  657.6s
[cem/score] gen 262 cap   200 | mean     46.53 | elite     74.68 | best     80.44 | |sigma|  0.234 |  660.0s
[cem/score] gen 263 cap   200 | mean     49.58 | elite     73.32 | best     78.91 | |sigma|  0.244 |  662.5s
[cem/score] gen 264 cap   200 | mean     45.97 | elite     74.87 | best     79.06 | |sigma|  0.241 |  665.1s
[cem/score] gen 265 cap   200 | mean     46.37 | elite     73.57 | best     79.44 | |sigma|  0.252 |  667.6s
[cem/score] gen 266 cap   200 | mean     51.55 | elite     72.11 | best     76.37 | |sigma|  0.263 |  670.1s
[cem/score] gen 267 cap   200 | mean     54.60 | elite     73.68 | best     79.31 | |sigma|  0.261 |  672.6s
[cem/score] gen 268 cap   200 | mean     44.08 | elite     74.67 | best     79.35 | |sigma|  0.258 |  674.8s
[cem/score] gen 269 cap   200 | mean     48.69 | elite     74.44 | best     77.41 | |sigma|  0.251 |  677.4s
[cem/score] gen 270 cap   200 | mean     48.23 | elite     73.98 | best     78.22 | |sigma|  0.242 |  679.9s
[cem/score] gen 271 cap   200 | mean     55.81 | elite     72.85 | best     75.87 | |sigma|  0.228 |  682.7s
[cem/score] gen 272 cap   200 | mean     53.11 | elite     72.91 | best     80.91 | |sigma|  0.229 |  685.2s
[cem/score] gen 273 cap   200 | mean     49.19 | elite     72.26 | best     79.56 | |sigma|  0.234 |  687.9s
[cem/score] gen 274 cap   200 | mean     54.62 | elite     74.87 | best     78.99 | |sigma|  0.235 |  690.9s
[cem/score] gen 275 cap   200 | mean     51.96 | elite     76.41 | best     81.59 | |sigma|  0.234 |  693.7s
[cem/score] gen 276 cap   200 | mean     50.93 | elite     73.46 | best     79.86 | |sigma|  0.228 |  696.2s
[cem/score] gen 277 cap   200 | mean     58.46 | elite     74.14 | best     78.56 | |sigma|  0.223 |  698.9s
[cem/score] gen 278 cap   200 | mean     53.25 | elite     73.35 | best     78.09 | |sigma|  0.226 |  701.5s
[cem/score] gen 279 cap   200 | mean     55.03 | elite     75.18 | best     79.69 | |sigma|  0.227 |  704.1s
[cem/score] gen 280 cap   200 | mean     45.12 | elite     75.41 | best     84.09 | |sigma|  0.224 |  706.3s
[cem/score] gen 281 cap   200 | mean     58.77 | elite     77.25 | best     80.31 | |sigma|  0.223 |  709.1s
[cem/score] gen 282 cap   200 | mean     48.64 | elite     75.71 | best     84.20 | |sigma|  0.222 |  711.6s
[cem/score] gen 283 cap   200 | mean     48.10 | elite     74.69 | best     79.66 | |sigma|  0.221 |  713.8s
[cem/score] gen 284 cap   200 | mean     52.89 | elite     72.32 | best     73.78 | |sigma|  0.224 |  716.2s
[cem/score] gen 285 cap   200 | mean     51.23 | elite     72.48 | best     76.90 | |sigma|  0.229 |  718.3s
[cem/score] gen 286 cap   200 | mean     45.73 | elite     72.63 | best     74.78 | |sigma|  0.234 |  720.2s
[cem/score] gen 287 cap   200 | mean     55.81 | elite     74.74 | best     79.94 | |sigma|  0.232 |  722.6s
[cem/score] gen 288 cap   200 | mean     43.61 | elite     71.77 | best     75.19 | |sigma|  0.227 |  724.2s
[cem/score] gen 289 cap   200 | mean     46.64 | elite     69.18 | best     72.18 | |sigma|  0.222 |  726.8s
[cem/score] gen 290 cap   200 | mean     52.98 | elite     74.13 | best     81.19 | |sigma|  0.222 |  730.0s
[cem/score] gen 291 cap   200 | mean     56.05 | elite     72.88 | best     74.12 | |sigma|  0.223 |  732.7s
[cem/score] gen 292 cap   200 | mean     49.44 | elite     75.15 | best     78.47 | |sigma|  0.212 |  735.1s
[cem/score] gen 293 cap   200 | mean     47.49 | elite     71.87 | best     75.22 | |sigma|  0.217 |  737.4s
[cem/score] gen 294 cap   200 | mean     51.40 | elite     72.90 | best     77.70 | |sigma|  0.224 |  739.9s
[cem/score] gen 295 cap   200 | mean     47.75 | elite     73.72 | best     79.84 | |sigma|  0.216 |  741.9s
[cem/score] gen 296 cap   200 | mean     59.57 | elite     70.12 | best     75.53 | |sigma|  0.216 |  744.5s
[cem/score] gen 297 cap   200 | mean     57.94 | elite     73.63 | best     78.16 | |sigma|  0.219 |  747.1s
[cem/score] gen 298 cap   200 | mean     61.13 | elite     74.70 | best     79.50 | |sigma|  0.221 |  749.8s
[cem/score] gen 299 cap   200 | mean     51.99 | elite     70.57 | best     74.31 | |sigma|  0.225 |  752.1s
[cem/score] gen 300 cap   200 | mean     54.74 | elite     72.43 | best     75.97 | |sigma|  0.225 |  754.7s
[cem/score] gen 301 cap   200 | mean     57.67 | elite     74.43 | best     79.22 | |sigma|  0.231 |  757.2s
[cem/score] gen 302 cap   200 | mean     48.35 | elite     73.19 | best     79.78 | |sigma|  0.230 |  759.2s
[cem/score] gen 303 cap   200 | mean     49.46 | elite     74.05 | best     76.96 | |sigma|  0.228 |  761.3s
[cem/score] gen 304 cap   200 | mean     50.54 | elite     74.04 | best     79.43 | |sigma|  0.230 |  764.7s
[cem/score] gen 305 cap   200 | mean     54.33 | elite     75.74 | best     79.81 | |sigma|  0.232 |  768.2s
[cem/score] gen 306 cap   200 | mean     52.72 | elite     70.84 | best     74.09 | |sigma|  0.236 |  771.3s
[cem/score] gen 307 cap   200 | mean     48.60 | elite     72.47 | best     75.38 | |sigma|  0.240 |  774.6s
[cem/score] gen 308 cap   200 | mean     50.44 | elite     73.08 | best     74.97 | |sigma|  0.229 |  777.5s
[cem/score] gen 309 cap   200 | mean     51.27 | elite     72.32 | best     75.36 | |sigma|  0.237 |  780.4s
[cem/score] gen 310 cap   200 | mean     47.68 | elite     74.35 | best     78.86 | |sigma|  0.243 |  783.1s
[cem/score] gen 311 cap   200 | mean     50.43 | elite     73.43 | best     78.42 | |sigma|  0.238 |  785.7s
[cem/score] gen 312 cap   200 | mean     53.23 | elite     70.57 | best     73.25 | |sigma|  0.243 |  788.2s
[cem/score] gen 313 cap   200 | mean     49.96 | elite     71.19 | best     76.91 | |sigma|  0.250 |  790.6s
[cem/score] gen 314 cap   200 | mean     54.53 | elite     76.25 | best     80.74 | |sigma|  0.236 |  793.2s
[cem/score] gen 315 cap   200 | mean     48.29 | elite     72.05 | best     79.41 | |sigma|  0.238 |  795.3s
[cem/score] gen 316 cap   200 | mean     49.60 | elite     70.89 | best     79.28 | |sigma|  0.233 |  797.8s
[cem/score] gen 317 cap   200 | mean     53.69 | elite     72.89 | best     76.59 | |sigma|  0.226 |  800.0s
[cem/score] gen 318 cap   200 | mean     51.34 | elite     73.27 | best     77.24 | |sigma|  0.227 |  802.4s
[cem/score] gen 319 cap   200 | mean     57.10 | elite     71.74 | best     75.50 | |sigma|  0.228 |  804.8s
[cem/score] gen 320 cap   200 | mean     54.60 | elite     72.22 | best     77.56 | |sigma|  0.229 |  807.0s
[cem/score] gen 321 cap   200 | mean     50.67 | elite     75.07 | best     79.94 | |sigma|  0.236 |  810.5s
[cem/score] gen 322 cap   200 | mean     49.46 | elite     75.29 | best     81.65 | |sigma|  0.231 |  813.6s
[cem/score] gen 323 cap   200 | mean     55.76 | elite     71.64 | best     74.68 | |sigma|  0.238 |  816.8s
[cem/score] gen 324 cap   200 | mean     54.04 | elite     73.62 | best     76.24 | |sigma|  0.241 |  819.9s
[cem/score] gen 325 cap   200 | mean     52.11 | elite     73.61 | best     82.34 | |sigma|  0.251 |  823.0s
[cem/score] gen 326 cap   200 | mean     52.23 | elite     72.78 | best     76.78 | |sigma|  0.255 |  825.6s
[cem/score] gen 327 cap   500 | mean     47.48 | elite     72.61 | best     75.87 | |sigma|  0.257 |  830.3s
[cem/score] gen 328 cap   500 | mean     52.58 | elite     73.62 | best     85.74 | |sigma|  0.260 |  835.1s
[cem/score] gen 329 cap   500 | mean     49.70 | elite     74.48 | best     78.29 | |sigma|  0.247 |  840.1s
[cem/score] gen 330 cap   500 | mean     49.51 | elite     73.76 | best     79.42 | |sigma|  0.246 |  844.4s
[cem/score] gen 331 cap   500 | mean     53.83 | elite     73.51 | best     75.63 | |sigma|  0.243 |  849.0s
[cem/score] gen 332 cap   500 | mean     55.39 | elite     73.05 | best     79.18 | |sigma|  0.245 |  854.0s
[cem/score] gen 333 cap   500 | mean     58.30 | elite     73.27 | best     76.33 | |sigma|  0.246 |  861.4s
[cem/score] gen 334 cap   500 | mean     56.28 | elite     74.56 | best     78.63 | |sigma|  0.239 |  868.3s
[cem/score] gen 335 cap   500 | mean     47.46 | elite     73.91 | best     81.08 | |sigma|  0.236 |  873.9s
[cem/score] gen 336 cap   500 | mean     53.79 | elite     75.03 | best     77.90 | |sigma|  0.231 |  879.3s
[cem/score] gen 337 cap   500 | mean     53.55 | elite     73.45 | best     75.54 | |sigma|  0.235 |  884.7s
[cem/score] gen 338 cap   500 | mean     54.21 | elite     73.37 | best     79.68 | |sigma|  0.238 |  889.9s
[cem/score] gen 339 cap   500 | mean     52.24 | elite     74.79 | best     78.18 | |sigma|  0.235 |  894.3s
[cem/score] gen 340 cap   500 | mean     50.70 | elite     73.40 | best     76.12 | |sigma|  0.230 |  900.3s
[cem/score] gen 341 cap   500 | mean     51.21 | elite     75.64 | best     78.88 | |sigma|  0.231 |  905.3s
[cem/score] gen 342 cap   500 | mean     46.46 | elite     77.07 | best     81.18 | |sigma|  0.232 |  910.1s
[cem/score] gen 343 cap   500 | mean     54.54 | elite     75.73 | best     80.33 | |sigma|  0.227 |  915.5s
[cem/score] gen 344 cap   500 | mean     45.28 | elite     74.83 | best     79.94 | |sigma|  0.235 |  919.5s
[cem/score] gen 345 cap   500 | mean     55.21 | elite     72.86 | best     75.27 | |sigma|  0.230 |  925.0s
[cem/score] gen 346 cap   500 | mean     56.16 | elite     76.43 | best     81.45 | |sigma|  0.227 |  929.7s
[cem/score] gen 347 cap   500 | mean     53.29 | elite     75.89 | best     79.77 | |sigma|  0.231 |  934.2s
[cem/score] gen 348 cap   500 | mean     57.72 | elite     76.83 | best     78.71 | |sigma|  0.224 |  938.8s
[cem/score] gen 349 cap   500 | mean     58.92 | elite     74.67 | best     76.63 | |sigma|  0.220 |  943.4s
[cem/score] gen 350 cap   500 | mean     56.92 | elite     76.17 | best     78.02 | |sigma|  0.211 |  947.6s
[cem/score] gen 351 cap   500 | mean     52.20 | elite     74.85 | best     77.75 | |sigma|  0.217 |  951.2s
[cem/score] gen 352 cap   500 | mean     57.10 | elite     75.67 | best     77.82 | |sigma|  0.217 |  955.4s
[cem/score] gen 353 cap   500 | mean     50.47 | elite     72.94 | best     75.93 | |sigma|  0.223 |  959.1s
[cem/score] gen 354 cap   500 | mean     44.82 | elite     71.53 | best     76.97 | |sigma|  0.230 |  962.6s
[cem/score] gen 355 cap   500 | mean     58.78 | elite     73.36 | best     77.20 | |sigma|  0.232 |  967.2s
[cem/score] gen 356 cap   500 | mean     52.22 | elite     73.91 | best     78.59 | |sigma|  0.230 |  970.8s
[cem/score] gen 357 cap   500 | mean     51.60 | elite     74.47 | best     82.56 | |sigma|  0.235 |  974.5s
[cem/score] gen 358 cap   500 | mean     52.12 | elite     73.80 | best     76.68 | |sigma|  0.228 |  978.3s
[cem/score] gen 359 cap   500 | mean     56.59 | elite     73.95 | best     75.76 | |sigma|  0.225 |  982.4s
[cem/score] gen 360 cap   500 | mean     57.07 | elite     75.01 | best     77.24 | |sigma|  0.222 |  986.5s
[cem/score] gen 361 cap   500 | mean     52.53 | elite     74.34 | best     81.50 | |sigma|  0.217 |  990.2s
[cem/score] gen 362 cap   500 | mean     53.57 | elite     74.09 | best     77.48 | |sigma|  0.222 |  994.0s
[cem/score] gen 363 cap   500 | mean     47.44 | elite     74.06 | best     77.81 | |sigma|  0.219 |  997.5s
[cem/score] gen 364 cap   500 | mean     44.01 | elite     75.16 | best     79.14 | |sigma|  0.226 | 1000.9s
[cem/score] gen 365 cap   500 | mean     54.30 | elite     74.81 | best     79.96 | |sigma|  0.226 | 1004.7s
[cem/score] gen 366 cap   500 | mean     51.25 | elite     72.14 | best     77.70 | |sigma|  0.223 | 1008.3s
[cem/score] gen 367 cap   500 | mean     56.77 | elite     74.06 | best     78.06 | |sigma|  0.227 | 1012.9s
[cem/score] gen 368 cap   500 | mean     55.19 | elite     75.21 | best     80.15 | |sigma|  0.222 | 1016.9s
[cem/score] gen 369 cap   500 | mean     54.08 | elite     74.69 | best     78.01 | |sigma|  0.237 | 1020.7s
[cem/score] gen 370 cap   500 | mean     50.17 | elite     71.35 | best     74.32 | |sigma|  0.240 | 1024.4s
[cem/score] gen 371 cap   500 | mean     53.00 | elite     73.27 | best     77.38 | |sigma|  0.237 | 1028.1s
[cem/score] gen 372 cap   500 | mean     48.06 | elite     72.90 | best     76.77 | |sigma|  0.241 | 1031.8s
[cem/score] gen 373 cap   500 | mean     53.22 | elite     70.23 | best     73.84 | |sigma|  0.242 | 1036.2s
[cem/score] gen 374 cap   500 | mean     55.42 | elite     73.95 | best     78.22 | |sigma|  0.233 | 1040.2s
[cem/score] gen 375 cap   500 | mean     48.09 | elite     75.26 | best     78.44 | |sigma|  0.235 | 1043.8s
[cem/score] gen 376 cap   500 | mean     55.57 | elite     73.79 | best     76.34 | |sigma|  0.229 | 1048.0s
[cem/score] gen 377 cap   500 | mean     50.33 | elite     74.67 | best     78.40 | |sigma|  0.234 | 1051.6s
[cem/score] gen 378 cap   500 | mean     51.62 | elite     75.06 | best     81.55 | |sigma|  0.236 | 1055.1s
[cem/score] gen 379 cap   500 | mean     52.70 | elite     73.99 | best     79.88 | |sigma|  0.248 | 1059.1s
[cem/score] gen 380 cap   500 | mean     56.21 | elite     73.81 | best     75.82 | |sigma|  0.242 | 1063.1s
[cem/score] gen 381 cap   500 | mean     58.76 | elite     74.08 | best     76.41 | |sigma|  0.234 | 1067.8s
[cem/score] gen 382 cap   500 | mean     60.58 | elite     74.74 | best     83.02 | |sigma|  0.229 | 1073.0s
[cem/score] gen 383 cap   500 | mean     55.73 | elite     74.32 | best     78.53 | |sigma|  0.238 | 1077.0s
[cem/score] gen 384 cap   500 | mean     53.48 | elite     73.62 | best     78.20 | |sigma|  0.240 | 1081.0s
[cem/score] gen 385 cap   500 | mean     57.43 | elite     72.66 | best     74.15 | |sigma|  0.239 | 1085.3s
[cem/score] gen 386 cap   500 | mean     62.45 | elite     73.21 | best     77.08 | |sigma|  0.241 | 1090.5s
[cem/score] gen 387 cap   500 | mean     57.72 | elite     75.41 | best     77.85 | |sigma|  0.229 | 1094.6s
[cem/score] gen 388 cap   500 | mean     55.69 | elite     72.69 | best     75.32 | |sigma|  0.219 | 1098.6s
[cem/score] gen 389 cap   500 | mean     56.61 | elite     74.72 | best     76.41 | |sigma|  0.226 | 1103.1s
[cem/score] gen 390 cap   500 | mean     52.25 | elite     72.70 | best     76.53 | |sigma|  0.228 | 1107.0s
[cem/score] gen 391 cap   500 | mean     57.34 | elite     75.56 | best     78.39 | |sigma|  0.235 | 1111.5s
[cem/score] gen 392 cap   500 | mean     62.89 | elite     73.38 | best     77.24 | |sigma|  0.237 | 1117.0s
[cem/score] gen 393 cap   500 | mean     59.72 | elite     76.11 | best     80.61 | |sigma|  0.239 | 1121.4s
[cem/score] gen 394 cap   500 | mean     51.66 | elite     74.57 | best     77.91 | |sigma|  0.231 | 1124.9s
[cem/score] gen 395 cap   500 | mean     58.63 | elite     74.87 | best     77.96 | |sigma|  0.232 | 1129.2s
[cem/score] gen 396 cap   500 | mean     57.58 | elite     74.78 | best     77.80 | |sigma|  0.233 | 1133.5s
[cem/score] gen 397 cap   500 | mean     57.05 | elite     76.46 | best     79.87 | |sigma|  0.240 | 1137.4s
[cem/score] gen 398 cap   500 | mean     56.59 | elite     74.66 | best     77.69 | |sigma|  0.238 | 1141.8s
[cem/score] gen 399 cap   500 | mean     56.23 | elite     73.59 | best     78.10 | |sigma|  0.237 | 1146.1s
[cem/score] gen 400 cap   500 | mean     51.57 | elite     73.48 | best     76.67 | |sigma|  0.229 | 1149.8s
[cem/score] gen 401 cap   500 | mean     56.36 | elite     75.45 | best     80.28 | |sigma|  0.226 | 1153.9s
[cem/score] gen 402 cap   500 | mean     57.78 | elite     75.20 | best     78.42 | |sigma|  0.224 | 1157.9s
[cem/score] gen 403 cap   500 | mean     48.44 | elite     74.39 | best     79.28 | |sigma|  0.234 | 1161.6s
[cem/score] gen 404 cap   500 | mean     50.77 | elite     74.21 | best     79.58 | |sigma|  0.229 | 1165.3s
[cem/score] gen 405 cap   500 | mean     53.87 | elite     74.28 | best     77.05 | |sigma|  0.233 | 1169.1s
[cem/score] gen 406 cap   500 | mean     52.13 | elite     73.15 | best     77.76 | |sigma|  0.228 | 1172.9s
[cem/score] gen 407 cap   500 | mean     52.24 | elite     72.46 | best     76.68 | |sigma|  0.231 | 1176.9s
[cem/score] gen 408 cap   500 | mean     60.82 | elite     75.39 | best     78.86 | |sigma|  0.232 | 1181.9s
[cem/score] gen 409 cap   500 | mean     54.52 | elite     74.56 | best     78.89 | |sigma|  0.239 | 1185.7s
[cem/score] gen 410 cap   500 | mean     57.59 | elite     74.02 | best     79.92 | |sigma|  0.229 | 1189.7s
[cem/score] gen 411 cap   500 | mean     60.49 | elite     76.06 | best     80.52 | |sigma|  0.236 | 1194.0s
[cem/score] gen 412 cap   500 | mean     54.45 | elite     74.24 | best     76.96 | |sigma|  0.234 | 1198.0s
[cem/score] gen 413 cap   500 | mean     56.05 | elite     75.22 | best     77.36 | |sigma|  0.234 | 1201.9s
[cem/score] gen 414 cap   500 | mean     51.17 | elite     73.45 | best     76.99 | |sigma|  0.234 | 1205.6s
[cem/score] gen 415 cap   500 | mean     61.91 | elite     75.73 | best     77.46 | |sigma|  0.236 | 1210.9s
[cem/score] gen 416 cap   500 | mean     51.70 | elite     72.85 | best     77.70 | |sigma|  0.231 | 1214.7s
[cem/score] gen 417 cap   500 | mean     50.37 | elite     74.75 | best     78.19 | |sigma|  0.231 | 1218.6s
[cem/score] gen 418 cap   500 | mean     48.59 | elite     72.36 | best     74.39 | |sigma|  0.222 | 1222.1s
[cem/score] gen 419 cap   500 | mean     59.34 | elite     75.34 | best     77.58 | |sigma|  0.224 | 1226.6s
[cem/score] gen 420 cap   500 | mean     54.67 | elite     74.95 | best     78.35 | |sigma|  0.227 | 1230.7s
[cem/score] gen 421 cap   500 | mean     61.41 | elite     76.62 | best     79.25 | |sigma|  0.225 | 1235.8s
[cem/score] gen 422 cap   500 | mean     50.86 | elite     73.82 | best     75.54 | |sigma|  0.227 | 1239.3s
[cem/score] gen 423 cap   500 | mean     52.06 | elite     73.59 | best     77.46 | |sigma|  0.230 | 1243.0s
[cem/score] gen 424 cap   500 | mean     46.11 | elite     73.78 | best     79.48 | |sigma|  0.227 | 1246.5s
[cem/score] gen 425 cap   500 | mean     51.87 | elite     73.41 | best     77.71 | |sigma|  0.223 | 1250.6s
[cem/score] gen 426 cap   500 | mean     52.23 | elite     73.72 | best     77.34 | |sigma|  0.222 | 1254.5s
[cem/score] gen 427 cap   500 | mean     55.25 | elite     74.21 | best     80.11 | |sigma|  0.218 | 1258.9s
[cem/score] gen 428 cap   500 | mean     55.78 | elite     74.21 | best     80.59 | |sigma|  0.224 | 1263.4s
[cem/score] gen 429 cap   500 | mean     49.69 | elite     74.14 | best     79.59 | |sigma|  0.221 | 1267.0s
[cem/score] gen 430 cap   500 | mean     59.15 | elite     75.30 | best     78.59 | |sigma|  0.226 | 1271.9s
[cem/score] gen 431 cap   500 | mean     57.25 | elite     76.23 | best     81.03 | |sigma|  0.226 | 1275.9s
[cem/score] gen 432 cap   500 | mean     43.20 | elite     74.08 | best     76.58 | |sigma|  0.223 | 1279.4s
[cem/score] gen 433 cap   500 | mean     53.74 | elite     73.59 | best     77.55 | |sigma|  0.223 | 1283.2s
[cem/score] gen 434 cap   500 | mean     47.43 | elite     72.65 | best     78.44 | |sigma|  0.232 | 1286.9s
[cem/score] gen 435 cap   500 | mean     53.06 | elite     72.37 | best     74.10 | |sigma|  0.236 | 1290.7s
[cem/score] gen 436 cap   500 | mean     55.78 | elite     73.97 | best     77.40 | |sigma|  0.236 | 1295.2s
[cem/score] gen 437 cap   500 | mean     53.32 | elite     74.98 | best     76.82 | |sigma|  0.224 | 1299.1s
[cem/score] gen 438 cap   500 | mean     39.37 | elite     73.08 | best     76.92 | |sigma|  0.226 | 1302.4s
[cem/score] gen 439 cap   500 | mean     42.47 | elite     72.99 | best     82.62 | |sigma|  0.228 | 1305.9s
[cem/score] gen 440 cap   500 | mean     52.27 | elite     74.51 | best     78.88 | |sigma|  0.228 | 1309.7s
[cem/score] gen 441 cap   500 | mean     53.77 | elite     73.76 | best     77.87 | |sigma|  0.231 | 1313.9s
[cem/score] gen 442 cap   500 | mean     47.89 | elite     72.59 | best     75.59 | |sigma|  0.236 | 1317.5s
[cem/score] gen 443 cap   500 | mean     49.03 | elite     72.40 | best     75.99 | |sigma|  0.233 | 1321.1s
[cem/score] gen 444 cap   500 | mean     53.83 | elite     73.33 | best     79.86 | |sigma|  0.232 | 1325.0s
[cem/score] gen 445 cap   500 | mean     47.44 | elite     75.28 | best     79.48 | |sigma|  0.230 | 1328.5s
[cem/score] gen 446 cap   500 | mean     46.75 | elite     73.16 | best     76.43 | |sigma|  0.229 | 1332.1s
[cem/score] gen 447 cap   500 | mean     55.49 | elite     74.35 | best     80.68 | |sigma|  0.231 | 1336.5s
[cem/score] gen 448 cap   500 | mean     57.56 | elite     74.96 | best     77.80 | |sigma|  0.229 | 1340.6s
[cem/score] gen 449 cap   500 | mean     50.93 | elite     72.53 | best     74.93 | |sigma|  0.220 | 1344.3s
[cem/score] gen 450 cap   500 | mean     46.01 | elite     73.41 | best     76.27 | |sigma|  0.223 | 1347.8s
[cem/score] gen 451 cap   500 | mean     47.73 | elite     74.07 | best     75.68 | |sigma|  0.227 | 1351.4s
[cem/score] gen 452 cap   500 | mean     47.55 | elite     72.46 | best     75.63 | |sigma|  0.223 | 1355.3s
[cem/score] gen 453 cap   500 | mean     60.88 | elite     72.30 | best     74.69 | |sigma|  0.224 | 1360.8s
[cem/score] gen 454 cap   500 | mean     57.40 | elite     73.66 | best     76.17 | |sigma|  0.229 | 1365.1s
[cem/score] gen 455 cap   500 | mean     49.95 | elite     74.18 | best     76.32 | |sigma|  0.226 | 1368.8s
[cem/score] gen 456 cap   500 | mean     48.51 | elite     72.05 | best     76.46 | |sigma|  0.230 | 1372.5s
[cem/score] gen 457 cap   500 | mean     54.16 | elite     74.44 | best     76.73 | |sigma|  0.237 | 1376.5s
[cem/score] gen 458 cap   500 | mean     46.84 | elite     71.95 | best     78.01 | |sigma|  0.231 | 1380.1s
[cem/score] gen 459 cap   500 | mean     56.93 | elite     73.25 | best     80.16 | |sigma|  0.232 | 1384.3s
[cem/score] gen 460 cap   500 | mean     53.69 | elite     73.90 | best     76.71 | |sigma|  0.241 | 1388.1s
[cem/score] gen 461 cap   500 | mean     45.66 | elite     71.38 | best     75.28 | |sigma|  0.232 | 1391.8s
[cem/score] gen 462 cap   500 | mean     52.15 | elite     72.02 | best     74.57 | |sigma|  0.234 | 1395.5s
[cem/score] gen 463 cap   500 | mean     52.54 | elite     72.73 | best     75.79 | |sigma|  0.237 | 1399.4s
[cem/score] gen 464 cap   500 | mean     50.99 | elite     71.68 | best     74.81 | |sigma|  0.233 | 1403.3s
[cem/score] gen 465 cap   500 | mean     55.97 | elite     71.79 | best     76.70 | |sigma|  0.239 | 1407.7s
[cem/score] gen 466 cap   500 | mean     55.71 | elite     73.04 | best     80.85 | |sigma|  0.239 | 1412.2s
[cem/score] gen 467 cap   500 | mean     46.60 | elite     71.49 | best     74.71 | |sigma|  0.234 | 1415.9s
[cem/score] gen 468 cap   500 | mean     51.22 | elite     72.79 | best     75.75 | |sigma|  0.233 | 1419.6s
[cem/score] gen 469 cap   500 | mean     52.12 | elite     73.57 | best     76.12 | |sigma|  0.227 | 1423.4s
[cem/score] gen 470 cap   500 | mean     50.95 | elite     74.80 | best     77.35 | |sigma|  0.228 | 1427.4s
[cem/score] gen 471 cap   500 | mean     51.27 | elite     72.92 | best     75.45 | |sigma|  0.231 | 1431.3s
[cem/score] gen 472 cap   500 | mean     60.49 | elite     75.25 | best     78.04 | |sigma|  0.231 | 1436.1s
[cem/score] gen 473 cap   500 | mean     55.96 | elite     76.25 | best     82.26 | |sigma|  0.232 | 1439.9s
[cem/score] gen 474 cap   500 | mean     50.95 | elite     73.05 | best     79.97 | |sigma|  0.232 | 1443.5s
[cem/score] gen 475 cap   500 | mean     54.92 | elite     73.39 | best     76.47 | |sigma|  0.240 | 1447.5s
[cem/score] gen 476 cap   500 | mean     54.40 | elite     73.41 | best     79.23 | |sigma|  0.236 | 1451.5s
[cem/score] gen 477 cap   500 | mean     44.13 | elite     74.88 | best     79.42 | |sigma|  0.227 | 1454.9s
[cem/score] gen 478 cap   500 | mean     55.51 | elite     73.99 | best     77.03 | |sigma|  0.223 | 1459.4s
[cem/score] gen 479 cap   500 | mean     49.36 | elite     74.66 | best     78.47 | |sigma|  0.233 | 1463.1s
[cem/score] gen 480 cap   500 | mean     50.68 | elite     74.84 | best     78.82 | |sigma|  0.227 | 1466.9s
[cem/score] gen 481 cap   500 | mean     49.76 | elite     74.42 | best     76.54 | |sigma|  0.233 | 1470.6s
[cem/score] gen 482 cap   500 | mean     47.50 | elite     73.64 | best     83.02 | |sigma|  0.232 | 1474.3s
[cem/score] gen 483 cap   500 | mean     55.81 | elite     73.47 | best     77.43 | |sigma|  0.228 | 1478.6s
[cem/score] gen 484 cap   500 | mean     59.14 | elite     74.36 | best     78.81 | |sigma|  0.223 | 1482.6s
[cem/score] gen 485 cap   500 | mean     56.59 | elite     74.53 | best     75.69 | |sigma|  0.224 | 1486.4s
[cem/score] gen 486 cap   500 | mean     45.24 | elite     72.46 | best     75.90 | |sigma|  0.228 | 1489.9s
[cem/score] gen 487 cap   500 | mean     48.85 | elite     73.71 | best     76.83 | |sigma|  0.236 | 1493.6s
[cem/score] gen 488 cap   500 | mean     51.11 | elite     73.77 | best     75.52 | |sigma|  0.225 | 1497.2s
[cem/score] gen 489 cap   500 | mean     53.21 | elite     72.42 | best     74.90 | |sigma|  0.232 | 1501.2s
[cem/score] gen 490 cap   500 | mean     52.69 | elite     73.29 | best     76.21 | |sigma|  0.240 | 1504.9s
[cem/score] gen 491 cap   500 | mean     49.51 | elite     70.81 | best     72.21 | |sigma|  0.242 | 1509.1s
[cem/score] gen 492 cap   500 | mean     56.67 | elite     72.68 | best     76.56 | |sigma|  0.243 | 1513.6s
[cem/score] gen 493 cap   500 | mean     58.49 | elite     72.53 | best     75.18 | |sigma|  0.252 | 1518.1s
[cem/score] gen 494 cap   500 | mean     55.60 | elite     73.58 | best     78.19 | |sigma|  0.249 | 1522.2s
[cem/score] gen 495 cap   500 | mean     54.34 | elite     73.53 | best     77.64 | |sigma|  0.249 | 1526.1s
[cem/score] gen 496 cap   500 | mean     52.94 | elite     73.44 | best     78.11 | |sigma|  0.250 | 1529.9s
[cem/score] gen 497 cap   500 | mean     53.37 | elite     73.67 | best     78.61 | |sigma|  0.251 | 1534.1s
[cem/score] gen 498 cap   500 | mean     57.02 | elite     73.92 | best     76.75 | |sigma|  0.246 | 1538.5s
[cem/score] gen 499 cap   500 | mean     54.73 | elite     72.43 | best     76.03 | |sigma|  0.236 | 1542.4s
[cem/score] gen 500 cap   500 | mean     53.25 | elite     74.59 | best     78.17 | |sigma|  0.232 | 1546.2s
[cem/score] gen 501 cap   500 | mean     54.56 | elite     73.28 | best     76.32 | |sigma|  0.247 | 1550.4s
[cem/score] gen 502 cap   500 | mean     46.26 | elite     72.11 | best     75.56 | |sigma|  0.243 | 1553.9s
[cem/score] gen 503 cap   500 | mean     50.33 | elite     73.55 | best     76.21 | |sigma|  0.251 | 1557.7s
[cem/score] gen 504 cap   500 | mean     54.21 | elite     73.44 | best     77.27 | |sigma|  0.254 | 1562.2s
[cem/score] gen 505 cap   500 | mean     51.86 | elite     73.83 | best     75.59 | |sigma|  0.263 | 1565.8s
[cem/score] gen 506 cap   500 | mean     53.52 | elite     73.23 | best     76.36 | |sigma|  0.256 | 1569.8s
[cem/score] gen 507 cap   500 | mean     45.48 | elite     71.23 | best     76.06 | |sigma|  0.245 | 1573.4s
[cem/score] gen 508 cap   500 | mean     49.72 | elite     74.85 | best     78.56 | |sigma|  0.249 | 1577.1s
[cem/score] gen 509 cap   500 | mean     49.77 | elite     73.42 | best     75.98 | |sigma|  0.228 | 1580.7s
[cem/score] gen 510 cap   500 | mean     58.81 | elite     74.97 | best     80.83 | |sigma|  0.230 | 1584.9s
[cem/score] gen 511 cap   500 | mean     47.03 | elite     75.80 | best     78.66 | |sigma|  0.242 | 1588.4s
[cem/score] gen 512 cap   500 | mean     46.41 | elite     71.68 | best     73.55 | |sigma|  0.241 | 1591.9s
[cem/score] gen 513 cap   500 | mean     51.00 | elite     72.66 | best     76.45 | |sigma|  0.244 | 1595.5s
[cem/score] gen 514 cap   500 | mean     45.50 | elite     72.52 | best     76.65 | |sigma|  0.245 | 1599.1s
[cem/score] gen 515 cap   500 | mean     44.29 | elite     71.46 | best     77.57 | |sigma|  0.237 | 1602.5s
[cem/score] gen 516 cap   500 | mean     51.78 | elite     73.00 | best     77.04 | |sigma|  0.230 | 1606.6s
[cem/score] gen 517 cap   500 | mean     50.87 | elite     72.59 | best     76.97 | |sigma|  0.237 | 1610.2s
[cem/score] gen 518 cap   500 | mean     46.24 | elite     74.12 | best     77.40 | |sigma|  0.231 | 1613.6s
[cem/score] gen 519 cap   500 | mean     44.55 | elite     73.24 | best     74.86 | |sigma|  0.228 | 1617.2s
[cem/score] gen 520 cap   500 | mean     41.07 | elite     72.71 | best     81.24 | |sigma|  0.236 | 1620.6s
[cem/score] gen 521 cap   500 | mean     55.41 | elite     74.94 | best     80.09 | |sigma|  0.229 | 1624.8s
[cem/score] gen 522 cap   500 | mean     43.70 | elite     73.31 | best     77.74 | |sigma|  0.223 | 1628.3s
[cem/score] gen 523 cap   500 | mean     48.05 | elite     72.76 | best     76.62 | |sigma|  0.219 | 1631.6s
[cem/score] gen 524 cap   500 | mean     49.17 | elite     72.36 | best     75.27 | |sigma|  0.222 | 1635.7s
[cem/score] gen 525 cap   500 | mean     49.04 | elite     76.04 | best     78.22 | |sigma|  0.225 | 1639.3s
[cem/score] gen 526 cap   500 | mean     41.78 | elite     72.87 | best     80.29 | |sigma|  0.231 | 1642.7s
[cem/score] gen 527 cap   500 | mean     49.27 | elite     73.09 | best     75.35 | |sigma|  0.232 | 1647.2s
[cem/score] gen 528 cap   500 | mean     52.93 | elite     73.95 | best     77.90 | |sigma|  0.235 | 1650.9s
[cem/score] gen 529 cap  1500 | mean     53.74 | elite     73.29 | best     76.30 | |sigma|  0.233 | 1660.6s
[cem/score] gen 530 cap  1500 | mean     52.89 | elite     73.58 | best     78.02 | |sigma|  0.236 | 1670.6s
[cem/score] gen 531 cap  1500 | mean     53.93 | elite     73.40 | best     75.31 | |sigma|  0.232 | 1680.2s
[cem/score] gen 532 cap  1500 | mean     47.06 | elite     72.46 | best     76.35 | |sigma|  0.230 | 1690.1s
[cem/score] gen 533 cap  1500 | mean     58.37 | elite     72.74 | best     77.49 | |sigma|  0.229 | 1700.3s
[cem/score] gen 534 cap  1500 | mean     51.44 | elite     73.30 | best     77.24 | |sigma|  0.235 | 1709.8s
[cem/score] gen 535 cap  1500 | mean     52.05 | elite     73.87 | best     77.38 | |sigma|  0.232 | 1719.6s
[cem/score] gen 536 cap  1500 | mean     55.49 | elite     74.06 | best     75.34 | |sigma|  0.234 | 1729.6s
[cem/score] gen 537 cap  1500 | mean     56.41 | elite     74.45 | best     76.00 | |sigma|  0.236 | 1740.2s
[cem/score] gen 538 cap  1500 | mean     58.23 | elite     75.15 | best     79.76 | |sigma|  0.236 | 1750.4s
[cem/score] gen 539 cap  1500 | mean     50.25 | elite     73.71 | best     76.67 | |sigma|  0.234 | 1760.0s
[cem/score] gen 540 cap  1500 | mean     55.43 | elite     74.52 | best     77.44 | |sigma|  0.229 | 1770.9s
[cem/score] gen 541 cap  1500 | mean     56.37 | elite     75.18 | best     79.21 | |sigma|  0.235 | 1781.0s
[cem/score] gen 542 cap  1500 | mean     52.65 | elite     74.32 | best     76.90 | |sigma|  0.235 | 1790.6s
[cem/score] gen 543 cap  1500 | mean     44.87 | elite     73.48 | best     78.98 | |sigma|  0.233 | 1800.0s
[cem/score] gen 544 cap  1500 | mean     54.25 | elite     73.90 | best     77.61 | |sigma|  0.231 | 1809.8s
[cem/score] gen 545 cap  1500 | mean     55.91 | elite     73.91 | best     78.84 | |sigma|  0.230 | 1820.0s
[cem/score] gen 546 cap  1500 | mean     61.10 | elite     74.30 | best     76.88 | |sigma|  0.232 | 1830.4s
[cem/score] gen 547 cap  1500 | mean     60.10 | elite     75.45 | best     82.32 | |sigma|  0.228 | 1841.0s
[cem/score] gen 548 cap  1500 | mean     61.60 | elite     75.57 | best     78.40 | |sigma|  0.230 | 1851.3s
[cem/score] gen 549 cap  1500 | mean     50.83 | elite     75.30 | best     79.23 | |sigma|  0.229 | 1860.9s
[cem/score] gen 550 cap  1500 | mean     50.66 | elite     74.14 | best     79.56 | |sigma|  0.223 | 1870.3s
[cem/score] gen 551 cap  1500 | mean     53.03 | elite     74.06 | best     79.44 | |sigma|  0.222 | 1880.0s
[cem/score] gen 552 cap  1500 | mean     61.65 | elite     74.81 | best     78.29 | |sigma|  0.222 | 1890.8s
[cem/score] gen 553 cap  1500 | mean     56.87 | elite     76.27 | best     79.35 | |sigma|  0.220 | 1900.6s
[cem/score] gen 554 cap  1500 | mean     53.97 | elite     74.68 | best     77.00 | |sigma|  0.218 | 1910.5s
[cem/score] gen 555 cap  1500 | mean     54.45 | elite     72.93 | best     75.72 | |sigma|  0.222 | 1920.2s
[cem/score] gen 556 cap  1500 | mean     58.87 | elite     74.85 | best     76.73 | |sigma|  0.217 | 1930.2s
[cem/score] gen 557 cap  1500 | mean     58.58 | elite     74.81 | best     76.55 | |sigma|  0.222 | 1941.0s
[cem/score] gen 558 cap  1500 | mean     57.88 | elite     74.35 | best     75.86 | |sigma|  0.228 | 1951.3s
[cem/score] gen 559 cap  1500 | mean     51.33 | elite     73.68 | best     76.89 | |sigma|  0.228 | 1960.8s
[cem/score] gen 560 cap  1500 | mean     57.13 | elite     74.22 | best     77.83 | |sigma|  0.220 | 1971.1s
[cem/score] gen 561 cap  1500 | mean     58.22 | elite     73.83 | best     75.98 | |sigma|  0.226 | 1981.3s
[cem/score] gen 562 cap  1500 | mean     57.03 | elite     74.84 | best     76.75 | |sigma|  0.212 | 1991.5s
[cem/score] gen 563 cap  1500 | mean     49.05 | elite     72.78 | best     78.70 | |sigma|  0.218 | 2000.9s
[cem/score] gen 564 cap  1500 | mean     50.36 | elite     74.02 | best     77.48 | |sigma|  0.218 | 2010.7s
[cem/score] gen 565 cap  1500 | mean     51.97 | elite     73.77 | best     78.35 | |sigma|  0.224 | 2020.3s
[cem/score] gen 566 cap  1500 | mean     53.69 | elite     75.18 | best     77.89 | |sigma|  0.224 | 2030.0s
[cem/score] gen 567 cap  1500 | mean     48.47 | elite     73.22 | best     79.13 | |sigma|  0.220 | 2039.6s
[cem/score] gen 568 cap  1500 | mean     59.22 | elite     73.44 | best     74.93 | |sigma|  0.226 | 2049.8s
[cem/score] gen 569 cap  1500 | mean     52.19 | elite     73.78 | best     76.45 | |sigma|  0.228 | 2059.7s
[cem/score] gen 570 cap  1500 | mean     56.15 | elite     73.48 | best     75.52 | |sigma|  0.229 | 2069.8s
[cem/score] gen 571 cap  1500 | mean     55.87 | elite     73.48 | best     76.05 | |sigma|  0.237 | 2080.0s
[cem/score] gen 572 cap  1500 | mean     55.87 | elite     74.16 | best     79.60 | |sigma|  0.238 | 2090.2s
[cem/score] gen 573 cap  1500 | mean     54.31 | elite     74.58 | best     76.75 | |sigma|  0.228 | 2099.8s
[cem/score] gen 574 cap  1500 | mean     55.47 | elite     74.68 | best     76.94 | |sigma|  0.232 | 2109.7s
[cem/score] gen 575 cap  1500 | mean     58.89 | elite     75.17 | best     78.17 | |sigma|  0.236 | 2120.4s
[cem/score] gen 576 cap  1500 | mean     60.29 | elite     75.34 | best     78.61 | |sigma|  0.239 | 2130.9s
[cem/score] gen 577 cap  1500 | mean     57.40 | elite     74.73 | best     79.08 | |sigma|  0.230 | 2141.3s
[cem/score] gen 578 cap  1500 | mean     56.36 | elite     75.06 | best     79.17 | |sigma|  0.231 | 2151.2s
[cem/score] gen 579 cap  1500 | mean     52.26 | elite     73.17 | best     77.64 | |sigma|  0.228 | 2161.1s
[cem/score] gen 580 cap  1500 | mean     50.57 | elite     74.99 | best     80.44 | |sigma|  0.222 | 2170.3s
[cem/score] gen 581 cap  1500 | mean     54.18 | elite     73.41 | best     78.85 | |sigma|  0.215 | 2179.5s
[cem/score] gen 582 cap  1500 | mean     53.90 | elite     75.39 | best     78.90 | |sigma|  0.215 | 2188.9s
[cem/score] gen 583 cap  1500 | mean     51.33 | elite     75.59 | best     80.65 | |sigma|  0.214 | 2198.4s
[cem/score] gen 584 cap  1500 | mean     52.85 | elite     74.59 | best     81.70 | |sigma|  0.213 | 2208.4s
[cem/score] gen 585 cap  1500 | mean     51.15 | elite     75.52 | best     79.95 | |sigma|  0.217 | 2217.7s
[cem/score] gen 586 cap  1500 | mean     54.80 | elite     72.81 | best     76.87 | |sigma|  0.222 | 2227.7s
[cem/score] gen 587 cap  1500 | mean     53.41 | elite     73.97 | best     79.23 | |sigma|  0.224 | 2237.6s
[cem/score] gen 588 cap  1500 | mean     52.43 | elite     75.28 | best     79.45 | |sigma|  0.228 | 2247.9s
[cem/score] gen 589 cap  1500 | mean     50.74 | elite     73.91 | best     76.85 | |sigma|  0.227 | 2257.3s
[cem/score] gen 590 cap  1500 | mean     52.32 | elite     75.85 | best     79.29 | |sigma|  0.226 | 2267.0s
[cem/score] gen 591 cap  1500 | mean     53.71 | elite     75.00 | best     78.41 | |sigma|  0.228 | 2276.4s
[cem/score] gen 592 cap  1500 | mean     59.01 | elite     76.21 | best     78.91 | |sigma|  0.233 | 2286.7s
[cem/score] gen 593 cap  1500 | mean     51.72 | elite     74.46 | best     78.69 | |sigma|  0.232 | 2296.7s
[cem/score] gen 594 cap  1500 | mean     43.53 | elite     72.66 | best     77.72 | |sigma|  0.224 | 2306.0s
[cem/score] gen 595 cap  1500 | mean     53.18 | elite     74.90 | best     80.13 | |sigma|  0.223 | 2315.8s
[cem/score] gen 596 cap  1500 | mean     53.13 | elite     75.15 | best     77.81 | |sigma|  0.223 | 2325.7s
[cem/score] gen 597 cap  1500 | mean     48.48 | elite     74.64 | best     78.14 | |sigma|  0.222 | 2335.1s
[cem/score] gen 598 cap  1500 | mean     53.28 | elite     74.22 | best     78.99 | |sigma|  0.226 | 2345.3s
[cem/score] gen 599 cap  1500 | mean     49.73 | elite     72.68 | best     75.89 | |sigma|  0.231 | 2355.1s
[cem/score] gen 600 cap  1500 | mean     55.12 | elite     73.58 | best     77.94 | |sigma|  0.230 | 2365.5s
[cem/score] gen 601 cap  1500 | mean     58.45 | elite     74.90 | best     81.39 | |sigma|  0.230 | 2377.4s
[cem/score] gen 602 cap  1500 | mean     49.62 | elite     74.32 | best     76.57 | |sigma|  0.230 | 2387.1s
[cem/score] gen 603 cap  1500 | mean     58.31 | elite     74.39 | best     81.54 | |sigma|  0.231 | 2398.4s
[cem/score] gen 604 cap  1500 | mean     56.10 | elite     73.94 | best     76.36 | |sigma|  0.240 | 2408.9s
[cem/score] gen 605 cap  1500 | mean     42.40 | elite     71.55 | best     77.07 | |sigma|  0.235 | 2418.2s
[cem/score] gen 606 cap  1500 | mean     52.75 | elite     74.69 | best     77.08 | |sigma|  0.228 | 2428.1s
[cem/score] gen 607 cap  1500 | mean     52.23 | elite     74.10 | best     76.77 | |sigma|  0.230 | 2437.8s
[cem/score] gen 608 cap  1500 | mean     53.12 | elite     75.44 | best     80.27 | |sigma|  0.233 | 2447.7s
[cem/score] gen 609 cap  1500 | mean     43.51 | elite     73.58 | best     77.07 | |sigma|  0.233 | 2457.0s
[cem/score] gen 610 cap  1500 | mean     55.91 | elite     74.84 | best     78.53 | |sigma|  0.237 | 2467.2s
[cem/score] gen 611 cap  1500 | mean     46.75 | elite     74.19 | best     77.22 | |sigma|  0.230 | 2476.8s
[cem/score] gen 612 cap  5000 | mean     53.20 | elite     73.85 | best     75.96 | |sigma|  0.231 | 2508.2s
[cem/score] gen 613 cap  5000 | mean     53.10 | elite     75.75 | best     80.03 | |sigma|  0.227 | 2541.0s
[cem/score] gen 614 cap  5000 | mean     54.79 | elite     73.09 | best     78.68 | |sigma|  0.224 | 2571.4s
[cem/score] gen 615 cap  5000 | mean     48.54 | elite     74.77 | best     77.99 | |sigma|  0.221 | 2601.8s
[cem/score] gen 616 cap  5000 | mean     55.37 | elite     74.38 | best     79.12 | |sigma|  0.219 | 2633.1s
[cem/score] gen 617 cap  5000 | mean     55.38 | elite     75.01 | best     81.64 | |sigma|  0.222 | 2664.4s
[cem/score] gen 618 cap  5000 | mean     51.11 | elite     73.74 | best     76.81 | |sigma|  0.226 | 2695.3s
[cem/score] gen 619 cap  5000 | mean     54.02 | elite     73.49 | best     76.27 | |sigma|  0.226 | 2725.9s
[cem/score] gen 620 cap  5000 | mean     47.67 | elite     75.12 | best     77.12 | |sigma|  0.226 | 2756.4s
[cem/score] gen 621 cap  5000 | mean     53.34 | elite     77.32 | best     80.13 | |sigma|  0.232 | 2787.7s
[cem/score] gen 622 cap  5000 | mean     42.05 | elite     72.61 | best     75.64 | |sigma|  0.234 | 2818.2s
[cem/score] gen 623 cap  5000 | mean     56.72 | elite     75.74 | best     78.26 | |sigma|  0.229 | 2849.3s
[cem/score] gen 624 cap  5000 | mean     55.32 | elite     74.13 | best     76.43 | |sigma|  0.229 | 2880.8s
[cem/score] gen 625 cap  5000 | mean     50.59 | elite     74.94 | best     77.43 | |sigma|  0.228 | 2912.3s
[cem/score] gen 626 cap  5000 | mean     50.40 | elite     75.02 | best     79.39 | |sigma|  0.234 | 2943.3s
[cem/score] gen 627 cap  5000 | mean     52.06 | elite     73.79 | best     76.28 | |sigma|  0.230 | 2974.3s
[cem/score] gen 628 cap  5000 | mean     51.72 | elite     75.12 | best     77.17 | |sigma|  0.233 | 3005.4s
[cem/score] gen 629 cap  5000 | mean     51.92 | elite     75.29 | best     78.26 | |sigma|  0.234 | 3037.1s
[cem/score] gen 630 cap  5000 | mean     52.54 | elite     73.96 | best     77.40 | |sigma|  0.235 | 3068.6s
[cem/score] gen 631 cap  5000 | mean     48.93 | elite     74.60 | best     77.00 | |sigma|  0.241 | 3098.5s
[cem/score] gen 632 cap  5000 | mean     41.69 | elite     72.86 | best     75.81 | |sigma|  0.232 | 3129.1s
[cem/score] gen 633 cap  5000 | mean     58.58 | elite     74.30 | best     81.84 | |sigma|  0.224 | 3160.5s
[cem/score] gen 634 cap  5000 | mean     49.32 | elite     72.72 | best     74.45 | |sigma|  0.218 | 3190.8s
[cem/score] gen 635 cap  5000 | mean     59.89 | elite     73.11 | best     76.47 | |sigma|  0.218 | 3222.6s
[cem/score] gen 636 cap  5000 | mean     54.71 | elite     73.49 | best     75.42 | |sigma|  0.220 | 3252.7s
[cem/score] gen 637 cap  5000 | mean     55.52 | elite     73.17 | best     73.88 | |sigma|  0.225 | 3284.4s
[cem/score] gen 638 cap  5000 | mean     58.70 | elite     72.92 | best     75.77 | |sigma|  0.226 | 3315.9s
[cem] time budget 3300s reached at gen 639
[cem] search stayed alive for all 639 generations (final |sigma| = 0.2259)

[cem] evaluating distribution mean on held-out seeds ...
       lines 5714.1 | score/piece 73.7 | tetris 39.7%
[cem] evaluating best single candidate on held-out seeds ...
       lines 113.1 | score/piece 71.7 | tetris 61.7%

[cem] selected: distribution_mean
[cem] wrote weights/cem_score_wells_mlp8.json
[cem] FINAL held-out: mean lines 5714.1 | score/piece 73.7 | tetris rate 39.7%
