[cem] objective=score_safe | 64 candidates x 8 seeds | budget 3300s | workers 50
[cem] checkpoint ./rl/../weights/ckpt_cem_score_safe_wells10.json
[cem/score_safe] gen   0 cap   200 | mean      3.62 | elite     23.03 | best     46.00 | |sigma|  4.221 |    1.9s
[cem/score_safe] gen   1 cap   200 | mean      6.12 | elite     34.65 | best     51.38 | |sigma|  2.157 |    3.3s
[cem/score_safe] gen   2 cap   200 | mean     11.61 | elite     46.51 | best     52.00 | |sigma|  3.457 |    4.9s
[cem/score_safe] gen   3 cap   200 | mean      6.40 | elite     37.23 | best     49.47 | |sigma|  2.809 |    6.1s
[cem/score_safe] gen   4 cap   200 | mean      9.24 | elite     44.97 | best     49.31 | |sigma|  3.515 |    7.5s
[cem/score_safe] gen   5 cap   200 | mean      6.60 | elite     40.04 | best     48.59 | |sigma|  2.531 |    8.8s
[cem/score_safe] gen   6 cap   200 | mean     13.13 | elite     43.70 | best     47.91 | |sigma|  3.567 |   10.2s
[cem/score_safe] gen   7 cap   200 | mean      8.02 | elite     38.69 | best     48.03 | |sigma|  2.304 |   11.5s
[cem/score_safe] gen   8 cap   200 | mean     12.20 | elite     46.02 | best     52.38 | |sigma|  3.787 |   13.1s
[cem/score_safe] gen   9 cap   200 | mean      7.98 | elite     40.79 | best     53.09 | |sigma|  2.457 |   14.6s
[cem/score_safe] gen  10 cap   200 | mean     20.09 | elite     49.42 | best     51.81 | |sigma|  3.012 |   16.4s
[cem/score_safe] gen  11 cap   200 | mean      6.94 | elite     39.49 | best     48.75 | |sigma|  2.885 |   18.1s
[cem/score_safe] gen  12 cap   200 | mean      9.63 | elite     45.14 | best     48.50 | |sigma|  2.867 |   19.5s
[cem/score_safe] gen  13 cap   200 | mean      9.26 | elite     46.24 | best     51.72 | |sigma|  2.610 |   20.8s
[cem/score_safe] gen  14 cap   200 | mean      9.64 | elite     45.02 | best     47.78 | |sigma|  3.265 |   22.5s
[cem/score_safe] gen  15 cap   200 | mean      8.45 | elite     43.00 | best     52.00 | |sigma|  2.488 |   23.7s
[cem/score_safe] gen  16 cap   200 | mean     11.04 | elite     46.25 | best     49.03 | |sigma|  3.043 |   25.1s
[cem/score_safe] gen  17 cap   200 | mean     11.99 | elite     45.84 | best     50.88 | |sigma|  2.146 |   26.7s
[cem/score_safe] gen  18 cap   200 | mean     15.93 | elite     47.16 | best     48.75 | |sigma|  2.747 |   28.0s
[cem/score_safe] gen  19 cap   200 | mean      9.70 | elite     47.06 | best     49.72 | |sigma|  2.176 |   29.2s
[cem/score_safe] gen  20 cap   200 | mean      8.82 | elite     40.73 | best     47.91 | |sigma|  3.214 |   30.4s
[cem/score_safe] gen  21 cap   200 | mean      8.72 | elite     45.84 | best     48.97 | |sigma|  2.391 |   31.6s
[cem/score_safe] gen  22 cap   200 | mean     11.15 | elite     46.08 | best     48.09 | |sigma|  2.387 |   32.9s
[cem/score_safe] gen  23 cap   200 | mean     12.15 | elite     45.38 | best     48.31 | |sigma|  2.463 |   34.2s
[cem/score_safe] gen  24 cap   200 | mean     13.25 | elite     48.03 | best     53.50 | |sigma|  2.291 |   36.1s
[cem/score_safe] gen  25 cap   200 | mean     14.88 | elite     48.45 | best     49.81 | |sigma|  2.408 |   37.4s
[cem/score_safe] gen  26 cap   200 | mean     11.81 | elite     48.04 | best     50.47 | |sigma|  2.262 |   39.1s
[cem/score_safe] gen  27 cap   200 | mean     10.04 | elite     46.37 | best     51.50 | |sigma|  2.293 |   40.4s
[cem/score_safe] gen  28 cap   200 | mean     12.12 | elite     44.81 | best     50.00 | |sigma|  2.523 |   41.9s
[cem/score_safe] gen  29 cap   200 | mean     16.14 | elite     48.08 | best     50.56 | |sigma|  2.389 |   43.2s
[cem/score_safe] gen  30 cap   200 | mean      8.44 | elite     43.13 | best     48.81 | |sigma|  2.855 |   44.3s
[cem/score_safe] gen  31 cap   200 | mean      8.11 | elite     43.55 | best     49.47 | |sigma|  2.021 |   45.5s
[cem/score_safe] gen  32 cap   200 | mean     14.45 | elite     45.93 | best     51.19 | |sigma|  2.257 |   47.2s
[cem/score_safe] gen  33 cap   200 | mean     14.90 | elite     46.85 | best     50.06 | |sigma|  1.977 |   48.4s
[cem/score_safe] gen  34 cap   200 | mean     12.95 | elite     46.41 | best     49.78 | |sigma|  2.440 |   50.0s
[cem/score_safe] gen  35 cap   200 | mean      9.38 | elite     43.10 | best     49.12 | |sigma|  2.012 |   51.7s
[cem/score_safe] gen  36 cap   200 | mean     12.53 | elite     46.80 | best     52.09 | |sigma|  2.258 |   52.9s
[cem/score_safe] gen  37 cap   200 | mean     13.84 | elite     46.27 | best     47.88 | |sigma|  1.896 |   54.1s
[cem/score_safe] gen  38 cap   200 | mean     13.46 | elite     46.70 | best     49.75 | |sigma|  1.743 |   55.4s
[cem/score_safe] gen  39 cap   200 | mean     18.73 | elite     47.52 | best     49.38 | |sigma|  1.751 |   56.7s
[cem/score_safe] gen  40 cap   200 | mean     17.88 | elite     47.88 | best     50.72 | |sigma|  2.171 |   58.0s
[cem/score_safe] gen  41 cap   200 | mean     10.66 | elite     43.19 | best     48.66 | |sigma|  1.793 |   59.3s
[cem/score_safe] gen  42 cap   200 | mean     14.23 | elite     47.76 | best     49.81 | |sigma|  1.629 |   60.5s
[cem/score_safe] gen  43 cap   200 | mean     15.99 | elite     47.96 | best     49.84 | |sigma|  2.106 |   61.9s
[cem/score_safe] gen  44 cap   200 | mean     15.41 | elite     48.27 | best     49.94 | |sigma|  1.447 |   63.4s
[cem/score_safe] gen  45 cap   200 | mean     18.50 | elite     48.34 | best     52.06 | |sigma|  1.354 |   64.7s
[cem/score_safe] gen  46 cap   200 | mean     26.21 | elite     48.91 | best     50.88 | |sigma|  1.234 |   66.1s
[cem/score_safe] gen  47 cap   200 | mean     22.80 | elite     49.83 | best     53.22 | |sigma|  1.092 |   67.5s
[cem/score_safe] gen  48 cap   200 | mean     27.25 | elite     48.73 | best     52.66 | |sigma|  0.692 |   69.1s
[cem/score_safe] gen  49 cap   200 | mean     35.79 | elite     50.32 | best     51.66 | |sigma|  0.594 |   70.9s
[cem/score_safe] gen  50 cap   200 | mean     38.29 | elite     51.23 | best     54.34 | |sigma|  0.462 |   72.8s
[cem/score_safe] gen  51 cap   200 | mean     39.03 | elite     53.78 | best     56.03 | |sigma|  0.351 |   74.7s
[cem/score_safe] gen  52 cap   200 | mean     42.95 | elite     54.90 | best     58.16 | |sigma|  0.345 |   76.8s
[cem/score_safe] gen  53 cap   200 | mean     42.77 | elite     56.91 | best     61.34 | |sigma|  0.317 |   78.9s
[cem/score_safe] gen  54 cap   200 | mean     52.84 | elite     59.72 | best     62.22 | |sigma|  0.291 |   81.3s
[cem/score_safe] gen  55 cap   200 | mean     52.83 | elite     63.11 | best     70.75 | |sigma|  0.267 |   83.6s
[cem/score_safe] gen  56 cap   200 | mean     55.39 | elite     67.97 | best     75.78 | |sigma|  0.234 |   85.9s
[cem/score_safe] gen  57 cap   200 | mean     58.42 | elite     69.54 | best     72.03 | |sigma|  0.216 |   88.3s
[cem/score_safe] gen  58 cap   200 | mean     57.95 | elite     69.20 | best     71.22 | |sigma|  0.179 |   90.7s
[cem/score_safe] gen  59 cap   200 | mean     60.00 | elite     72.88 | best     75.38 | |sigma|  0.158 |   93.9s
[cem/score_safe] gen  60 cap   200 | mean     64.16 | elite     74.97 | best     78.53 | |sigma|  0.120 |   97.0s
[cem/score_safe] gen  61 cap   200 | mean     60.94 | elite     72.58 | best     75.22 | |sigma|  0.111 |  100.0s
[cem/score_safe] gen  62 cap   200 | mean     62.28 | elite     73.47 | best     74.88 | |sigma|  0.104 |  102.7s
[cem/score_safe] gen  63 cap   200 | mean     65.01 | elite     74.39 | best     78.66 | |sigma|  0.088 |  105.4s
[cem/score_safe] gen  64 cap   200 | mean     61.84 | elite     74.36 | best     77.28 | |sigma|  0.093 |  108.4s
[cem/score_safe] gen  65 cap   200 | mean     62.14 | elite     75.00 | best     78.78 | |sigma|  0.079 |  110.8s
[cem/score_safe] gen  66 cap   200 | mean     64.66 | elite     75.33 | best     79.78 | |sigma|  0.079 |  113.5s
[cem/score_safe] gen  67 cap   200 | mean     62.88 | elite     74.67 | best     81.34 | |sigma|  0.080 |  116.1s
[cem/score_safe] gen  68 cap   200 | mean     65.57 | elite     75.85 | best     79.03 | |sigma|  0.079 |  118.6s
[cem/score_safe] gen  69 cap   200 | mean     64.28 | elite     74.15 | best     76.72 | |sigma|  0.091 |  121.1s
[cem/score_safe] gen  70 cap   200 | mean     64.23 | elite     76.54 | best     83.34 | |sigma|  0.092 |  123.6s
[cem/score_safe] gen  71 cap   200 | mean     63.70 | elite     76.14 | best     80.56 | |sigma|  0.083 |  126.0s
[cem/score_safe] gen  72 cap   200 | mean     66.44 | elite     74.98 | best     77.66 | |sigma|  0.073 |  128.6s
[cem/score_safe] gen  73 cap   200 | mean     62.46 | elite     73.69 | best     77.56 | |sigma|  0.082 |  131.0s
[cem/score_safe] gen  74 cap   200 | mean     66.21 | elite     76.51 | best     81.38 | |sigma|  0.073 |  133.5s
[cem/score_safe] gen  75 cap   200 | mean     62.64 | elite     75.89 | best     80.12 | |sigma|  0.068 |  135.9s
[cem/score_safe] gen  76 cap   200 | mean     62.31 | elite     76.48 | best     80.19 | |sigma|  0.067 |  138.3s
[cem/score_safe] gen  77 cap   200 | mean     61.89 | elite     74.84 | best     76.28 | |sigma|  0.070 |  140.6s
[cem/score_safe] gen  78 cap   200 | mean     66.53 | elite     77.18 | best     79.53 | |sigma|  0.072 |  143.1s
[cem/score_safe] gen  79 cap   200 | mean     65.38 | elite     75.79 | best     78.28 | |sigma|  0.067 |  145.5s
[cem/score_safe] gen  80 cap   200 | mean     66.56 | elite     76.79 | best     81.84 | |sigma|  0.069 |  148.0s
[cem/score_safe] gen  81 cap   200 | mean     61.65 | elite     75.61 | best     80.50 | |sigma|  0.069 |  150.4s
[cem/score_safe] gen  82 cap   200 | mean     65.91 | elite     77.07 | best     79.50 | |sigma|  0.071 |  152.9s
[cem/score_safe] gen  83 cap   200 | mean     60.16 | elite     74.82 | best     79.75 | |sigma|  0.074 |  155.0s
[cem/score_safe] gen  84 cap   200 | mean     59.07 | elite     74.03 | best     77.66 | |sigma|  0.070 |  157.4s
[cem/score_safe] gen  85 cap   200 | mean     61.86 | elite     74.69 | best     80.19 | |sigma|  0.074 |  159.8s
[cem/score_safe] gen  86 cap   200 | mean     64.29 | elite     76.22 | best     79.69 | |sigma|  0.069 |  162.2s
[cem/score_safe] gen  87 cap   200 | mean     63.80 | elite     77.54 | best     79.38 | |sigma|  0.070 |  164.7s
[cem/score_safe] gen  88 cap   200 | mean     66.61 | elite     79.33 | best     81.00 | |sigma|  0.069 |  167.1s
[cem/score_safe] gen  89 cap   200 | mean     56.69 | elite     76.83 | best     81.94 | |sigma|  0.074 |  169.3s
[cem/score_safe] gen  90 cap   200 | mean     64.41 | elite     74.67 | best     76.69 | |sigma|  0.073 |  171.7s
[cem/score_safe] gen  91 cap   200 | mean     65.00 | elite     78.13 | best     81.62 | |sigma|  0.071 |  174.1s
[cem/score_safe] gen  92 cap   200 | mean     61.91 | elite     76.47 | best     79.66 | |sigma|  0.067 |  176.6s
[cem/score_safe] gen  93 cap   200 | mean     64.99 | elite     79.93 | best     88.62 | |sigma|  0.070 |  179.0s
[cem/score_safe] gen  94 cap   200 | mean     63.09 | elite     76.81 | best     81.03 | |sigma|  0.065 |  181.3s
[cem/score_safe] gen  95 cap   200 | mean     63.25 | elite     76.60 | best     79.88 | |sigma|  0.066 |  183.7s
[cem/score_safe] gen  96 cap   200 | mean     65.92 | elite     77.57 | best     81.31 | |sigma|  0.066 |  186.1s
[cem/score_safe] gen  97 cap   200 | mean     64.35 | elite     76.83 | best     82.69 | |sigma|  0.065 |  188.6s
[cem/score_safe] gen  98 cap   200 | mean     65.24 | elite     76.99 | best     80.78 | |sigma|  0.067 |  191.0s
[cem/score_safe] gen  99 cap   200 | mean     64.06 | elite     79.38 | best     82.88 | |sigma|  0.071 |  193.4s
[cem/score_safe] gen 100 cap   200 | mean     60.81 | elite     78.00 | best     82.12 | |sigma|  0.067 |  195.6s
[cem/score_safe] gen 101 cap   200 | mean     64.58 | elite     78.97 | best     82.50 | |sigma|  0.065 |  198.0s
[cem/score_safe] gen 102 cap   200 | mean     66.23 | elite     77.35 | best     82.41 | |sigma|  0.065 |  200.4s
[cem/score_safe] gen 103 cap   200 | mean     59.23 | elite     74.40 | best     81.06 | |sigma|  0.068 |  202.8s
[cem/score_safe] gen 104 cap   200 | mean     69.64 | elite     78.85 | best     80.88 | |sigma|  0.067 |  205.3s
[cem/score_safe] gen 105 cap   200 | mean     60.73 | elite     76.50 | best     78.94 | |sigma|  0.068 |  207.5s
[cem/score_safe] gen 106 cap   200 | mean     64.63 | elite     76.13 | best     78.53 | |sigma|  0.070 |  210.0s
[cem/score_safe] gen 107 cap   200 | mean     67.52 | elite     78.08 | best     82.00 | |sigma|  0.071 |  212.4s
[cem/score_safe] gen 108 cap   200 | mean     64.65 | elite     77.60 | best     81.31 | |sigma|  0.065 |  214.8s
[cem/score_safe] gen 109 cap   200 | mean     65.94 | elite     78.58 | best     82.94 | |sigma|  0.066 |  217.2s
[cem/score_safe] gen 110 cap   200 | mean     66.07 | elite     79.10 | best     86.78 | |sigma|  0.067 |  219.6s
[cem/score_safe] gen 111 cap   200 | mean     64.91 | elite     78.48 | best     84.00 | |sigma|  0.065 |  221.9s
[cem/score_safe] gen 112 cap   200 | mean     64.68 | elite     77.31 | best     79.88 | |sigma|  0.064 |  224.4s
[cem/score_safe] gen 113 cap   200 | mean     65.61 | elite     77.42 | best     82.56 | |sigma|  0.067 |  226.9s
[cem/score_safe] gen 114 cap   200 | mean     64.76 | elite     79.30 | best     83.34 | |sigma|  0.065 |  229.3s
[cem/score_safe] gen 115 cap   200 | mean     61.23 | elite     77.98 | best     83.19 | |sigma|  0.072 |  231.6s
[cem/score_safe] gen 116 cap   200 | mean     63.81 | elite     77.04 | best     82.12 | |sigma|  0.072 |  234.0s
[cem/score_safe] gen 117 cap   200 | mean     67.69 | elite     79.01 | best     81.41 | |sigma|  0.065 |  236.4s
[cem/score_safe] gen 118 cap   200 | mean     64.11 | elite     77.94 | best     81.38 | |sigma|  0.064 |  238.8s
[cem/score_safe] gen 119 cap   200 | mean     67.27 | elite     77.34 | best     82.88 | |sigma|  0.068 |  241.2s
[cem/score_safe] gen 120 cap   200 | mean     62.17 | elite     77.39 | best     81.25 | |sigma|  0.072 |  243.8s
[cem/score_safe] gen 121 cap   200 | mean     65.85 | elite     75.66 | best     79.06 | |sigma|  0.072 |  246.2s
[cem/score_safe] gen 122 cap   200 | mean     67.75 | elite     78.24 | best     81.03 | |sigma|  0.075 |  248.6s
[cem/score_safe] gen 123 cap   200 | mean     66.46 | elite     76.78 | best     80.53 | |sigma|  0.072 |  251.1s
[cem/score_safe] gen 124 cap   200 | mean     67.46 | elite     79.00 | best     81.34 | |sigma|  0.074 |  253.5s
[cem/score_safe] gen 125 cap   200 | mean     59.90 | elite     77.70 | best     78.97 | |sigma|  0.075 |  255.6s
[cem/score_safe] gen 126 cap   200 | mean     63.45 | elite     77.01 | best     82.16 | |sigma|  0.073 |  258.0s
[cem/score_safe] gen 127 cap   200 | mean     66.48 | elite     76.75 | best     81.78 | |sigma|  0.069 |  260.4s
[cem/score_safe] gen 128 cap   200 | mean     62.98 | elite     76.58 | best     81.62 | |sigma|  0.068 |  262.8s
[cem/score_safe] gen 129 cap   200 | mean     57.05 | elite     77.49 | best     84.12 | |sigma|  0.068 |  265.0s
[cem/score_safe] gen 130 cap   200 | mean     62.31 | elite     77.39 | best     82.56 | |sigma|  0.073 |  267.4s
[cem/score_safe] gen 131 cap   200 | mean     64.73 | elite     77.74 | best     84.06 | |sigma|  0.072 |  269.7s
[cem/score_safe] gen 132 cap   200 | mean     59.99 | elite     76.49 | best     79.41 | |sigma|  0.072 |  272.0s
[cem/score_safe] gen 133 cap   200 | mean     61.61 | elite     77.77 | best     80.53 | |sigma|  0.073 |  274.2s
[cem/score_safe] gen 134 cap   200 | mean     64.32 | elite     77.95 | best     82.75 | |sigma|  0.068 |  276.5s
[cem/score_safe] gen 135 cap   200 | mean     66.86 | elite     77.88 | best     81.28 | |sigma|  0.073 |  278.9s
[cem/score_safe] gen 136 cap   200 | mean     68.32 | elite     79.11 | best     83.09 | |sigma|  0.071 |  281.3s
[cem/score_safe] gen 137 cap   200 | mean     67.13 | elite     80.12 | best     82.97 | |sigma|  0.073 |  283.7s
[cem/score_safe] gen 138 cap   200 | mean     63.75 | elite     78.04 | best     82.91 | |sigma|  0.078 |  286.0s
[cem/score_safe] gen 139 cap   200 | mean     66.77 | elite     80.39 | best     85.03 | |sigma|  0.077 |  288.5s
[cem/score_safe] gen 140 cap   200 | mean     64.27 | elite     77.25 | best     82.00 | |sigma|  0.074 |  290.8s
[cem/score_safe] gen 141 cap   200 | mean     62.80 | elite     77.50 | best     78.47 | |sigma|  0.074 |  293.2s
[cem/score_safe] gen 142 cap   200 | mean     66.88 | elite     80.67 | best     82.84 | |sigma|  0.072 |  295.6s
[cem/score_safe] gen 143 cap   200 | mean     65.18 | elite     77.42 | best     79.25 | |sigma|  0.074 |  297.9s
[cem/score_safe] gen 144 cap   200 | mean     64.77 | elite     77.38 | best     80.66 | |sigma|  0.073 |  300.2s
[cem/score_safe] gen 145 cap   200 | mean     58.90 | elite     78.88 | best     82.12 | |sigma|  0.077 |  302.5s
[cem/score_safe] gen 146 cap   200 | mean     63.83 | elite     78.93 | best     83.06 | |sigma|  0.070 |  304.8s
[cem/score_safe] gen 147 cap   200 | mean     65.11 | elite     78.84 | best     83.66 | |sigma|  0.070 |  307.0s
[cem/score_safe] gen 148 cap   200 | mean     65.83 | elite     78.68 | best     84.44 | |sigma|  0.077 |  309.3s
[cem/score_safe] gen 149 cap   200 | mean     67.31 | elite     78.56 | best     85.88 | |sigma|  0.078 |  311.6s
[cem/score_safe] gen 150 cap   200 | mean     67.50 | elite     79.06 | best     82.38 | |sigma|  0.086 |  313.9s
[cem/score_safe] gen 151 cap   200 | mean     63.93 | elite     78.63 | best     83.44 | |sigma|  0.085 |  316.3s
[cem/score_safe] gen 152 cap   200 | mean     64.94 | elite     80.20 | best     84.53 | |sigma|  0.073 |  318.5s
[cem/score_safe] gen 153 cap   200 | mean     57.03 | elite     77.40 | best     80.91 | |sigma|  0.075 |  320.6s
[cem/score_safe] gen 154 cap   200 | mean     65.88 | elite     80.08 | best     87.62 | |sigma|  0.076 |  323.0s
[cem/score_safe] gen 155 cap   200 | mean     62.33 | elite     79.60 | best     84.78 | |sigma|  0.069 |  325.3s
[cem/score_safe] gen 156 cap   200 | mean     66.65 | elite     78.83 | best     81.56 | |sigma|  0.068 |  327.7s
[cem/score_safe] gen 157 cap   200 | mean     62.90 | elite     78.52 | best     83.53 | |sigma|  0.073 |  330.0s
[cem/score_safe] gen 158 cap   200 | mean     62.86 | elite     79.66 | best     84.12 | |sigma|  0.067 |  332.2s
[cem/score_safe] gen 159 cap   200 | mean     67.60 | elite     77.55 | best     81.59 | |sigma|  0.066 |  334.5s
[cem/score_safe] gen 160 cap   200 | mean     67.75 | elite     77.03 | best     78.75 | |sigma|  0.072 |  336.8s
[cem/score_safe] gen 161 cap   200 | mean     57.76 | elite     77.71 | best     83.81 | |sigma|  0.066 |  339.0s
[cem/score_safe] gen 162 cap   200 | mean     63.46 | elite     77.53 | best     79.72 | |sigma|  0.065 |  341.3s
[cem/score_safe] gen 163 cap   200 | mean     65.45 | elite     80.79 | best     83.22 | |sigma|  0.071 |  343.7s
[cem/score_safe] gen 164 cap   200 | mean     65.86 | elite     80.59 | best     86.38 | |sigma|  0.074 |  346.0s
[cem/score_safe] gen 165 cap   200 | mean     63.02 | elite     80.57 | best     83.78 | |sigma|  0.072 |  348.3s
[cem/score_safe] gen 166 cap   200 | mean     63.47 | elite     78.67 | best     83.06 | |sigma|  0.076 |  350.6s
[cem/score_safe] gen 167 cap   200 | mean     60.81 | elite     78.34 | best     82.00 | |sigma|  0.073 |  352.7s
[cem/score_safe] gen 168 cap   200 | mean     65.83 | elite     76.97 | best     79.72 | |sigma|  0.076 |  355.0s
[cem/score_safe] gen 169 cap   200 | mean     70.43 | elite     79.80 | best     82.41 | |sigma|  0.082 |  357.5s
[cem/score_safe] gen 170 cap   200 | mean     60.91 | elite     76.26 | best     79.69 | |sigma|  0.086 |  359.7s
[cem/score_safe] gen 171 cap   200 | mean     58.99 | elite     77.45 | best     79.56 | |sigma|  0.079 |  361.9s
[cem/score_safe] gen 172 cap   200 | mean     63.52 | elite     78.48 | best     82.38 | |sigma|  0.070 |  364.2s
[cem/score_safe] gen 173 cap   200 | mean     68.54 | elite     80.76 | best     84.78 | |sigma|  0.069 |  366.5s
[cem/score_safe] gen 174 cap   200 | mean     57.71 | elite     77.98 | best     81.38 | |sigma|  0.070 |  369.0s
[cem/score_safe] gen 175 cap   200 | mean     66.96 | elite     80.01 | best     83.31 | |sigma|  0.069 |  371.2s
[cem/score_safe] gen 176 cap   200 | mean     59.69 | elite     78.26 | best     82.62 | |sigma|  0.075 |  373.5s
[cem/score_safe] gen 177 cap   200 | mean     65.84 | elite     79.22 | best     84.94 | |sigma|  0.076 |  375.8s
[cem/score_safe] gen 178 cap   200 | mean     63.97 | elite     80.85 | best     85.75 | |sigma|  0.065 |  378.1s
[cem/score_safe] gen 179 cap   200 | mean     62.61 | elite     76.28 | best     78.50 | |sigma|  0.065 |  380.4s
[cem/score_safe] gen 180 cap   200 | mean     61.75 | elite     80.53 | best     84.47 | |sigma|  0.070 |  382.6s
[cem/score_safe] gen 181 cap   200 | mean     60.85 | elite     78.15 | best     82.88 | |sigma|  0.067 |  384.8s
[cem/score_safe] gen 182 cap   200 | mean     63.65 | elite     77.17 | best     82.06 | |sigma|  0.065 |  387.1s
[cem/score_safe] gen 183 cap   200 | mean     65.85 | elite     79.04 | best     83.84 | |sigma|  0.069 |  389.4s
[cem/score_safe] gen 184 cap   200 | mean     59.50 | elite     79.18 | best     81.25 | |sigma|  0.066 |  391.6s
[cem/score_safe] gen 185 cap   200 | mean     63.67 | elite     81.47 | best     87.84 | |sigma|  0.066 |  393.9s
[cem/score_safe] gen 186 cap   200 | mean     62.60 | elite     78.95 | best     82.12 | |sigma|  0.070 |  396.3s
[cem/score_safe] gen 187 cap   200 | mean     54.68 | elite     76.76 | best     79.59 | |sigma|  0.081 |  398.4s
[cem/score_safe] gen 188 cap   200 | mean     62.28 | elite     77.13 | best     80.38 | |sigma|  0.074 |  400.7s
[cem/score_safe] gen 189 cap   200 | mean     60.87 | elite     78.39 | best     81.53 | |sigma|  0.067 |  402.9s
[cem/score_safe] gen 190 cap   200 | mean     63.27 | elite     78.36 | best     85.59 | |sigma|  0.072 |  405.1s
[cem/score_safe] gen 191 cap   200 | mean     61.91 | elite     76.39 | best     79.59 | |sigma|  0.065 |  407.4s
[cem/score_safe] gen 192 cap   200 | mean     65.13 | elite     79.13 | best     82.72 | |sigma|  0.067 |  409.7s
[cem/score_safe] gen 193 cap   200 | mean     62.69 | elite     74.70 | best     81.72 | |sigma|  0.065 |  412.1s
[cem/score_safe] gen 194 cap   200 | mean     64.23 | elite     76.75 | best     79.75 | |sigma|  0.064 |  414.3s
[cem/score_safe] gen 195 cap   200 | mean     63.53 | elite     80.73 | best     82.84 | |sigma|  0.067 |  416.7s
[cem/score_safe] gen 196 cap   200 | mean     59.52 | elite     78.38 | best     84.41 | |sigma|  0.073 |  418.9s
[cem/score_safe] gen 197 cap   200 | mean     57.59 | elite     79.13 | best     82.16 | |sigma|  0.071 |  421.1s
[cem/score_safe] gen 198 cap   200 | mean     61.75 | elite     76.43 | best     80.00 | |sigma|  0.073 |  423.4s
[cem/score_safe] gen 199 cap   200 | mean     57.18 | elite     77.77 | best     81.09 | |sigma|  0.065 |  425.4s
[cem/score_safe] gen 200 cap   200 | mean     65.57 | elite     79.88 | best     81.97 | |sigma|  0.064 |  427.8s
[cem/score_safe] gen 201 cap   200 | mean     62.60 | elite     77.78 | best     82.03 | |sigma|  0.067 |  430.1s
[cem/score_safe] gen 202 cap   200 | mean     62.92 | elite     78.34 | best     83.72 | |sigma|  0.068 |  432.4s
[cem/score_safe] gen 203 cap   200 | mean     67.31 | elite     79.39 | best     86.34 | |sigma|  0.066 |  435.0s
[cem/score_safe] gen 204 cap   200 | mean     62.91 | elite     77.68 | best     80.19 | |sigma|  0.065 |  437.2s
[cem/score_safe] gen 205 cap   200 | mean     66.32 | elite     78.39 | best     80.78 | |sigma|  0.064 |  439.5s
[cem/score_safe] gen 206 cap   200 | mean     66.03 | elite     78.03 | best     82.34 | |sigma|  0.064 |  442.1s
[cem/score_safe] gen 207 cap   200 | mean     58.10 | elite     76.21 | best     81.06 | |sigma|  0.067 |  444.2s
[cem/score_safe] gen 208 cap   200 | mean     63.08 | elite     77.73 | best     81.50 | |sigma|  0.073 |  446.5s
[cem/score_safe] gen 209 cap   200 | mean     64.47 | elite     78.12 | best     81.41 | |sigma|  0.076 |  448.9s
[cem/score_safe] gen 210 cap   200 | mean     58.57 | elite     77.69 | best     82.44 | |sigma|  0.077 |  451.0s
[cem/score_safe] gen 211 cap   200 | mean     57.00 | elite     76.09 | best     80.25 | |sigma|  0.070 |  453.2s
[cem/score_safe] gen 212 cap   200 | mean     60.55 | elite     78.66 | best     82.75 | |sigma|  0.070 |  455.5s
[cem/score_safe] gen 213 cap   200 | mean     56.57 | elite     77.87 | best     80.69 | |sigma|  0.069 |  457.7s
[cem/score_safe] gen 214 cap   200 | mean     66.14 | elite     78.69 | best     82.78 | |sigma|  0.075 |  460.0s
[cem/score_safe] gen 215 cap   200 | mean     62.72 | elite     77.92 | best     82.88 | |sigma|  0.073 |  462.4s
[cem/score_safe] gen 216 cap   200 | mean     61.74 | elite     81.73 | best     87.97 | |sigma|  0.068 |  464.6s
[cem/score_safe] gen 217 cap   200 | mean     62.22 | elite     79.96 | best     84.22 | |sigma|  0.067 |  466.8s
[cem/score_safe] gen 218 cap   200 | mean     60.05 | elite     77.26 | best     79.22 | |sigma|  0.066 |  469.0s
[cem/score_safe] gen 219 cap   200 | mean     62.50 | elite     77.11 | best     79.88 | |sigma|  0.065 |  471.3s
[cem/score_safe] gen 220 cap   200 | mean     67.06 | elite     80.70 | best     83.53 | |sigma|  0.067 |  473.7s
[cem/score_safe] gen 221 cap   200 | mean     63.29 | elite     78.04 | best     82.97 | |sigma|  0.064 |  476.0s
[cem/score_safe] gen 222 cap   200 | mean     62.36 | elite     79.06 | best     85.03 | |sigma|  0.066 |  478.3s
[cem/score_safe] gen 223 cap   200 | mean     60.50 | elite     77.57 | best     82.78 | |sigma|  0.066 |  480.6s
[cem/score_safe] gen 224 cap   200 | mean     66.75 | elite     78.83 | best     83.41 | |sigma|  0.064 |  482.9s
[cem/score_safe] gen 225 cap   200 | mean     64.35 | elite     80.05 | best     84.44 | |sigma|  0.065 |  485.2s
[cem/score_safe] gen 226 cap   200 | mean     65.42 | elite     78.77 | best     82.34 | |sigma|  0.070 |  487.5s
[cem/score_safe] gen 227 cap   200 | mean     63.19 | elite     77.62 | best     81.78 | |sigma|  0.067 |  489.8s
[cem/score_safe] gen 228 cap   200 | mean     64.52 | elite     78.20 | best     81.00 | |sigma|  0.072 |  492.1s
[cem/score_safe] gen 229 cap   200 | mean     59.16 | elite     80.95 | best     85.12 | |sigma|  0.077 |  494.2s
[cem/score_safe] gen 230 cap   200 | mean     59.98 | elite     78.85 | best     83.03 | |sigma|  0.080 |  496.4s
[cem/score_safe] gen 231 cap   200 | mean     62.21 | elite     81.38 | best     85.41 | |sigma|  0.095 |  498.6s
[cem/score_safe] gen 232 cap   200 | mean     58.59 | elite     81.19 | best     84.84 | |sigma|  0.085 |  501.1s
[cem/score_safe] gen 233 cap   200 | mean     63.42 | elite     79.11 | best     80.91 | |sigma|  0.080 |  503.5s
[cem/score_safe] gen 234 cap   200 | mean     62.98 | elite     77.28 | best     81.50 | |sigma|  0.083 |  505.8s
[cem/score_safe] gen 235 cap   200 | mean     61.52 | elite     77.66 | best     84.28 | |sigma|  0.077 |  508.1s
[cem/score_safe] gen 236 cap   200 | mean     64.05 | elite     77.93 | best     81.38 | |sigma|  0.073 |  510.4s
[cem/score_safe] gen 237 cap   200 | mean     63.64 | elite     79.97 | best     84.69 | |sigma|  0.070 |  512.7s
[cem/score_safe] gen 238 cap   200 | mean     64.14 | elite     81.37 | best     84.75 | |sigma|  0.066 |  515.0s
[cem/score_safe] gen 239 cap   200 | mean     61.29 | elite     81.28 | best     85.94 | |sigma|  0.069 |  517.1s
[cem/score_safe] gen 240 cap   200 | mean     65.67 | elite     77.69 | best     79.72 | |sigma|  0.069 |  519.4s
[cem/score_safe] gen 241 cap   200 | mean     66.19 | elite     80.39 | best     84.66 | |sigma|  0.074 |  521.8s
[cem/score_safe] gen 242 cap   200 | mean     61.07 | elite     77.74 | best     84.06 | |sigma|  0.071 |  524.0s
[cem/score_safe] gen 243 cap   200 | mean     63.74 | elite     79.49 | best     86.19 | |sigma|  0.073 |  526.3s
[cem/score_safe] gen 244 cap   200 | mean     65.70 | elite     78.38 | best     80.75 | |sigma|  0.066 |  528.6s
[cem/score_safe] gen 245 cap   200 | mean     60.09 | elite     77.51 | best     82.88 | |sigma|  0.070 |  530.7s
[cem/score_safe] gen 246 cap   200 | mean     60.61 | elite     79.58 | best     83.16 | |sigma|  0.069 |  532.9s
[cem/score_safe] gen 247 cap   200 | mean     63.25 | elite     79.46 | best     82.16 | |sigma|  0.071 |  535.1s
[cem/score_safe] gen 248 cap   200 | mean     61.52 | elite     76.70 | best     83.25 | |sigma|  0.064 |  537.4s
[cem/score_safe] gen 249 cap   200 | mean     65.65 | elite     79.82 | best     87.62 | |sigma|  0.064 |  539.7s
[cem/score_safe] gen 250 cap   200 | mean     55.74 | elite     76.79 | best     81.78 | |sigma|  0.068 |  541.8s
[cem/score_safe] gen 251 cap   200 | mean     68.08 | elite     82.66 | best     90.66 | |sigma|  0.067 |  544.1s
[cem/score_safe] gen 252 cap   200 | mean     61.44 | elite     79.47 | best     86.53 | |sigma|  0.069 |  546.3s
[cem/score_safe] gen 253 cap   200 | mean     62.83 | elite     77.86 | best     81.25 | |sigma|  0.068 |  548.5s
[cem/score_safe] gen 254 cap   200 | mean     63.42 | elite     77.18 | best     81.12 | |sigma|  0.069 |  550.7s
[cem/score_safe] gen 255 cap   200 | mean     71.20 | elite     83.51 | best     85.09 | |sigma|  0.068 |  553.0s
[cem/score_safe] gen 256 cap   200 | mean     63.61 | elite     79.12 | best     83.28 | |sigma|  0.069 |  555.3s
[cem/score_safe] gen 257 cap   200 | mean     63.86 | elite     79.01 | best     85.41 | |sigma|  0.066 |  557.6s
[cem/score_safe] gen 258 cap   200 | mean     66.26 | elite     80.84 | best     85.72 | |sigma|  0.069 |  559.9s
[cem/score_safe] gen 259 cap   200 | mean     59.95 | elite     78.18 | best     82.62 | |sigma|  0.068 |  562.1s
[cem/score_safe] gen 260 cap   200 | mean     62.85 | elite     78.55 | best     81.47 | |sigma|  0.069 |  564.3s
[cem/score_safe] gen 261 cap   200 | mean     58.11 | elite     75.75 | best     81.25 | |sigma|  0.070 |  566.3s
[cem/score_safe] gen 262 cap   200 | mean     68.60 | elite     79.23 | best     85.59 | |sigma|  0.071 |  568.7s
[cem/score_safe] gen 263 cap   200 | mean     67.55 | elite     79.92 | best     82.69 | |sigma|  0.068 |  571.0s
[cem/score_safe] gen 264 cap   200 | mean     60.17 | elite     76.64 | best     85.44 | |sigma|  0.064 |  573.3s
[cem/score_safe] gen 265 cap   200 | mean     62.63 | elite     76.89 | best     82.97 | |sigma|  0.069 |  575.6s
[cem/score_safe] gen 266 cap   200 | mean     61.98 | elite     77.47 | best     79.88 | |sigma|  0.070 |  577.8s
[cem/score_safe] gen 267 cap   200 | mean     58.95 | elite     77.39 | best     81.41 | |sigma|  0.065 |  580.0s
[cem/score_safe] gen 268 cap   200 | mean     63.92 | elite     77.92 | best     80.03 | |sigma|  0.068 |  582.3s
[cem/score_safe] gen 269 cap   200 | mean     62.18 | elite     76.49 | best     82.31 | |sigma|  0.067 |  584.7s
[cem/score_safe] gen 270 cap   200 | mean     60.98 | elite     78.59 | best     82.91 | |sigma|  0.065 |  586.9s
[cem/score_safe] gen 271 cap   200 | mean     61.84 | elite     78.49 | best     83.19 | |sigma|  0.073 |  589.3s
[cem/score_safe] gen 272 cap   200 | mean     61.53 | elite     78.78 | best     84.25 | |sigma|  0.071 |  591.4s
[cem/score_safe] gen 273 cap   200 | mean     62.09 | elite     79.06 | best     83.03 | |sigma|  0.065 |  593.7s
[cem/score_safe] gen 274 cap   200 | mean     63.42 | elite     77.98 | best     81.25 | |sigma|  0.065 |  596.0s
[cem/score_safe] gen 275 cap   200 | mean     65.20 | elite     80.20 | best     82.22 | |sigma|  0.064 |  598.3s
[cem/score_safe] gen 276 cap   200 | mean     62.30 | elite     80.29 | best     83.38 | |sigma|  0.064 |  600.5s
[cem/score_safe] gen 277 cap   200 | mean     63.89 | elite     79.22 | best     83.31 | |sigma|  0.065 |  602.9s
[cem/score_safe] gen 278 cap   200 | mean     64.27 | elite     78.94 | best     81.12 | |sigma|  0.069 |  605.2s
[cem/score_safe] gen 279 cap   200 | mean     64.86 | elite     78.78 | best     85.44 | |sigma|  0.069 |  607.5s
[cem/score_safe] gen 280 cap   200 | mean     65.75 | elite     79.88 | best     84.84 | |sigma|  0.070 |  609.8s
[cem/score_safe] gen 281 cap   200 | mean     64.06 | elite     76.78 | best     80.22 | |sigma|  0.068 |  612.2s
[cem/score_safe] gen 282 cap   200 | mean     70.67 | elite     79.69 | best     83.44 | |sigma|  0.069 |  614.5s
[cem/score_safe] gen 283 cap   200 | mean     69.03 | elite     79.68 | best     82.44 | |sigma|  0.071 |  617.4s
[cem/score_safe] gen 284 cap   200 | mean     61.99 | elite     76.55 | best     81.25 | |sigma|  0.079 |  620.1s
[cem/score_safe] gen 285 cap   200 | mean     59.79 | elite     80.40 | best     89.00 | |sigma|  0.080 |  622.1s
[cem/score_safe] gen 286 cap   200 | mean     63.30 | elite     79.01 | best     85.34 | |sigma|  0.084 |  624.5s
[cem/score_safe] gen 287 cap   200 | mean     64.91 | elite     81.12 | best     85.12 | |sigma|  0.087 |  626.7s
[cem/score_safe] gen 288 cap   200 | mean     63.14 | elite     80.24 | best     83.25 | |sigma|  0.090 |  628.9s
[cem/score_safe] gen 289 cap   200 | mean     64.75 | elite     80.07 | best     89.88 | |sigma|  0.082 |  631.2s
[cem/score_safe] gen 290 cap   200 | mean     60.66 | elite     79.34 | best     82.41 | |sigma|  0.076 |  633.3s
[cem/score_safe] gen 291 cap   200 | mean     64.01 | elite     79.63 | best     85.78 | |sigma|  0.082 |  635.6s
[cem/score_safe] gen 292 cap   200 | mean     67.30 | elite     79.59 | best     87.12 | |sigma|  0.081 |  637.9s
[cem/score_safe] gen 293 cap   200 | mean     62.18 | elite     80.81 | best     86.19 | |sigma|  0.075 |  640.2s
[cem/score_safe] gen 294 cap   200 | mean     65.18 | elite     78.71 | best     84.44 | |sigma|  0.076 |  642.4s
[cem/score_safe] gen 295 cap   200 | mean     62.88 | elite     76.99 | best     80.62 | |sigma|  0.084 |  644.7s
[cem/score_safe] gen 296 cap   200 | mean     65.84 | elite     79.71 | best     82.03 | |sigma|  0.086 |  647.0s
[cem/score_safe] gen 297 cap   200 | mean     65.87 | elite     81.16 | best     84.00 | |sigma|  0.088 |  649.3s
[cem/score_safe] gen 298 cap   200 | mean     61.18 | elite     77.13 | best     82.53 | |sigma|  0.084 |  651.5s
[cem/score_safe] gen 299 cap   200 | mean     58.70 | elite     78.37 | best     83.47 | |sigma|  0.085 |  653.6s
[cem/score_safe] gen 300 cap   200 | mean     62.86 | elite     79.30 | best     83.44 | |sigma|  0.088 |  655.8s
[cem/score_safe] gen 301 cap   200 | mean     66.08 | elite     76.92 | best     78.88 | |sigma|  0.080 |  658.1s
[cem/score_safe] gen 302 cap   200 | mean     60.01 | elite     77.85 | best     80.94 | |sigma|  0.079 |  660.3s
[cem/score_safe] gen 303 cap   200 | mean     63.64 | elite     79.84 | best     81.44 | |sigma|  0.073 |  662.6s
[cem/score_safe] gen 304 cap   200 | mean     61.92 | elite     80.62 | best     85.59 | |sigma|  0.068 |  664.7s
[cem/score_safe] gen 305 cap   200 | mean     60.67 | elite     79.27 | best     82.53 | |sigma|  0.068 |  666.9s
[cem/score_safe] gen 306 cap   200 | mean     63.11 | elite     80.35 | best     82.38 | |sigma|  0.070 |  669.1s
[cem/score_safe] gen 307 cap   200 | mean     61.37 | elite     78.84 | best     83.47 | |sigma|  0.074 |  671.4s
[cem/score_safe] gen 308 cap   200 | mean     60.67 | elite     79.44 | best     83.06 | |sigma|  0.074 |  673.7s
[cem/score_safe] gen 309 cap   200 | mean     64.03 | elite     78.22 | best     82.19 | |sigma|  0.071 |  676.0s
[cem/score_safe] gen 310 cap   200 | mean     58.40 | elite     79.22 | best     83.84 | |sigma|  0.067 |  678.1s
[cem/score_safe] gen 311 cap   200 | mean     58.82 | elite     76.53 | best     82.84 | |sigma|  0.067 |  680.3s
[cem/score_safe] gen 312 cap   200 | mean     64.21 | elite     78.28 | best     83.84 | |sigma|  0.065 |  682.6s
[cem/score_safe] gen 313 cap   200 | mean     63.06 | elite     80.51 | best     85.62 | |sigma|  0.063 |  684.9s
[cem/score_safe] gen 314 cap   200 | mean     59.19 | elite     79.07 | best     82.19 | |sigma|  0.064 |  687.0s
[cem/score_safe] gen 315 cap   200 | mean     63.43 | elite     78.12 | best     83.31 | |sigma|  0.066 |  689.3s
[cem/score_safe] gen 316 cap   200 | mean     59.82 | elite     77.97 | best     84.22 | |sigma|  0.064 |  691.5s
[cem/score_safe] gen 317 cap   200 | mean     66.06 | elite     80.88 | best     86.34 | |sigma|  0.067 |  693.8s
[cem/score_safe] gen 318 cap   200 | mean     67.02 | elite     80.10 | best     82.00 | |sigma|  0.064 |  696.1s
[cem/score_safe] gen 319 cap   200 | mean     63.68 | elite     81.13 | best     91.53 | |sigma|  0.065 |  698.4s
[cem/score_safe] gen 320 cap   200 | mean     64.47 | elite     77.94 | best     84.03 | |sigma|  0.066 |  700.7s
[cem/score_safe] gen 321 cap   200 | mean     65.11 | elite     78.26 | best     82.88 | |sigma|  0.070 |  702.9s
[cem/score_safe] gen 322 cap   200 | mean     65.20 | elite     79.55 | best     86.06 | |sigma|  0.067 |  705.2s
[cem/score_safe] gen 323 cap   200 | mean     62.40 | elite     78.67 | best     81.34 | |sigma|  0.065 |  707.4s
[cem/score_safe] gen 324 cap   200 | mean     66.39 | elite     76.84 | best     80.97 | |sigma|  0.068 |  709.7s
[cem/score_safe] gen 325 cap   200 | mean     67.75 | elite     79.29 | best     82.03 | |sigma|  0.066 |  712.2s
[cem/score_safe] gen 326 cap   200 | mean     54.83 | elite     74.33 | best     78.84 | |sigma|  0.070 |  714.1s
[cem/score_safe] gen 327 cap   200 | mean     63.90 | elite     78.11 | best     81.41 | |sigma|  0.068 |  716.4s
[cem/score_safe] gen 328 cap   200 | mean     58.63 | elite     75.63 | best     77.69 | |sigma|  0.063 |  718.6s
[cem/score_safe] gen 329 cap   200 | mean     67.66 | elite     79.88 | best     85.12 | |sigma|  0.064 |  721.0s
[cem/score_safe] gen 330 cap   200 | mean     63.09 | elite     77.48 | best     82.38 | |sigma|  0.066 |  723.2s
[cem/score_safe] gen 331 cap   200 | mean     64.72 | elite     77.31 | best     78.78 | |sigma|  0.065 |  725.5s
[cem/score_safe] gen 332 cap   200 | mean     66.19 | elite     79.11 | best     82.31 | |sigma|  0.068 |  727.8s
[cem/score_safe] gen 333 cap   200 | mean     64.79 | elite     77.96 | best     81.84 | |sigma|  0.071 |  730.1s
[cem/score_safe] gen 334 cap   200 | mean     62.95 | elite     78.68 | best     81.75 | |sigma|  0.076 |  732.3s
[cem/score_safe] gen 335 cap   200 | mean     65.19 | elite     80.97 | best     85.28 | |sigma|  0.071 |  734.6s
[cem/score_safe] gen 336 cap   200 | mean     61.08 | elite     79.78 | best     87.78 | |sigma|  0.076 |  736.7s
[cem/score_safe] gen 337 cap   200 | mean     61.91 | elite     81.16 | best     85.62 | |sigma|  0.069 |  738.8s
[cem/score_safe] gen 338 cap   200 | mean     63.05 | elite     80.14 | best     83.47 | |sigma|  0.071 |  741.1s
[cem/score_safe] gen 339 cap   200 | mean     53.60 | elite     78.70 | best     88.09 | |sigma|  0.069 |  743.1s
[cem/score_safe] gen 340 cap   200 | mean     62.50 | elite     77.41 | best     80.12 | |sigma|  0.067 |  745.4s
[cem/score_safe] gen 341 cap   200 | mean     61.00 | elite     80.12 | best     82.88 | |sigma|  0.065 |  747.7s
[cem/score_safe] gen 342 cap   200 | mean     62.11 | elite     75.75 | best     79.22 | |sigma|  0.069 |  750.0s
[cem/score_safe] gen 343 cap   200 | mean     63.73 | elite     79.67 | best     85.94 | |sigma|  0.073 |  752.4s
[cem/score_safe] gen 344 cap   200 | mean     60.32 | elite     80.36 | best     87.22 | |sigma|  0.073 |  754.5s
[cem/score_safe] gen 345 cap   200 | mean     61.76 | elite     77.92 | best     86.03 | |sigma|  0.070 |  756.8s
[cem/score_safe] gen 346 cap   200 | mean     65.23 | elite     77.92 | best     82.47 | |sigma|  0.065 |  759.1s
[cem/score_safe] gen 347 cap   200 | mean     65.45 | elite     80.79 | best     87.59 | |sigma|  0.068 |  761.5s
[cem/score_safe] gen 348 cap   200 | mean     62.65 | elite     79.40 | best     85.16 | |sigma|  0.067 |  763.8s
[cem/score_safe] gen 349 cap   200 | mean     60.15 | elite     75.66 | best     78.69 | |sigma|  0.065 |  766.1s
[cem/score_safe] gen 350 cap   200 | mean     63.29 | elite     77.82 | best     84.84 | |sigma|  0.065 |  768.4s
[cem/score_safe] gen 351 cap   200 | mean     64.81 | elite     79.39 | best     81.91 | |sigma|  0.065 |  770.7s
[cem/score_safe] gen 352 cap   200 | mean     59.87 | elite     78.93 | best     81.34 | |sigma|  0.066 |  773.0s
[cem/score_safe] gen 353 cap   200 | mean     60.99 | elite     77.68 | best     81.12 | |sigma|  0.068 |  775.3s
[cem/score_safe] gen 354 cap   200 | mean     61.26 | elite     77.16 | best     82.03 | |sigma|  0.071 |  777.5s
[cem/score_safe] gen 355 cap   200 | mean     64.75 | elite     79.90 | best     85.06 | |sigma|  0.065 |  779.8s
[cem/score_safe] gen 356 cap   200 | mean     56.95 | elite     75.14 | best     78.66 | |sigma|  0.068 |  781.9s
[cem/score_safe] gen 357 cap   200 | mean     63.74 | elite     79.40 | best     84.78 | |sigma|  0.066 |  784.4s
[cem/score_safe] gen 358 cap   200 | mean     59.75 | elite     76.63 | best     79.31 | |sigma|  0.068 |  786.6s
[cem/score_safe] gen 359 cap   200 | mean     67.42 | elite     80.09 | best     85.56 | |sigma|  0.066 |  789.0s
[cem/score_safe] gen 360 cap   200 | mean     63.28 | elite     80.82 | best     83.69 | |sigma|  0.065 |  791.1s
[cem/score_safe] gen 361 cap   200 | mean     65.78 | elite     77.49 | best     78.97 | |sigma|  0.070 |  793.5s
[cem/score_safe] gen 362 cap   200 | mean     60.51 | elite     76.96 | best     83.75 | |sigma|  0.069 |  795.7s
[cem/score_safe] gen 363 cap   200 | mean     60.14 | elite     76.08 | best     79.78 | |sigma|  0.069 |  797.8s
[cem/score_safe] gen 364 cap   200 | mean     62.12 | elite     75.66 | best     81.34 | |sigma|  0.070 |  800.1s
[cem/score_safe] gen 365 cap   200 | mean     58.86 | elite     78.22 | best     82.47 | |sigma|  0.070 |  802.3s
[cem/score_safe] gen 366 cap   200 | mean     61.28 | elite     78.48 | best     80.34 | |sigma|  0.070 |  804.5s
[cem/score_safe] gen 367 cap   200 | mean     63.14 | elite     79.14 | best     84.09 | |sigma|  0.069 |  806.7s
[cem/score_safe] gen 368 cap   200 | mean     58.69 | elite     77.35 | best     82.75 | |sigma|  0.069 |  809.0s
[cem/score_safe] gen 369 cap   200 | mean     57.57 | elite     75.37 | best     80.12 | |sigma|  0.067 |  811.1s
[cem/score_safe] gen 370 cap   200 | mean     62.23 | elite     77.20 | best     81.06 | |sigma|  0.072 |  813.4s
[cem/score_safe] gen 371 cap   200 | mean     59.24 | elite     77.18 | best     80.56 | |sigma|  0.082 |  815.6s
[cem/score_safe] gen 372 cap   200 | mean     59.11 | elite     73.90 | best     77.81 | |sigma|  0.082 |  817.8s
[cem/score_safe] gen 373 cap   200 | mean     55.66 | elite     78.02 | best     84.72 | |sigma|  0.077 |  819.9s
[cem/score_safe] gen 374 cap   200 | mean     62.14 | elite     78.11 | best     81.34 | |sigma|  0.069 |  822.2s
[cem/score_safe] gen 375 cap   200 | mean     62.89 | elite     80.53 | best     83.31 | |sigma|  0.075 |  824.4s
[cem/score_safe] gen 376 cap   200 | mean     58.74 | elite     76.04 | best     80.22 | |sigma|  0.068 |  826.5s
[cem/score_safe] gen 377 cap   500 | mean     55.04 | elite     75.56 | best     83.21 | |sigma|  0.068 |  831.3s
[cem/score_safe] gen 378 cap   500 | mean     58.07 | elite     76.01 | best     78.71 | |sigma|  0.067 |  836.3s
[cem/score_safe] gen 379 cap   500 | mean     58.25 | elite     76.72 | best     81.80 | |sigma|  0.071 |  841.4s
[cem/score_safe] gen 380 cap   500 | mean     59.23 | elite     77.99 | best     82.49 | |sigma|  0.068 |  846.6s
[cem/score_safe] gen 381 cap   500 | mean     58.79 | elite     76.36 | best     79.40 | |sigma|  0.066 |  851.3s
[cem/score_safe] gen 382 cap   500 | mean     64.42 | elite     76.82 | best     85.53 | |sigma|  0.067 |  856.9s
[cem/score_safe] gen 383 cap   500 | mean     56.45 | elite     75.91 | best     80.51 | |sigma|  0.065 |  861.2s
[cem/score_safe] gen 384 cap   500 | mean     56.30 | elite     76.23 | best     79.01 | |sigma|  0.065 |  865.6s
[cem/score_safe] gen 385 cap   500 | mean     57.68 | elite     78.44 | best     82.65 | |sigma|  0.064 |  870.3s
[cem/score_safe] gen 386 cap   500 | mean     57.80 | elite     77.50 | best     79.94 | |sigma|  0.072 |  875.2s
[cem/score_safe] gen 387 cap   500 | mean     59.08 | elite     75.37 | best     80.29 | |sigma|  0.071 |  880.4s
[cem/score_safe] gen 388 cap   500 | mean     59.17 | elite     76.25 | best     80.36 | |sigma|  0.072 |  885.6s
[cem/score_safe] gen 389 cap   500 | mean     62.21 | elite     78.02 | best     82.75 | |sigma|  0.071 |  890.9s
[cem/score_safe] gen 390 cap   500 | mean     59.42 | elite     75.83 | best     81.36 | |sigma|  0.076 |  895.6s
[cem/score_safe] gen 391 cap   500 | mean     60.89 | elite     77.86 | best     83.04 | |sigma|  0.071 |  900.9s
[cem/score_safe] gen 392 cap   500 | mean     60.72 | elite     78.82 | best     81.39 | |sigma|  0.068 |  906.0s
[cem/score_safe] gen 393 cap   500 | mean     61.84 | elite     78.88 | best     82.14 | |sigma|  0.069 |  911.3s
[cem/score_safe] gen 394 cap   500 | mean     62.70 | elite     77.62 | best     79.33 | |sigma|  0.065 |  916.3s
[cem/score_safe] gen 395 cap   500 | mean     59.72 | elite     77.56 | best     81.97 | |sigma|  0.064 |  921.5s
[cem/score_safe] gen 396 cap   500 | mean     61.83 | elite     78.28 | best     81.97 | |sigma|  0.065 |  926.7s
[cem/score_safe] gen 397 cap   500 | mean     65.61 | elite     77.72 | best     80.78 | |sigma|  0.065 |  932.4s
[cem/score_safe] gen 398 cap   500 | mean     62.98 | elite     77.48 | best     80.46 | |sigma|  0.066 |  937.8s
[cem/score_safe] gen 399 cap   500 | mean     62.24 | elite     76.62 | best     81.79 | |sigma|  0.069 |  943.1s
[cem/score_safe] gen 400 cap   500 | mean     59.09 | elite     76.05 | best     80.35 | |sigma|  0.068 |  948.4s
[cem/score_safe] gen 401 cap   500 | mean     58.65 | elite     74.56 | best     77.46 | |sigma|  0.068 |  953.6s
[cem/score_safe] gen 402 cap   500 | mean     63.65 | elite     76.97 | best     78.61 | |sigma|  0.063 |  959.2s
[cem/score_safe] gen 403 cap   500 | mean     59.33 | elite     76.38 | best     77.80 | |sigma|  0.070 |  964.2s
[cem/score_safe] gen 404 cap   500 | mean     55.97 | elite     75.54 | best     78.05 | |sigma|  0.065 |  968.9s
[cem/score_safe] gen 405 cap   500 | mean     56.01 | elite     75.22 | best     79.31 | |sigma|  0.066 |  973.7s
[cem/score_safe] gen 406 cap   500 | mean     61.60 | elite     75.98 | best     79.01 | |sigma|  0.065 |  978.8s
[cem/score_safe] gen 407 cap   500 | mean     60.38 | elite     75.51 | best     77.89 | |sigma|  0.066 |  983.8s
[cem/score_safe] gen 408 cap   500 | mean     62.96 | elite     78.74 | best     82.12 | |sigma|  0.065 |  989.2s
[cem/score_safe] gen 409 cap   500 | mean     62.15 | elite     78.06 | best     80.73 | |sigma|  0.065 |  994.3s
[cem/score_safe] gen 410 cap   500 | mean     62.10 | elite     76.89 | best     82.56 | |sigma|  0.070 |  999.4s
[cem/score_safe] gen 411 cap   500 | mean     55.90 | elite     77.11 | best     79.41 | |sigma|  0.072 | 1004.1s
[cem/score_safe] gen 412 cap   500 | mean     60.65 | elite     76.61 | best     81.28 | |sigma|  0.065 | 1009.0s
[cem/score_safe] gen 413 cap   500 | mean     62.05 | elite     77.22 | best     79.48 | |sigma|  0.064 | 1014.5s
[cem/score_safe] gen 414 cap   500 | mean     59.07 | elite     76.43 | best     77.91 | |sigma|  0.069 | 1019.4s
[cem/score_safe] gen 415 cap   500 | mean     63.18 | elite     77.90 | best     81.46 | |sigma|  0.077 | 1024.6s
[cem/score_safe] gen 416 cap   500 | mean     61.61 | elite     78.13 | best     83.41 | |sigma|  0.073 | 1029.4s
[cem/score_safe] gen 417 cap   500 | mean     62.77 | elite     76.40 | best     78.70 | |sigma|  0.071 | 1034.7s
[cem/score_safe] gen 418 cap   500 | mean     65.00 | elite     76.33 | best     79.34 | |sigma|  0.068 | 1040.4s
[cem/score_safe] gen 419 cap   500 | mean     60.86 | elite     77.63 | best     83.29 | |sigma|  0.069 | 1045.5s
[cem/score_safe] gen 420 cap   500 | mean     59.55 | elite     74.98 | best     78.44 | |sigma|  0.066 | 1050.4s
[cem/score_safe] gen 421 cap   500 | mean     65.75 | elite     77.13 | best     83.34 | |sigma|  0.068 | 1056.1s
[cem/score_safe] gen 422 cap   500 | mean     57.54 | elite     76.35 | best     80.14 | |sigma|  0.069 | 1060.5s
[cem/score_safe] gen 423 cap   500 | mean     61.68 | elite     75.64 | best     78.97 | |sigma|  0.067 | 1066.0s
[cem/score_safe] gen 424 cap   500 | mean     64.48 | elite     77.20 | best     81.85 | |sigma|  0.065 | 1071.4s
[cem/score_safe] gen 425 cap   500 | mean     61.67 | elite     76.96 | best     77.88 | |sigma|  0.067 | 1076.5s
[cem/score_safe] gen 426 cap   500 | mean     62.59 | elite     77.43 | best     81.67 | |sigma|  0.069 | 1081.7s
[cem/score_safe] gen 427 cap   500 | mean     66.81 | elite     78.47 | best     83.16 | |sigma|  0.068 | 1088.2s
[cem/score_safe] gen 428 cap   500 | mean     58.71 | elite     77.65 | best     79.77 | |sigma|  0.066 | 1093.2s
[cem/score_safe] gen 429 cap   500 | mean     61.79 | elite     75.19 | best     76.88 | |sigma|  0.072 | 1098.6s
[cem/score_safe] gen 430 cap   500 | mean     67.01 | elite     77.49 | best     82.56 | |sigma|  0.075 | 1104.4s
[cem/score_safe] gen 431 cap   500 | mean     59.71 | elite     75.03 | best     78.21 | |sigma|  0.076 | 1109.7s
[cem/score_safe] gen 432 cap   500 | mean     60.58 | elite     77.17 | best     80.14 | |sigma|  0.076 | 1115.1s
[cem/score_safe] gen 433 cap   500 | mean     64.84 | elite     76.72 | best     79.65 | |sigma|  0.065 | 1120.7s
[cem/score_safe] gen 434 cap   500 | mean     63.47 | elite     77.42 | best     82.03 | |sigma|  0.065 | 1126.1s
[cem/score_safe] gen 435 cap   500 | mean     63.91 | elite     76.29 | best     78.59 | |sigma|  0.065 | 1131.8s
[cem/score_safe] gen 436 cap   500 | mean     61.57 | elite     77.51 | best     81.89 | |sigma|  0.067 | 1137.0s
[cem/score_safe] gen 437 cap   500 | mean     63.61 | elite     77.34 | best     80.38 | |sigma|  0.065 | 1142.3s
[cem/score_safe] gen 438 cap   500 | mean     62.45 | elite     75.82 | best     77.75 | |sigma|  0.067 | 1147.7s
[cem/score_safe] gen 439 cap   500 | mean     61.66 | elite     76.40 | best     79.99 | |sigma|  0.071 | 1152.9s
[cem/score_safe] gen 440 cap   500 | mean     60.88 | elite     74.99 | best     77.20 | |sigma|  0.066 | 1158.3s
[cem/score_safe] gen 441 cap   500 | mean     65.68 | elite     78.44 | best     80.54 | |sigma|  0.068 | 1164.0s
[cem/score_safe] gen 442 cap   500 | mean     63.20 | elite     76.39 | best     80.34 | |sigma|  0.064 | 1169.5s
[cem/score_safe] gen 443 cap   500 | mean     62.08 | elite     78.38 | best     81.14 | |sigma|  0.064 | 1174.8s
[cem/score_safe] gen 444 cap   500 | mean     65.76 | elite     79.11 | best     82.03 | |sigma|  0.064 | 1180.2s
[cem/score_safe] gen 445 cap   500 | mean     60.23 | elite     77.86 | best     80.09 | |sigma|  0.065 | 1185.0s
[cem/score_safe] gen 446 cap   500 | mean     63.17 | elite     78.01 | best     81.46 | |sigma|  0.069 | 1190.2s
[cem/score_safe] gen 447 cap   500 | mean     62.92 | elite     77.38 | best     80.04 | |sigma|  0.070 | 1195.4s
[cem/score_safe] gen 448 cap   500 | mean     62.35 | elite     78.12 | best     81.21 | |sigma|  0.066 | 1201.0s
[cem/score_safe] gen 449 cap   500 | mean     63.80 | elite     79.04 | best     81.75 | |sigma|  0.063 | 1206.1s
[cem/score_safe] gen 450 cap   500 | mean     63.00 | elite     78.17 | best     82.20 | |sigma|  0.063 | 1211.5s
[cem/score_safe] gen 451 cap   500 | mean     56.14 | elite     78.79 | best     84.10 | |sigma|  0.063 | 1216.1s
[cem/score_safe] gen 452 cap   500 | mean     65.48 | elite     78.19 | best     80.60 | |sigma|  0.066 | 1221.6s
[cem/score_safe] gen 453 cap   500 | mean     58.80 | elite     76.84 | best     80.05 | |sigma|  0.073 | 1226.8s
[cem/score_safe] gen 454 cap   500 | mean     56.89 | elite     76.79 | best     81.50 | |sigma|  0.068 | 1232.0s
[cem/score_safe] gen 455 cap   500 | mean     63.92 | elite     77.30 | best     80.69 | |sigma|  0.067 | 1237.2s
[cem/score_safe] gen 456 cap   500 | mean     58.40 | elite     77.95 | best     82.49 | |sigma|  0.070 | 1241.9s
[cem/score_safe] gen 457 cap   500 | mean     59.82 | elite     76.20 | best     79.50 | |sigma|  0.068 | 1246.8s
[cem/score_safe] gen 458 cap   500 | mean     61.43 | elite     76.88 | best     80.29 | |sigma|  0.067 | 1252.1s
[cem/score_safe] gen 459 cap   500 | mean     57.28 | elite     76.15 | best     79.51 | |sigma|  0.065 | 1257.0s
[cem/score_safe] gen 460 cap   500 | mean     62.50 | elite     75.42 | best     79.49 | |sigma|  0.068 | 1262.3s
[cem/score_safe] gen 461 cap   500 | mean     62.57 | elite     77.36 | best     80.77 | |sigma|  0.068 | 1267.9s
[cem/score_safe] gen 462 cap   500 | mean     60.37 | elite     77.21 | best     80.12 | |sigma|  0.072 | 1272.8s
[cem/score_safe] gen 463 cap   500 | mean     64.01 | elite     77.25 | best     79.94 | |sigma|  0.074 | 1278.3s
[cem/score_safe] gen 464 cap   500 | mean     58.94 | elite     77.09 | best     79.58 | |sigma|  0.071 | 1283.1s
[cem/score_safe] gen 465 cap   500 | mean     61.58 | elite     76.60 | best     82.42 | |sigma|  0.068 | 1288.7s
[cem/score_safe] gen 466 cap   500 | mean     61.98 | elite     77.53 | best     79.36 | |sigma|  0.064 | 1294.0s
[cem/score_safe] gen 467 cap   500 | mean     60.98 | elite     77.08 | best     79.41 | |sigma|  0.069 | 1298.9s
[cem/score_safe] gen 468 cap   500 | mean     58.90 | elite     77.64 | best     80.56 | |sigma|  0.067 | 1303.8s
[cem/score_safe] gen 469 cap   500 | mean     61.73 | elite     75.77 | best     77.17 | |sigma|  0.067 | 1309.1s
[cem/score_safe] gen 470 cap   500 | mean     65.91 | elite     77.26 | best     81.81 | |sigma|  0.063 | 1314.8s
[cem/score_safe] gen 471 cap   500 | mean     60.65 | elite     74.32 | best     77.10 | |sigma|  0.072 | 1320.1s
[cem/score_safe] gen 472 cap   500 | mean     61.14 | elite     75.50 | best     78.15 | |sigma|  0.076 | 1325.4s
[cem/score_safe] gen 473 cap   500 | mean     56.59 | elite     75.33 | best     79.17 | |sigma|  0.075 | 1330.0s
[cem/score_safe] gen 474 cap   500 | mean     62.77 | elite     76.01 | best     79.76 | |sigma|  0.067 | 1335.2s
[cem/score_safe] gen 475 cap   500 | mean     63.61 | elite     77.98 | best     81.18 | |sigma|  0.069 | 1340.7s
[cem/score_safe] gen 476 cap   500 | mean     61.19 | elite     75.52 | best     77.85 | |sigma|  0.069 | 1345.8s
[cem/score_safe] gen 477 cap   500 | mean     63.26 | elite     77.07 | best     79.58 | |sigma|  0.070 | 1351.1s
[cem/score_safe] gen 478 cap   500 | mean     62.59 | elite     76.90 | best     78.50 | |sigma|  0.072 | 1356.6s
[cem/score_safe] gen 479 cap   500 | mean     57.84 | elite     77.83 | best     81.88 | |sigma|  0.077 | 1361.2s
[cem/score_safe] gen 480 cap   500 | mean     62.62 | elite     76.57 | best     78.85 | |sigma|  0.081 | 1366.7s
[cem/score_safe] gen 481 cap   500 | mean     59.21 | elite     75.59 | best     80.20 | |sigma|  0.084 | 1371.5s
[cem/score_safe] gen 482 cap   500 | mean     61.11 | elite     75.84 | best     79.14 | |sigma|  0.087 | 1376.9s
[cem/score_safe] gen 483 cap   500 | mean     63.30 | elite     77.93 | best     81.28 | |sigma|  0.083 | 1382.8s
[cem/score_safe] gen 484 cap   500 | mean     59.77 | elite     78.21 | best     80.99 | |sigma|  0.082 | 1387.9s
[cem/score_safe] gen 485 cap   500 | mean     58.97 | elite     76.32 | best     77.85 | |sigma|  0.069 | 1392.7s
[cem/score_safe] gen 486 cap   500 | mean     64.63 | elite     76.82 | best     82.67 | |sigma|  0.072 | 1398.4s
[cem/score_safe] gen 487 cap   500 | mean     61.23 | elite     76.90 | best     79.46 | |sigma|  0.075 | 1403.7s
[cem/score_safe] gen 488 cap   500 | mean     60.29 | elite     78.90 | best     80.96 | |sigma|  0.077 | 1409.1s
[cem/score_safe] gen 489 cap   500 | mean     53.64 | elite     76.59 | best     79.97 | |sigma|  0.068 | 1413.7s
[cem/score_safe] gen 490 cap   500 | mean     64.41 | elite     79.96 | best     85.28 | |sigma|  0.065 | 1419.2s
[cem/score_safe] gen 491 cap   500 | mean     59.47 | elite     79.51 | best     83.31 | |sigma|  0.068 | 1424.0s
[cem/score_safe] gen 492 cap   500 | mean     58.63 | elite     76.11 | best     79.66 | |sigma|  0.066 | 1428.9s
[cem/score_safe] gen 493 cap   500 | mean     64.76 | elite     78.04 | best     80.56 | |sigma|  0.078 | 1434.5s
[cem/score_safe] gen 494 cap   500 | mean     58.11 | elite     77.40 | best     81.91 | |sigma|  0.074 | 1439.2s
[cem/score_safe] gen 495 cap   500 | mean     64.71 | elite     77.16 | best     79.02 | |sigma|  0.066 | 1444.7s
[cem/score_safe] gen 496 cap   500 | mean     57.63 | elite     76.49 | best     79.34 | |sigma|  0.063 | 1449.4s
[cem/score_safe] gen 497 cap   500 | mean     63.65 | elite     76.47 | best     82.70 | |sigma|  0.065 | 1454.7s
[cem/score_safe] gen 498 cap   500 | mean     60.65 | elite     78.75 | best     80.81 | |sigma|  0.067 | 1459.8s
[cem/score_safe] gen 499 cap   500 | mean     55.11 | elite     75.46 | best     82.36 | |sigma|  0.066 | 1464.3s
[cem/score_safe] gen 500 cap   500 | mean     53.86 | elite     78.02 | best     80.05 | |sigma|  0.065 | 1468.8s
[cem/score_safe] gen 501 cap   500 | mean     56.64 | elite     77.56 | best     80.24 | |sigma|  0.066 | 1473.6s
[cem/score_safe] gen 502 cap   500 | mean     60.31 | elite     77.86 | best     82.29 | |sigma|  0.066 | 1478.7s
[cem/score_safe] gen 503 cap   500 | mean     61.91 | elite     78.15 | best     83.29 | |sigma|  0.067 | 1483.7s
[cem/score_safe] gen 504 cap   500 | mean     67.29 | elite     77.86 | best     80.97 | |sigma|  0.068 | 1489.5s
[cem/score_safe] gen 505 cap   500 | mean     61.69 | elite     78.64 | best     81.56 | |sigma|  0.068 | 1494.8s
[cem/score_safe] gen 506 cap   500 | mean     64.56 | elite     78.33 | best     81.98 | |sigma|  0.073 | 1500.3s
[cem/score_safe] gen 507 cap   500 | mean     62.94 | elite     78.33 | best     81.89 | |sigma|  0.074 | 1505.4s
[cem/score_safe] gen 508 cap   500 | mean     60.76 | elite     77.01 | best     78.93 | |sigma|  0.069 | 1510.6s
[cem/score_safe] gen 509 cap   500 | mean     64.21 | elite     77.97 | best     82.84 | |sigma|  0.073 | 1516.0s
[cem/score_safe] gen 510 cap   500 | mean     57.32 | elite     76.31 | best     78.34 | |sigma|  0.067 | 1520.3s
[cem/score_safe] gen 511 cap   500 | mean     63.12 | elite     76.92 | best     79.96 | |sigma|  0.065 | 1525.9s
[cem/score_safe] gen 512 cap   500 | mean     62.73 | elite     77.80 | best     81.31 | |sigma|  0.065 | 1531.2s
[cem/score_safe] gen 513 cap   500 | mean     60.42 | elite     77.25 | best     81.37 | |sigma|  0.066 | 1536.3s
[cem/score_safe] gen 514 cap   500 | mean     61.46 | elite     77.46 | best     82.47 | |sigma|  0.065 | 1541.6s
[cem/score_safe] gen 515 cap   500 | mean     62.69 | elite     76.94 | best     80.64 | |sigma|  0.066 | 1547.0s
[cem/score_safe] gen 516 cap   500 | mean     61.71 | elite     76.82 | best     80.09 | |sigma|  0.066 | 1552.2s
[cem/score_safe] gen 517 cap   500 | mean     65.69 | elite     76.37 | best     78.47 | |sigma|  0.063 | 1557.9s
[cem/score_safe] gen 518 cap   500 | mean     68.65 | elite     77.83 | best     79.72 | |sigma|  0.064 | 1563.5s
[cem/score_safe] gen 519 cap   500 | mean     60.63 | elite     77.08 | best     78.31 | |sigma|  0.066 | 1568.4s
[cem/score_safe] gen 520 cap   500 | mean     61.95 | elite     77.21 | best     82.27 | |sigma|  0.064 | 1573.8s
[cem/score_safe] gen 521 cap   500 | mean     60.01 | elite     77.93 | best     80.29 | |sigma|  0.065 | 1579.2s
[cem/score_safe] gen 522 cap   500 | mean     59.19 | elite     77.41 | best     80.20 | |sigma|  0.067 | 1584.0s
[cem/score_safe] gen 523 cap   500 | mean     63.32 | elite     75.39 | best     78.49 | |sigma|  0.077 | 1589.4s
[cem/score_safe] gen 524 cap   500 | mean     58.91 | elite     75.12 | best     77.32 | |sigma|  0.067 | 1594.5s
[cem/score_safe] gen 525 cap   500 | mean     63.17 | elite     76.48 | best     79.27 | |sigma|  0.067 | 1600.0s
[cem/score_safe] gen 526 cap   500 | mean     63.15 | elite     76.13 | best     78.05 | |sigma|  0.069 | 1605.4s
[cem/score_safe] gen 527 cap   500 | mean     59.25 | elite     77.57 | best     81.91 | |sigma|  0.070 | 1610.4s
[cem/score_safe] gen 528 cap   500 | mean     60.34 | elite     76.48 | best     79.01 | |sigma|  0.072 | 1615.4s
[cem/score_safe] gen 529 cap   500 | mean     58.88 | elite     76.75 | best     79.06 | |sigma|  0.064 | 1620.1s
[cem/score_safe] gen 530 cap   500 | mean     60.42 | elite     77.24 | best     81.01 | |sigma|  0.067 | 1625.2s
[cem/score_safe] gen 531 cap   500 | mean     61.60 | elite     77.04 | best     80.47 | |sigma|  0.065 | 1630.3s
[cem/score_safe] gen 532 cap   500 | mean     59.46 | elite     78.75 | best     82.40 | |sigma|  0.072 | 1635.2s
[cem/score_safe] gen 533 cap   500 | mean     61.03 | elite     78.19 | best     80.96 | |sigma|  0.079 | 1640.3s
[cem/score_safe] gen 534 cap   500 | mean     62.69 | elite     78.39 | best     80.46 | |sigma|  0.067 | 1645.7s
[cem/score_safe] gen 535 cap   500 | mean     61.84 | elite     77.76 | best     79.92 | |sigma|  0.066 | 1651.3s
[cem/score_safe] gen 536 cap  1500 | mean     42.74 | elite     75.28 | best     77.25 | |sigma|  0.067 | 1661.4s
[cem/score_safe] gen 537 cap  1500 | mean     60.67 | elite     76.10 | best     77.03 | |sigma|  0.068 | 1676.5s
[cem/score_safe] gen 538 cap  1500 | mean     53.08 | elite     75.24 | best     77.47 | |sigma|  0.065 | 1687.7s
[cem/score_safe] gen 539 cap  1500 | mean     54.02 | elite     74.17 | best     75.62 | |sigma|  0.072 | 1701.5s
[cem/score_safe] gen 540 cap  1500 | mean     59.35 | elite     75.90 | best     78.60 | |sigma|  0.074 | 1716.7s
[cem/score_safe] gen 541 cap  1500 | mean     52.12 | elite     75.25 | best     79.42 | |sigma|  0.073 | 1728.6s
[cem/score_safe] gen 542 cap  1500 | mean     52.04 | elite     75.54 | best     78.45 | |sigma|  0.068 | 1740.6s
[cem/score_safe] gen 543 cap  1500 | mean     51.33 | elite     75.95 | best     78.81 | |sigma|  0.066 | 1751.6s
[cem/score_safe] gen 544 cap  1500 | mean     56.75 | elite     76.92 | best     79.19 | |sigma|  0.068 | 1765.1s
[cem/score_safe] gen 545 cap  1500 | mean     57.06 | elite     76.42 | best     78.77 | |sigma|  0.075 | 1779.9s
[cem/score_safe] gen 546 cap  1500 | mean     56.62 | elite     76.94 | best     79.10 | |sigma|  0.069 | 1793.6s
[cem/score_safe] gen 547 cap  1500 | mean     53.67 | elite     76.63 | best     79.85 | |sigma|  0.067 | 1804.8s
[cem/score_safe] gen 548 cap  1500 | mean     56.78 | elite     76.37 | best     78.32 | |sigma|  0.072 | 1818.5s
[cem/score_safe] gen 549 cap  1500 | mean     54.28 | elite     76.12 | best     78.38 | |sigma|  0.078 | 1831.3s
[cem/score_safe] gen 550 cap  1500 | mean     58.32 | elite     75.85 | best     78.30 | |sigma|  0.076 | 1846.0s
[cem/score_safe] gen 551 cap  1500 | mean     56.00 | elite     74.87 | best     76.48 | |sigma|  0.074 | 1859.5s
[cem/score_safe] gen 552 cap  1500 | mean     57.78 | elite     75.46 | best     80.80 | |sigma|  0.064 | 1873.1s
[cem/score_safe] gen 553 cap  1500 | mean     55.42 | elite     74.45 | best     78.55 | |sigma|  0.072 | 1885.8s
[cem/score_safe] gen 554 cap  1500 | mean     60.77 | elite     75.50 | best     77.28 | |sigma|  0.073 | 1901.4s
[cem/score_safe] gen 555 cap  1500 | mean     51.32 | elite     73.91 | best     77.47 | |sigma|  0.070 | 1913.0s
[cem/score_safe] gen 556 cap  1500 | mean     60.86 | elite     76.06 | best     79.66 | |sigma|  0.067 | 1928.1s
[cem/score_safe] gen 557 cap  1500 | mean     58.60 | elite     77.37 | best     81.60 | |sigma|  0.066 | 1941.9s
[cem/score_safe] gen 558 cap  1500 | mean     53.24 | elite     77.96 | best     81.30 | |sigma|  0.069 | 1953.9s
[cem/score_safe] gen 559 cap  1500 | mean     58.07 | elite     75.83 | best     76.90 | |sigma|  0.065 | 1968.1s
[cem/score_safe] gen 560 cap  1500 | mean     56.76 | elite     75.87 | best     80.72 | |sigma|  0.069 | 1982.2s
[cem/score_safe] gen 561 cap  1500 | mean     50.29 | elite     76.03 | best     79.12 | |sigma|  0.071 | 1994.6s
[cem/score_safe] gen 562 cap  1500 | mean     56.51 | elite     77.23 | best     79.97 | |sigma|  0.068 | 2008.1s
[cem/score_safe] gen 563 cap  1500 | mean     54.89 | elite     77.06 | best     78.18 | |sigma|  0.071 | 2021.6s
[cem/score_safe] gen 564 cap  1500 | mean     51.90 | elite     75.12 | best     77.81 | |sigma|  0.071 | 2034.3s
[cem/score_safe] gen 565 cap  1500 | mean     56.60 | elite     77.15 | best     80.06 | |sigma|  0.076 | 2047.4s
[cem/score_safe] gen 566 cap  1500 | mean     57.11 | elite     75.75 | best     78.15 | |sigma|  0.074 | 2060.6s
[cem/score_safe] gen 567 cap  1500 | mean     59.09 | elite     77.31 | best     79.40 | |sigma|  0.066 | 2075.4s
[cem/score_safe] gen 568 cap  1500 | mean     55.65 | elite     74.86 | best     78.06 | |sigma|  0.068 | 2088.9s
[cem/score_safe] gen 569 cap  1500 | mean     58.26 | elite     76.48 | best     81.32 | |sigma|  0.069 | 2103.5s
[cem/score_safe] gen 570 cap  1500 | mean     62.78 | elite     76.13 | best     78.61 | |sigma|  0.075 | 2120.1s
[cem/score_safe] gen 571 cap  1500 | mean     53.08 | elite     74.26 | best     78.66 | |sigma|  0.067 | 2133.0s
[cem/score_safe] gen 572 cap  1500 | mean     59.41 | elite     76.55 | best     78.70 | |sigma|  0.065 | 2148.5s
[cem/score_safe] gen 573 cap  1500 | mean     54.30 | elite     76.21 | best     78.96 | |sigma|  0.068 | 2160.7s
[cem/score_safe] gen 574 cap  1500 | mean     58.07 | elite     76.54 | best     78.75 | |sigma|  0.067 | 2173.8s
[cem/score_safe] gen 575 cap  1500 | mean     52.07 | elite     76.41 | best     80.41 | |sigma|  0.066 | 2185.9s
[cem/score_safe] gen 576 cap  1500 | mean     56.37 | elite     74.98 | best     78.04 | |sigma|  0.064 | 2199.2s
[cem/score_safe] gen 577 cap  1500 | mean     58.47 | elite     75.94 | best     80.72 | |sigma|  0.068 | 2214.1s
[cem/score_safe] gen 578 cap  1500 | mean     60.77 | elite     76.04 | best     78.36 | |sigma|  0.066 | 2230.0s
[cem/score_safe] gen 579 cap  1500 | mean     55.60 | elite     76.10 | best     79.67 | |sigma|  0.065 | 2242.3s
[cem/score_safe] gen 580 cap  1500 | mean     56.52 | elite     77.64 | best     80.90 | |sigma|  0.068 | 2255.9s
[cem/score_safe] gen 581 cap  1500 | mean     60.39 | elite     76.34 | best     83.42 | |sigma|  0.068 | 2272.2s
[cem/score_safe] gen 582 cap  1500 | mean     55.77 | elite     76.62 | best     78.64 | |sigma|  0.070 | 2285.3s
[cem/score_safe] gen 583 cap  1500 | mean     56.99 | elite     76.85 | best     82.02 | |sigma|  0.068 | 2299.0s
[cem/score_safe] gen 584 cap  1500 | mean     53.67 | elite     76.51 | best     80.70 | |sigma|  0.070 | 2311.1s
[cem/score_safe] gen 585 cap  1500 | mean     53.05 | elite     75.56 | best     78.30 | |sigma|  0.069 | 2324.5s
[cem/score_safe] gen 586 cap  1500 | mean     56.08 | elite     76.58 | best     80.62 | |sigma|  0.067 | 2337.4s
[cem/score_safe] gen 587 cap  1500 | mean     49.80 | elite     74.99 | best     78.33 | |sigma|  0.069 | 2348.8s
[cem/score_safe] gen 588 cap  1500 | mean     54.09 | elite     75.45 | best     79.91 | |sigma|  0.067 | 2362.1s
[cem/score_safe] gen 589 cap  1500 | mean     57.95 | elite     77.87 | best     81.06 | |sigma|  0.072 | 2377.6s
[cem/score_safe] gen 590 cap  1500 | mean     49.36 | elite     75.73 | best     77.84 | |sigma|  0.072 | 2388.9s
[cem/score_safe] gen 591 cap  1500 | mean     56.84 | elite     75.99 | best     79.97 | |sigma|  0.075 | 2403.5s
[cem/score_safe] gen 592 cap  1500 | mean     52.14 | elite     73.89 | best     76.47 | |sigma|  0.067 | 2416.0s
[cem/score_safe] gen 593 cap  1500 | mean     56.86 | elite     75.87 | best     80.11 | |sigma|  0.072 | 2430.7s
[cem/score_safe] gen 594 cap  1500 | mean     59.05 | elite     76.97 | best     81.35 | |sigma|  0.072 | 2445.7s
[cem/score_safe] gen 595 cap  1500 | mean     57.09 | elite     75.29 | best     78.19 | |sigma|  0.071 | 2460.2s
[cem/score_safe] gen 596 cap  1500 | mean     56.52 | elite     75.88 | best     78.16 | |sigma|  0.076 | 2473.0s
[cem/score_safe] gen 597 cap  1500 | mean     54.87 | elite     75.52 | best     78.29 | |sigma|  0.074 | 2486.0s
[cem/score_safe] gen 598 cap  5000 | mean     45.88 | elite     75.07 | best     78.13 | |sigma|  0.072 | 2519.2s
[cem/score_safe] gen 599 cap  5000 | mean     55.04 | elite     73.77 | best     76.38 | |sigma|  0.071 | 2569.9s
[cem/score_safe] gen 600 cap  5000 | mean     56.38 | elite     75.91 | best     77.83 | |sigma|  0.077 | 2615.7s
[cem/score_safe] gen 601 cap  5000 | mean     52.25 | elite     74.38 | best     76.53 | |sigma|  0.080 | 2658.5s
[cem/score_safe] gen 602 cap  5000 | mean     52.38 | elite     74.55 | best     77.90 | |sigma|  0.073 | 2702.1s
[cem/score_safe] gen 603 cap  5000 | mean     58.49 | elite     75.45 | best     77.30 | |sigma|  0.071 | 2750.0s
[cem/score_safe] gen 604 cap  5000 | mean     48.38 | elite     75.14 | best     77.16 | |sigma|  0.070 | 2788.4s
[cem/score_safe] gen 605 cap  5000 | mean     46.81 | elite     73.68 | best     78.57 | |sigma|  0.076 | 2826.1s
[cem/score_safe] gen 606 cap  5000 | mean     53.75 | elite     75.10 | best     78.98 | |sigma|  0.069 | 2871.1s
[cem/score_safe] gen 607 cap  5000 | mean     48.96 | elite     74.54 | best     76.31 | |sigma|  0.069 | 2907.6s
[cem/score_safe] gen 608 cap  5000 | mean     46.73 | elite     76.37 | best     79.20 | |sigma|  0.071 | 2942.7s
[cem/score_safe] gen 609 cap  5000 | mean     52.12 | elite     74.72 | best     77.02 | |sigma|  0.072 | 2980.3s
[cem/score_safe] gen 610 cap  5000 | mean     45.64 | elite     74.68 | best     77.98 | |sigma|  0.067 | 3013.0s
[cem/score_safe] gen 611 cap  5000 | mean     48.86 | elite     71.51 | best     75.87 | |sigma|  0.065 | 3049.4s
[cem/score_safe] gen 612 cap  5000 | mean     57.39 | elite     74.20 | best     78.57 | |sigma|  0.064 | 3099.8s
[cem/score_safe] gen 613 cap  5000 | mean     55.88 | elite     73.77 | best     75.57 | |sigma|  0.067 | 3148.4s
[cem/score_safe] gen 614 cap  5000 | mean     43.85 | elite     74.13 | best     77.75 | |sigma|  0.067 | 3183.6s
[cem/score_safe] gen 615 cap  5000 | mean     54.58 | elite     74.72 | best     77.92 | |sigma|  0.065 | 3225.9s
[cem/score_safe] gen 616 cap  5000 | mean     51.51 | elite     74.58 | best     75.92 | |sigma|  0.064 | 3265.9s
[cem/score_safe] gen 617 cap  5000 | mean     56.30 | elite     73.82 | best     76.97 | |sigma|  0.065 | 3313.4s
[cem] time budget 3300s reached at gen 618
[cem] search stayed alive for all 618 generations (final |sigma| = 0.0651)

[cem] evaluating distribution mean on held-out seeds ...
       lines 29203.0 | score/piece 74.5 | tetris 44.3%
[cem] evaluating best single candidate on held-out seeds ...
       lines 113.6 | score/piece 72.5 | tetris 63.9%

[cem] selected: distribution_mean
[cem] wrote weights/cem_score_safe.json
[cem] FINAL held-out: mean lines 29203.0 | score/piece 74.5 | tetris rate 44.3%
