[cem] objective=score | 64 candidates x 8 seeds | budget 3300s | workers 50
[cem] checkpoint ./rl/../weights/ckpt_cem_score_wells10.json
[cem/score] gen   0 cap   200 | mean      4.47 | elite     27.68 | best     46.00 | |sigma|  4.221 |    1.9s
[cem/score] gen   1 cap   200 | mean      8.46 | elite     39.54 | best     51.38 | |sigma|  2.157 |    3.7s
[cem/score] gen   2 cap   200 | mean     14.50 | elite     46.81 | best     52.00 | |sigma|  3.455 |    5.5s
[cem/score] gen   3 cap   200 | mean      8.41 | elite     41.57 | best     49.06 | |sigma|  2.807 |    6.7s
[cem/score] gen   4 cap   200 | mean     12.47 | elite     46.45 | best     49.69 | |sigma|  3.510 |    8.1s
[cem/score] gen   5 cap   200 | mean      8.16 | elite     42.36 | best     48.59 | |sigma|  2.532 |    9.3s
[cem/score] gen   6 cap   200 | mean     16.56 | elite     44.68 | best     47.91 | |sigma|  3.551 |   10.7s
[cem/score] gen   7 cap   200 | mean     10.63 | elite     42.81 | best     49.22 | |sigma|  2.374 |   12.0s
[cem/score] gen   8 cap   200 | mean     14.97 | elite     43.54 | best     47.31 | |sigma|  3.724 |   13.3s
[cem/score] gen   9 cap   200 | mean     10.83 | elite     43.31 | best     53.66 | |sigma|  2.418 |   15.0s
[cem/score] gen  10 cap   200 | mean     23.18 | elite     50.21 | best     55.07 | |sigma|  3.059 |   16.8s
[cem/score] gen  11 cap   200 | mean      8.59 | elite     42.78 | best     48.94 | |sigma|  2.884 |   18.1s
[cem/score] gen  12 cap   200 | mean     12.28 | elite     45.14 | best     48.06 | |sigma|  2.859 |   19.5s
[cem/score] gen  13 cap   200 | mean     10.99 | elite     46.69 | best     51.97 | |sigma|  2.818 |   20.7s
[cem/score] gen  14 cap   200 | mean     12.33 | elite     44.85 | best     48.59 | |sigma|  3.151 |   21.9s
[cem/score] gen  15 cap   200 | mean     10.53 | elite     44.40 | best     51.06 | |sigma|  2.522 |   23.3s
[cem/score] gen  16 cap   200 | mean     13.99 | elite     46.16 | best     49.06 | |sigma|  3.040 |   24.8s
[cem/score] gen  17 cap   200 | mean     14.03 | elite     45.73 | best     50.75 | |sigma|  2.169 |   26.4s
[cem/score] gen  18 cap   200 | mean     18.83 | elite     47.52 | best     49.69 | |sigma|  2.852 |   28.1s
[cem/score] gen  19 cap   200 | mean     10.69 | elite     46.86 | best     48.78 | |sigma|  2.125 |   29.9s
[cem/score] gen  20 cap   200 | mean     12.75 | elite     43.30 | best     47.91 | |sigma|  3.124 |   31.6s
[cem/score] gen  21 cap   200 | mean     11.66 | elite     46.88 | best     50.22 | |sigma|  2.430 |   33.3s
[cem/score] gen  22 cap   200 | mean     13.59 | elite     46.71 | best     48.84 | |sigma|  2.301 |   34.5s
[cem/score] gen  23 cap   200 | mean     15.74 | elite     45.64 | best     47.31 | |sigma|  2.491 |   35.8s
[cem/score] gen  24 cap   200 | mean     17.04 | elite     48.11 | best     53.34 | |sigma|  2.303 |   37.4s
[cem/score] gen  25 cap   200 | mean     15.96 | elite     48.40 | best     50.72 | |sigma|  2.409 |   38.7s
[cem/score] gen  26 cap   200 | mean     14.05 | elite     47.17 | best     48.62 | |sigma|  2.255 |   40.4s
[cem/score] gen  27 cap   200 | mean     12.88 | elite     46.38 | best     51.25 | |sigma|  2.295 |   41.7s
[cem/score] gen  28 cap   200 | mean     16.03 | elite     45.35 | best     49.53 | |sigma|  2.522 |   43.0s
[cem/score] gen  29 cap   200 | mean     18.85 | elite     48.07 | best     50.78 | |sigma|  2.262 |   44.3s
[cem/score] gen  30 cap   200 | mean     12.32 | elite     46.00 | best     50.62 | |sigma|  2.679 |   45.6s
[cem/score] gen  31 cap   200 | mean     11.03 | elite     45.77 | best     49.50 | |sigma|  2.062 |   46.9s
[cem/score] gen  32 cap   200 | mean     16.61 | elite     45.34 | best     48.75 | |sigma|  2.274 |   48.3s
[cem/score] gen  33 cap   200 | mean     18.34 | elite     47.38 | best     48.75 | |sigma|  2.001 |   49.6s
[cem/score] gen  34 cap   200 | mean     16.48 | elite     45.50 | best     47.31 | |sigma|  2.396 |   51.0s
[cem/score] gen  35 cap   200 | mean     12.71 | elite     44.09 | best     48.41 | |sigma|  1.946 |   52.2s
[cem/score] gen  36 cap   200 | mean     16.70 | elite     46.50 | best     51.41 | |sigma|  2.219 |   53.3s
[cem/score] gen  37 cap   200 | mean     17.43 | elite     47.15 | best     51.44 | |sigma|  1.896 |   54.7s
[cem/score] gen  38 cap   200 | mean     17.62 | elite     46.84 | best     48.91 | |sigma|  1.713 |   56.5s
[cem/score] gen  39 cap   200 | mean     22.48 | elite     47.54 | best     48.12 | |sigma|  1.751 |   57.9s
[cem/score] gen  40 cap   200 | mean     20.18 | elite     47.41 | best     49.50 | |sigma|  2.324 |   59.2s
[cem/score] gen  41 cap   200 | mean     14.61 | elite     44.22 | best     48.06 | |sigma|  1.679 |   60.5s
[cem/score] gen  42 cap   200 | mean     18.13 | elite     47.45 | best     50.56 | |sigma|  1.566 |   61.8s
[cem/score] gen  43 cap   200 | mean     18.34 | elite     47.60 | best     49.28 | |sigma|  1.786 |   63.4s
[cem/score] gen  44 cap   200 | mean     19.66 | elite     47.91 | best     48.66 | |sigma|  1.586 |   64.7s
[cem/score] gen  45 cap   200 | mean     19.58 | elite     48.63 | best     51.28 | |sigma|  1.557 |   66.4s
[cem/score] gen  46 cap   200 | mean     27.31 | elite     49.62 | best     51.85 | |sigma|  1.163 |   68.1s
[cem/score] gen  47 cap   200 | mean     27.70 | elite     48.88 | best     50.72 | |sigma|  1.041 |   69.6s
[cem/score] gen  48 cap   200 | mean     33.35 | elite     49.53 | best     54.72 | |sigma|  0.697 |   71.4s
[cem/score] gen  49 cap   200 | mean     39.55 | elite     52.47 | best     60.75 | |sigma|  0.510 |   73.4s
[cem/score] gen  50 cap   200 | mean     41.94 | elite     54.62 | best     66.09 | |sigma|  0.502 |   75.4s
[cem/score] gen  51 cap   200 | mean     45.54 | elite     57.79 | best     62.62 | |sigma|  0.355 |   77.7s
[cem/score] gen  52 cap   200 | mean     48.05 | elite     58.10 | best     63.87 | |sigma|  0.310 |   79.7s
[cem/score] gen  53 cap   200 | mean     51.48 | elite     61.50 | best     69.69 | |sigma|  0.247 |   82.0s
[cem/score] gen  54 cap   200 | mean     53.71 | elite     63.08 | best     65.28 | |sigma|  0.206 |   85.0s
[cem/score] gen  55 cap   200 | mean     52.68 | elite     66.10 | best     70.97 | |sigma|  0.143 |   87.2s
[cem/score] gen  56 cap   200 | mean     54.25 | elite     71.40 | best     79.39 | |sigma|  0.113 |   89.0s
[cem/score] gen  57 cap   200 | mean     51.26 | elite     71.74 | best     75.03 | |sigma|  0.122 |   90.8s
[cem/score] gen  58 cap   200 | mean     51.59 | elite     72.62 | best     79.62 | |sigma|  0.113 |   92.7s
[cem/score] gen  59 cap   200 | mean     48.23 | elite     74.46 | best     79.19 | |sigma|  0.087 |   94.5s
[cem/score] gen  60 cap   200 | mean     59.56 | elite     76.91 | best     84.50 | |sigma|  0.084 |   96.7s
[cem/score] gen  61 cap   200 | mean     52.64 | elite     71.75 | best     77.45 | |sigma|  0.076 |   98.6s
[cem/score] gen  62 cap   200 | mean     57.42 | elite     74.46 | best     78.06 | |sigma|  0.077 |  100.8s
[cem/score] gen  63 cap   200 | mean     55.24 | elite     73.04 | best     78.91 | |sigma|  0.091 |  102.7s
[cem/score] gen  64 cap   200 | mean     54.47 | elite     75.83 | best     77.85 | |sigma|  0.082 |  104.6s
[cem/score] gen  65 cap   200 | mean     54.05 | elite     76.65 | best     80.38 | |sigma|  0.068 |  106.4s
[cem/score] gen  66 cap   200 | mean     61.55 | elite     77.87 | best     80.54 | |sigma|  0.063 |  108.4s
[cem/score] gen  67 cap   200 | mean     59.90 | elite     74.15 | best     79.36 | |sigma|  0.064 |  110.6s
[cem/score] gen  68 cap   200 | mean     63.28 | elite     76.02 | best     81.37 | |sigma|  0.064 |  112.9s
[cem/score] gen  69 cap   200 | mean     62.03 | elite     74.72 | best     78.82 | |sigma|  0.066 |  115.3s
[cem/score] gen  70 cap   200 | mean     59.87 | elite     74.25 | best     77.67 | |sigma|  0.072 |  117.3s
[cem/score] gen  71 cap   200 | mean     58.91 | elite     73.61 | best     76.28 | |sigma|  0.067 |  119.4s
[cem/score] gen  72 cap   200 | mean     62.45 | elite     74.26 | best     78.86 | |sigma|  0.069 |  121.9s
[cem/score] gen  73 cap   200 | mean     62.05 | elite     75.50 | best     80.92 | |sigma|  0.071 |  124.3s
[cem/score] gen  74 cap   200 | mean     59.31 | elite     77.27 | best     79.74 | |sigma|  0.073 |  126.9s
[cem/score] gen  75 cap   200 | mean     57.81 | elite     75.45 | best     78.88 | |sigma|  0.070 |  129.0s
[cem/score] gen  76 cap   200 | mean     59.03 | elite     76.53 | best     78.19 | |sigma|  0.068 |  131.2s
[cem/score] gen  77 cap   200 | mean     59.31 | elite     75.02 | best     79.16 | |sigma|  0.069 |  133.5s
[cem/score] gen  78 cap   200 | mean     63.66 | elite     80.13 | best     83.41 | |sigma|  0.072 |  135.6s
[cem/score] gen  79 cap   200 | mean     61.33 | elite     75.59 | best     79.25 | |sigma|  0.073 |  137.9s
[cem/score] gen  80 cap   200 | mean     63.81 | elite     77.74 | best     83.25 | |sigma|  0.080 |  140.2s
[cem/score] gen  81 cap   200 | mean     58.38 | elite     77.13 | best     79.30 | |sigma|  0.073 |  142.4s
[cem/score] gen  82 cap   200 | mean     63.96 | elite     76.99 | best     82.36 | |sigma|  0.070 |  144.7s
[cem/score] gen  83 cap   200 | mean     57.67 | elite     75.41 | best     83.70 | |sigma|  0.067 |  146.7s
[cem/score] gen  84 cap   200 | mean     55.70 | elite     72.27 | best     76.62 | |sigma|  0.068 |  149.1s
[cem/score] gen  85 cap   200 | mean     58.99 | elite     76.88 | best     79.78 | |sigma|  0.068 |  151.5s
[cem/score] gen  86 cap   200 | mean     57.17 | elite     77.87 | best     81.37 | |sigma|  0.065 |  153.7s
[cem/score] gen  87 cap   200 | mean     51.17 | elite     75.13 | best     79.05 | |sigma|  0.067 |  155.7s
[cem/score] gen  88 cap   200 | mean     55.78 | elite     79.23 | best     85.47 | |sigma|  0.072 |  157.7s
[cem/score] gen  89 cap   200 | mean     51.53 | elite     75.89 | best     81.50 | |sigma|  0.073 |  159.6s
[cem/score] gen  90 cap   200 | mean     57.41 | elite     74.65 | best     82.12 | |sigma|  0.069 |  162.5s
[cem/score] gen  91 cap   200 | mean     57.78 | elite     75.92 | best     81.26 | |sigma|  0.070 |  164.7s
[cem/score] gen  92 cap   200 | mean     56.36 | elite     76.03 | best     81.56 | |sigma|  0.066 |  166.7s
[cem/score] gen  93 cap   200 | mean     55.20 | elite     76.05 | best     79.77 | |sigma|  0.067 |  168.7s
[cem/score] gen  94 cap   200 | mean     58.24 | elite     77.31 | best     84.56 | |sigma|  0.064 |  170.9s
[cem/score] gen  95 cap   200 | mean     57.52 | elite     76.68 | best     80.41 | |sigma|  0.065 |  172.9s
[cem/score] gen  96 cap   200 | mean     60.16 | elite     76.10 | best     81.56 | |sigma|  0.070 |  175.2s
[cem/score] gen  97 cap   200 | mean     59.77 | elite     75.85 | best     78.53 | |sigma|  0.069 |  177.3s
[cem/score] gen  98 cap   200 | mean     61.98 | elite     77.49 | best     83.91 | |sigma|  0.066 |  179.6s
[cem/score] gen  99 cap   200 | mean     62.29 | elite     76.69 | best     78.17 | |sigma|  0.068 |  181.8s
[cem/score] gen 100 cap   200 | mean     59.17 | elite     77.70 | best     83.00 | |sigma|  0.071 |  183.8s
[cem/score] gen 101 cap   200 | mean     61.84 | elite     76.69 | best     79.41 | |sigma|  0.070 |  186.0s
[cem/score] gen 102 cap   200 | mean     61.90 | elite     78.87 | best     80.81 | |sigma|  0.065 |  188.1s
[cem/score] gen 103 cap   200 | mean     57.33 | elite     76.27 | best     82.28 | |sigma|  0.066 |  190.2s
[cem/score] gen 104 cap   200 | mean     66.97 | elite     79.41 | best     82.43 | |sigma|  0.064 |  192.8s
[cem/score] gen 105 cap   200 | mean     54.01 | elite     78.23 | best     83.75 | |sigma|  0.066 |  194.6s
[cem/score] gen 106 cap   200 | mean     62.06 | elite     75.11 | best     79.09 | |sigma|  0.070 |  197.1s
[cem/score] gen 107 cap   200 | mean     63.43 | elite     78.18 | best     81.75 | |sigma|  0.071 |  199.3s
[cem/score] gen 108 cap   200 | mean     61.14 | elite     75.92 | best     78.45 | |sigma|  0.067 |  201.6s
[cem/score] gen 109 cap   200 | mean     61.63 | elite     76.64 | best     78.43 | |sigma|  0.070 |  203.9s
[cem/score] gen 110 cap   200 | mean     65.09 | elite     79.87 | best     86.29 | |sigma|  0.069 |  206.2s
[cem/score] gen 111 cap   200 | mean     61.11 | elite     77.43 | best     81.62 | |sigma|  0.067 |  208.4s
[cem/score] gen 112 cap   200 | mean     59.83 | elite     75.80 | best     78.78 | |sigma|  0.065 |  210.7s
[cem/score] gen 113 cap   200 | mean     60.12 | elite     77.08 | best     83.66 | |sigma|  0.066 |  213.2s
[cem/score] gen 114 cap   200 | mean     58.34 | elite     78.66 | best     81.90 | |sigma|  0.066 |  215.3s
[cem/score] gen 115 cap   200 | mean     56.36 | elite     78.62 | best     83.26 | |sigma|  0.069 |  217.4s
[cem/score] gen 116 cap   200 | mean     58.11 | elite     77.72 | best     85.09 | |sigma|  0.070 |  219.7s
[cem/score] gen 117 cap   200 | mean     64.96 | elite     82.16 | best     86.19 | |sigma|  0.070 |  222.2s
[cem/score] gen 118 cap   200 | mean     60.36 | elite     76.09 | best     77.53 | |sigma|  0.072 |  224.7s
[cem/score] gen 119 cap   200 | mean     63.77 | elite     78.82 | best     86.31 | |sigma|  0.064 |  227.1s
[cem/score] gen 120 cap   200 | mean     57.57 | elite     80.49 | best     84.97 | |sigma|  0.067 |  229.7s
[cem/score] gen 121 cap   200 | mean     66.55 | elite     78.69 | best     82.14 | |sigma|  0.067 |  232.3s
[cem/score] gen 122 cap   200 | mean     64.03 | elite     80.94 | best     86.50 | |sigma|  0.068 |  234.7s
[cem/score] gen 123 cap   200 | mean     55.04 | elite     77.43 | best     80.23 | |sigma|  0.069 |  236.7s
[cem/score] gen 124 cap   200 | mean     65.93 | elite     81.62 | best     83.25 | |sigma|  0.067 |  239.0s
[cem/score] gen 125 cap   200 | mean     56.63 | elite     75.14 | best     79.73 | |sigma|  0.070 |  240.9s
[cem/score] gen 126 cap   200 | mean     62.60 | elite     77.05 | best     80.12 | |sigma|  0.071 |  243.3s
[cem/score] gen 127 cap   200 | mean     67.29 | elite     77.29 | best     80.75 | |sigma|  0.071 |  245.7s
[cem/score] gen 128 cap   200 | mean     59.87 | elite     79.77 | best     82.57 | |sigma|  0.071 |  247.8s
[cem/score] gen 129 cap   200 | mean     52.97 | elite     76.68 | best     79.71 | |sigma|  0.073 |  249.6s
[cem/score] gen 130 cap   200 | mean     60.48 | elite     79.66 | best     82.96 | |sigma|  0.077 |  251.7s
[cem/score] gen 131 cap   200 | mean     59.75 | elite     75.38 | best     79.88 | |sigma|  0.088 |  253.8s
[cem/score] gen 132 cap   200 | mean     62.08 | elite     78.93 | best     88.35 | |sigma|  0.078 |  256.0s
[cem/score] gen 133 cap   200 | mean     61.31 | elite     78.16 | best     82.62 | |sigma|  0.082 |  258.1s
[cem/score] gen 134 cap   200 | mean     55.28 | elite     78.20 | best     82.94 | |sigma|  0.081 |  260.1s
[cem/score] gen 135 cap   200 | mean     64.77 | elite     79.57 | best     85.47 | |sigma|  0.077 |  262.4s
[cem/score] gen 136 cap   200 | mean     66.63 | elite     79.82 | best     82.78 | |sigma|  0.075 |  264.8s
[cem/score] gen 137 cap   200 | mean     61.38 | elite     78.54 | best     83.10 | |sigma|  0.074 |  266.8s
[cem/score] gen 138 cap   200 | mean     58.69 | elite     77.10 | best     78.78 | |sigma|  0.079 |  269.0s
[cem/score] gen 139 cap   200 | mean     63.27 | elite     80.53 | best     83.28 | |sigma|  0.084 |  271.5s
[cem/score] gen 140 cap   200 | mean     60.63 | elite     78.44 | best     80.90 | |sigma|  0.077 |  273.6s
[cem/score] gen 141 cap   200 | mean     59.89 | elite     78.83 | best     82.19 | |sigma|  0.075 |  275.8s
[cem/score] gen 142 cap   200 | mean     66.39 | elite     79.68 | best     82.91 | |sigma|  0.068 |  278.2s
[cem/score] gen 143 cap   200 | mean     64.72 | elite     79.15 | best     88.00 | |sigma|  0.074 |  280.6s
[cem/score] gen 144 cap   200 | mean     63.29 | elite     79.16 | best     82.57 | |sigma|  0.081 |  283.0s
[cem/score] gen 145 cap   200 | mean     57.77 | elite     78.80 | best     83.36 | |sigma|  0.093 |  285.1s
[cem/score] gen 146 cap   200 | mean     63.95 | elite     80.25 | best     82.61 | |sigma|  0.087 |  287.5s
[cem/score] gen 147 cap   200 | mean     65.58 | elite     80.73 | best     83.56 | |sigma|  0.082 |  289.7s
[cem/score] gen 148 cap   200 | mean     57.56 | elite     77.31 | best     83.34 | |sigma|  0.082 |  291.7s
[cem/score] gen 149 cap   200 | mean     67.34 | elite     81.69 | best     85.88 | |sigma|  0.077 |  294.1s
[cem/score] gen 150 cap   200 | mean     65.08 | elite     80.84 | best     82.93 | |sigma|  0.075 |  296.3s
[cem/score] gen 151 cap   200 | mean     62.83 | elite     80.14 | best     83.86 | |sigma|  0.084 |  298.6s
[cem/score] gen 152 cap   200 | mean     60.47 | elite     79.48 | best     83.31 | |sigma|  0.080 |  300.7s
[cem/score] gen 153 cap   200 | mean     63.62 | elite     80.31 | best     83.97 | |sigma|  0.072 |  302.8s
[cem/score] gen 154 cap   200 | mean     65.42 | elite     82.10 | best     84.03 | |sigma|  0.065 |  305.1s
[cem/score] gen 155 cap   200 | mean     62.11 | elite     80.39 | best     83.50 | |sigma|  0.065 |  308.0s
[cem/score] gen 156 cap   200 | mean     67.37 | elite     81.32 | best     87.56 | |sigma|  0.066 |  310.4s
[cem/score] gen 157 cap   200 | mean     63.53 | elite     80.57 | best     83.78 | |sigma|  0.071 |  312.7s
[cem/score] gen 158 cap   200 | mean     61.94 | elite     78.63 | best     83.66 | |sigma|  0.069 |  314.9s
[cem/score] gen 159 cap   200 | mean     65.57 | elite     77.73 | best     81.25 | |sigma|  0.070 |  317.4s
[cem/score] gen 160 cap   200 | mean     65.57 | elite     78.37 | best     82.94 | |sigma|  0.075 |  319.8s
[cem/score] gen 161 cap   200 | mean     61.38 | elite     79.53 | best     86.89 | |sigma|  0.075 |  322.0s
[cem/score] gen 162 cap   200 | mean     61.90 | elite     77.68 | best     84.84 | |sigma|  0.071 |  324.5s
[cem/score] gen 163 cap   200 | mean     67.46 | elite     81.40 | best     86.07 | |sigma|  0.071 |  327.3s
[cem/score] gen 164 cap   200 | mean     65.69 | elite     80.62 | best     85.38 | |sigma|  0.067 |  329.7s
[cem/score] gen 165 cap   200 | mean     64.44 | elite     79.75 | best     83.83 | |sigma|  0.065 |  332.0s
[cem/score] gen 166 cap   200 | mean     66.41 | elite     80.54 | best     83.45 | |sigma|  0.068 |  334.4s
[cem/score] gen 167 cap   200 | mean     61.95 | elite     78.97 | best     84.19 | |sigma|  0.073 |  336.5s
[cem/score] gen 168 cap   200 | mean     67.78 | elite     78.87 | best     83.09 | |sigma|  0.073 |  338.8s
[cem/score] gen 169 cap   200 | mean     69.87 | elite     79.35 | best     81.31 | |sigma|  0.067 |  341.2s
[cem/score] gen 170 cap   200 | mean     61.63 | elite     78.45 | best     86.22 | |sigma|  0.066 |  343.4s
[cem/score] gen 171 cap   200 | mean     60.69 | elite     77.83 | best     79.97 | |sigma|  0.067 |  345.5s
[cem/score] gen 172 cap   200 | mean     66.75 | elite     80.84 | best     83.91 | |sigma|  0.072 |  347.8s
[cem/score] gen 173 cap   200 | mean     69.20 | elite     82.47 | best     85.53 | |sigma|  0.070 |  350.2s
[cem/score] gen 174 cap   200 | mean     63.70 | elite     78.88 | best     83.90 | |sigma|  0.067 |  352.2s
[cem/score] gen 175 cap   200 | mean     70.60 | elite     79.24 | best     82.02 | |sigma|  0.068 |  354.5s
[cem/score] gen 176 cap   200 | mean     62.17 | elite     78.23 | best     83.97 | |sigma|  0.071 |  356.8s
[cem/score] gen 177 cap   200 | mean     68.41 | elite     82.87 | best     86.12 | |sigma|  0.076 |  359.2s
[cem/score] gen 178 cap   200 | mean     63.48 | elite     80.26 | best     84.00 | |sigma|  0.075 |  361.3s
[cem/score] gen 179 cap   200 | mean     62.02 | elite     77.67 | best     80.12 | |sigma|  0.072 |  363.6s
[cem/score] gen 180 cap   200 | mean     62.28 | elite     80.67 | best     84.02 | |sigma|  0.076 |  365.7s
[cem/score] gen 181 cap   200 | mean     61.57 | elite     78.53 | best     81.44 | |sigma|  0.076 |  367.8s
[cem/score] gen 182 cap   200 | mean     65.02 | elite     78.06 | best     83.65 | |sigma|  0.077 |  370.1s
[cem/score] gen 183 cap   200 | mean     68.02 | elite     79.70 | best     87.15 | |sigma|  0.079 |  373.1s
[cem/score] gen 184 cap   200 | mean     60.17 | elite     77.81 | best     79.03 | |sigma|  0.074 |  375.1s
[cem/score] gen 185 cap   200 | mean     64.01 | elite     82.35 | best     84.88 | |sigma|  0.069 |  377.4s
[cem/score] gen 186 cap   200 | mean     62.86 | elite     78.13 | best     83.84 | |sigma|  0.071 |  379.7s
[cem/score] gen 187 cap   200 | mean     57.01 | elite     78.28 | best     85.47 | |sigma|  0.076 |  381.6s
[cem/score] gen 188 cap   200 | mean     61.83 | elite     77.80 | best     82.28 | |sigma|  0.075 |  384.2s
[cem/score] gen 189 cap   200 | mean     59.71 | elite     77.84 | best     82.53 | |sigma|  0.067 |  386.3s
[cem/score] gen 190 cap   200 | mean     61.78 | elite     78.61 | best     82.75 | |sigma|  0.067 |  388.5s
[cem/score] gen 191 cap   200 | mean     61.71 | elite     77.80 | best     80.60 | |sigma|  0.069 |  390.8s
[cem/score] gen 192 cap   200 | mean     62.97 | elite     77.37 | best     81.84 | |sigma|  0.071 |  393.1s
[cem/score] gen 193 cap   200 | mean     61.08 | elite     76.14 | best     81.14 | |sigma|  0.071 |  395.3s
[cem/score] gen 194 cap   200 | mean     62.92 | elite     77.76 | best     79.94 | |sigma|  0.069 |  397.5s
[cem/score] gen 195 cap   200 | mean     61.97 | elite     79.83 | best     83.62 | |sigma|  0.069 |  399.7s
[cem/score] gen 196 cap   200 | mean     57.26 | elite     78.51 | best     84.20 | |sigma|  0.073 |  401.6s
[cem/score] gen 197 cap   200 | mean     56.56 | elite     80.24 | best     85.13 | |sigma|  0.066 |  403.5s
[cem/score] gen 198 cap   200 | mean     60.05 | elite     76.56 | best     78.67 | |sigma|  0.066 |  405.6s
[cem/score] gen 199 cap   200 | mean     60.58 | elite     80.04 | best     83.05 | |sigma|  0.065 |  407.7s
[cem/score] gen 200 cap   200 | mean     64.02 | elite     83.01 | best     85.62 | |sigma|  0.064 |  410.0s
[cem/score] gen 201 cap   200 | mean     64.77 | elite     78.68 | best     80.33 | |sigma|  0.068 |  412.2s
[cem/score] gen 202 cap   200 | mean     60.65 | elite     78.93 | best     84.19 | |sigma|  0.068 |  414.4s
[cem/score] gen 203 cap   200 | mean     67.17 | elite     79.22 | best     86.00 | |sigma|  0.069 |  416.8s
[cem/score] gen 204 cap   200 | mean     62.26 | elite     77.56 | best     81.94 | |sigma|  0.066 |  418.8s
[cem/score] gen 205 cap   200 | mean     64.23 | elite     80.41 | best     84.72 | |sigma|  0.066 |  421.2s
[cem/score] gen 206 cap   200 | mean     67.35 | elite     80.51 | best     83.47 | |sigma|  0.066 |  423.5s
[cem/score] gen 207 cap   200 | mean     55.32 | elite     79.42 | best     87.39 | |sigma|  0.068 |  425.5s
[cem/score] gen 208 cap   200 | mean     63.12 | elite     77.74 | best     81.34 | |sigma|  0.070 |  427.9s
[cem/score] gen 209 cap   200 | mean     63.15 | elite     79.43 | best     83.68 | |sigma|  0.068 |  430.0s
[cem/score] gen 210 cap   200 | mean     63.51 | elite     78.46 | best     83.06 | |sigma|  0.072 |  432.2s
[cem/score] gen 211 cap   200 | mean     59.46 | elite     79.25 | best     83.34 | |sigma|  0.068 |  434.3s
[cem/score] gen 212 cap   200 | mean     63.82 | elite     81.51 | best     87.41 | |sigma|  0.067 |  436.6s
[cem/score] gen 213 cap   200 | mean     58.78 | elite     77.71 | best     82.50 | |sigma|  0.070 |  438.7s
[cem/score] gen 214 cap   200 | mean     64.50 | elite     77.41 | best     80.47 | |sigma|  0.067 |  440.8s
[cem/score] gen 215 cap   200 | mean     66.97 | elite     79.91 | best     81.53 | |sigma|  0.065 |  443.5s
[cem/score] gen 216 cap   200 | mean     60.80 | elite     80.42 | best     84.69 | |sigma|  0.066 |  445.6s
[cem/score] gen 217 cap   200 | mean     68.76 | elite     82.19 | best     86.31 | |sigma|  0.069 |  447.9s
[cem/score] gen 218 cap   200 | mean     63.21 | elite     78.07 | best     80.81 | |sigma|  0.065 |  450.0s
[cem/score] gen 219 cap   200 | mean     66.95 | elite     80.89 | best     83.25 | |sigma|  0.064 |  452.6s
[cem/score] gen 220 cap   200 | mean     67.16 | elite     81.50 | best     85.31 | |sigma|  0.066 |  454.9s
[cem/score] gen 221 cap   200 | mean     66.41 | elite     79.34 | best     81.00 | |sigma|  0.063 |  457.3s
[cem/score] gen 222 cap   200 | mean     66.15 | elite     80.57 | best     84.03 | |sigma|  0.067 |  459.6s
[cem/score] gen 223 cap   200 | mean     64.05 | elite     79.80 | best     86.59 | |sigma|  0.072 |  462.1s
[cem/score] gen 224 cap   200 | mean     65.98 | elite     80.65 | best     83.25 | |sigma|  0.067 |  464.6s
[cem/score] gen 225 cap   200 | mean     63.53 | elite     79.35 | best     83.38 | |sigma|  0.073 |  466.9s
[cem/score] gen 226 cap   200 | mean     65.84 | elite     78.75 | best     84.75 | |sigma|  0.077 |  469.2s
[cem/score] gen 227 cap   200 | mean     62.24 | elite     77.53 | best     79.38 | |sigma|  0.077 |  471.4s
[cem/score] gen 228 cap   200 | mean     62.71 | elite     78.40 | best     83.53 | |sigma|  0.076 |  474.0s
[cem/score] gen 229 cap   200 | mean     62.92 | elite     78.52 | best     82.92 | |sigma|  0.071 |  476.2s
[cem/score] gen 230 cap   200 | mean     66.93 | elite     78.53 | best     83.00 | |sigma|  0.078 |  478.5s
[cem/score] gen 231 cap   200 | mean     67.40 | elite     82.46 | best     85.22 | |sigma|  0.072 |  480.7s
[cem/score] gen 232 cap   200 | mean     64.26 | elite     79.69 | best     82.38 | |sigma|  0.074 |  483.0s
[cem/score] gen 233 cap   200 | mean     65.55 | elite     80.49 | best     84.34 | |sigma|  0.073 |  485.3s
[cem/score] gen 234 cap   200 | mean     62.61 | elite     79.89 | best     82.97 | |sigma|  0.078 |  487.5s
[cem/score] gen 235 cap   200 | mean     63.16 | elite     77.72 | best     80.50 | |sigma|  0.076 |  489.9s
[cem/score] gen 236 cap   200 | mean     65.82 | elite     78.98 | best     83.47 | |sigma|  0.074 |  492.1s
[cem/score] gen 237 cap   200 | mean     66.23 | elite     79.59 | best     82.30 | |sigma|  0.067 |  494.6s
[cem/score] gen 238 cap   200 | mean     65.80 | elite     79.76 | best     84.62 | |sigma|  0.065 |  496.9s
[cem/score] gen 239 cap   200 | mean     66.67 | elite     82.20 | best     85.95 | |sigma|  0.067 |  499.0s
[cem/score] gen 240 cap   200 | mean     67.29 | elite     78.82 | best     81.94 | |sigma|  0.073 |  501.4s
[cem/score] gen 241 cap   200 | mean     67.27 | elite     78.08 | best     81.68 | |sigma|  0.076 |  503.7s
[cem/score] gen 242 cap   200 | mean     64.40 | elite     77.43 | best     84.84 | |sigma|  0.072 |  506.0s
[cem/score] gen 243 cap   200 | mean     65.07 | elite     77.22 | best     80.59 | |sigma|  0.066 |  508.5s
[cem/score] gen 244 cap   200 | mean     67.06 | elite     76.84 | best     83.58 | |sigma|  0.072 |  511.2s
[cem/score] gen 245 cap   200 | mean     64.05 | elite     78.74 | best     81.70 | |sigma|  0.076 |  513.5s
[cem/score] gen 246 cap   200 | mean     63.78 | elite     80.25 | best     86.88 | |sigma|  0.071 |  515.9s
[cem/score] gen 247 cap   200 | mean     66.14 | elite     81.60 | best     87.91 | |sigma|  0.068 |  518.2s
[cem/score] gen 248 cap   200 | mean     59.99 | elite     78.52 | best     86.16 | |sigma|  0.071 |  520.2s
[cem/score] gen 249 cap   200 | mean     67.89 | elite     79.98 | best     83.69 | |sigma|  0.068 |  522.7s
[cem/score] gen 250 cap   200 | mean     63.82 | elite     79.18 | best     82.14 | |sigma|  0.068 |  525.0s
[cem/score] gen 251 cap   200 | mean     68.30 | elite     81.69 | best     86.47 | |sigma|  0.066 |  527.3s
[cem/score] gen 252 cap   200 | mean     64.24 | elite     79.64 | best     82.03 | |sigma|  0.067 |  529.5s
[cem/score] gen 253 cap   200 | mean     64.32 | elite     79.43 | best     84.61 | |sigma|  0.066 |  531.5s
[cem/score] gen 254 cap   200 | mean     64.12 | elite     80.19 | best     84.34 | |sigma|  0.071 |  533.6s
[cem/score] gen 255 cap   200 | mean     67.94 | elite     80.31 | best     87.28 | |sigma|  0.067 |  536.0s
[cem/score] gen 256 cap   200 | mean     62.36 | elite     77.60 | best     80.50 | |sigma|  0.066 |  538.2s
[cem/score] gen 257 cap   200 | mean     64.09 | elite     78.49 | best     81.69 | |sigma|  0.071 |  540.5s
[cem/score] gen 258 cap   200 | mean     67.88 | elite     81.32 | best     84.91 | |sigma|  0.075 |  542.8s
[cem/score] gen 259 cap   200 | mean     64.88 | elite     78.05 | best     80.92 | |sigma|  0.076 |  545.0s
[cem/score] gen 260 cap   200 | mean     66.54 | elite     80.92 | best     86.66 | |sigma|  0.071 |  547.2s
[cem/score] gen 261 cap   200 | mean     62.69 | elite     76.75 | best     80.22 | |sigma|  0.068 |  549.4s
[cem/score] gen 262 cap   200 | mean     68.97 | elite     80.04 | best     86.32 | |sigma|  0.068 |  551.8s
[cem/score] gen 263 cap   200 | mean     68.55 | elite     79.00 | best     83.34 | |sigma|  0.067 |  554.1s
[cem/score] gen 264 cap   200 | mean     63.64 | elite     77.00 | best     81.65 | |sigma|  0.068 |  556.4s
[cem/score] gen 265 cap   200 | mean     64.59 | elite     77.59 | best     81.05 | |sigma|  0.065 |  558.8s
[cem/score] gen 266 cap   200 | mean     65.40 | elite     77.53 | best     82.14 | |sigma|  0.066 |  560.9s
[cem/score] gen 267 cap   200 | mean     60.39 | elite     79.47 | best     83.41 | |sigma|  0.065 |  563.0s
[cem/score] gen 268 cap   200 | mean     64.40 | elite     77.40 | best     81.78 | |sigma|  0.070 |  565.1s
[cem/score] gen 269 cap   200 | mean     64.94 | elite     77.53 | best     81.75 | |sigma|  0.072 |  567.5s
[cem/score] gen 270 cap   200 | mean     65.59 | elite     79.51 | best     81.93 | |sigma|  0.081 |  570.0s
[cem/score] gen 271 cap   200 | mean     61.78 | elite     77.63 | best     81.71 | |sigma|  0.079 |  572.2s
[cem/score] gen 272 cap   200 | mean     67.01 | elite     78.19 | best     81.01 | |sigma|  0.092 |  574.5s
[cem/score] gen 273 cap   200 | mean     66.99 | elite     80.95 | best     83.88 | |sigma|  0.074 |  576.9s
[cem/score] gen 274 cap   200 | mean     65.21 | elite     80.34 | best     81.69 | |sigma|  0.072 |  579.1s
[cem/score] gen 275 cap   200 | mean     64.07 | elite     77.96 | best     83.28 | |sigma|  0.071 |  581.4s
[cem/score] gen 276 cap   200 | mean     64.57 | elite     80.01 | best     85.97 | |sigma|  0.069 |  583.6s
[cem/score] gen 277 cap   200 | mean     66.30 | elite     78.67 | best     80.88 | |sigma|  0.068 |  585.9s
[cem/score] gen 278 cap   200 | mean     68.61 | elite     79.19 | best     83.71 | |sigma|  0.067 |  588.2s
[cem/score] gen 279 cap   200 | mean     68.92 | elite     78.82 | best     84.19 | |sigma|  0.067 |  590.6s
[cem/score] gen 280 cap   200 | mean     69.01 | elite     79.77 | best     81.62 | |sigma|  0.069 |  592.9s
[cem/score] gen 281 cap   200 | mean     66.35 | elite     78.42 | best     81.88 | |sigma|  0.071 |  595.2s
[cem/score] gen 282 cap   200 | mean     68.30 | elite     79.46 | best     85.66 | |sigma|  0.066 |  597.6s
[cem/score] gen 283 cap   200 | mean     70.54 | elite     79.13 | best     80.59 | |sigma|  0.066 |  599.9s
[cem/score] gen 284 cap   200 | mean     65.11 | elite     76.25 | best     78.75 | |sigma|  0.074 |  602.1s
[cem/score] gen 285 cap   200 | mean     64.59 | elite     78.08 | best     81.03 | |sigma|  0.066 |  604.8s
[cem/score] gen 286 cap   200 | mean     69.50 | elite     80.59 | best     85.06 | |sigma|  0.066 |  607.2s
[cem/score] gen 287 cap   200 | mean     65.42 | elite     80.94 | best     87.41 | |sigma|  0.068 |  609.6s
[cem/score] gen 288 cap   200 | mean     68.15 | elite     77.23 | best     82.19 | |sigma|  0.070 |  612.0s
[cem/score] gen 289 cap   200 | mean     67.57 | elite     78.96 | best     86.75 | |sigma|  0.076 |  614.5s
[cem/score] gen 290 cap   200 | mean     67.31 | elite     78.07 | best     80.66 | |sigma|  0.069 |  616.8s
[cem/score] gen 291 cap   200 | mean     67.07 | elite     77.67 | best     82.53 | |sigma|  0.067 |  619.1s
[cem/score] gen 292 cap   200 | mean     70.45 | elite     81.22 | best     84.56 | |sigma|  0.067 |  621.6s
[cem/score] gen 293 cap   200 | mean     66.20 | elite     80.10 | best     82.06 | |sigma|  0.069 |  624.0s
[cem/score] gen 294 cap   200 | mean     66.73 | elite     80.15 | best     85.50 | |sigma|  0.064 |  626.2s
[cem/score] gen 295 cap   200 | mean     66.59 | elite     79.51 | best     81.44 | |sigma|  0.069 |  628.6s
[cem/score] gen 296 cap   200 | mean     65.75 | elite     80.60 | best     86.19 | |sigma|  0.070 |  630.8s
[cem/score] gen 297 cap   200 | mean     64.11 | elite     81.91 | best     86.31 | |sigma|  0.071 |  632.9s
[cem/score] gen 298 cap   200 | mean     65.34 | elite     77.22 | best     79.44 | |sigma|  0.069 |  635.2s
[cem/score] gen 299 cap   200 | mean     62.90 | elite     78.35 | best     80.47 | |sigma|  0.066 |  637.6s
[cem/score] gen 300 cap   200 | mean     66.05 | elite     80.78 | best     84.12 | |sigma|  0.075 |  640.1s
[cem/score] gen 301 cap   200 | mean     64.24 | elite     78.49 | best     82.36 | |sigma|  0.070 |  642.4s
[cem/score] gen 302 cap   200 | mean     60.03 | elite     79.80 | best     82.28 | |sigma|  0.070 |  644.4s
[cem/score] gen 303 cap   200 | mean     64.75 | elite     78.23 | best     82.45 | |sigma|  0.068 |  646.7s
[cem/score] gen 304 cap   200 | mean     64.66 | elite     80.62 | best     84.34 | |sigma|  0.068 |  648.9s
[cem/score] gen 305 cap   200 | mean     65.35 | elite     82.00 | best     84.81 | |sigma|  0.065 |  651.2s
[cem/score] gen 306 cap   200 | mean     64.29 | elite     81.83 | best     85.47 | |sigma|  0.070 |  653.4s
[cem/score] gen 307 cap   200 | mean     62.21 | elite     79.16 | best     82.88 | |sigma|  0.073 |  655.5s
[cem/score] gen 308 cap   200 | mean     61.32 | elite     78.72 | best     84.31 | |sigma|  0.072 |  657.8s
[cem/score] gen 309 cap   200 | mean     66.20 | elite     81.00 | best     86.78 | |sigma|  0.069 |  660.2s
[cem/score] gen 310 cap   200 | mean     64.14 | elite     78.83 | best     83.01 | |sigma|  0.066 |  662.5s
[cem/score] gen 311 cap   200 | mean     62.76 | elite     78.99 | best     85.03 | |sigma|  0.068 |  664.8s
[cem/score] gen 312 cap   200 | mean     66.93 | elite     78.44 | best     82.16 | |sigma|  0.065 |  667.7s
[cem/score] gen 313 cap   200 | mean     64.13 | elite     79.02 | best     85.03 | |sigma|  0.066 |  670.0s
[cem/score] gen 314 cap   200 | mean     62.70 | elite     80.36 | best     82.91 | |sigma|  0.065 |  672.7s
[cem/score] gen 315 cap   200 | mean     59.01 | elite     79.83 | best     83.34 | |sigma|  0.066 |  675.0s
[cem/score] gen 316 cap   200 | mean     62.41 | elite     78.36 | best     82.56 | |sigma|  0.066 |  677.2s
[cem/score] gen 317 cap   200 | mean     67.32 | elite     79.70 | best     81.38 | |sigma|  0.064 |  679.5s
[cem/score] gen 318 cap   200 | mean     63.86 | elite     79.00 | best     80.25 | |sigma|  0.064 |  681.8s
[cem/score] gen 319 cap   200 | mean     62.48 | elite     80.31 | best     85.38 | |sigma|  0.065 |  683.9s
[cem/score] gen 320 cap   200 | mean     66.13 | elite     79.42 | best     82.85 | |sigma|  0.070 |  686.2s
[cem/score] gen 321 cap   200 | mean     61.69 | elite     80.42 | best     83.74 | |sigma|  0.067 |  688.1s
[cem/score] gen 322 cap   200 | mean     61.35 | elite     78.92 | best     83.12 | |sigma|  0.071 |  690.1s
[cem/score] gen 323 cap   200 | mean     63.04 | elite     80.01 | best     83.56 | |sigma|  0.068 |  692.2s
[cem/score] gen 324 cap   200 | mean     66.16 | elite     77.47 | best     84.52 | |sigma|  0.071 |  694.6s
[cem/score] gen 325 cap   200 | mean     63.71 | elite     77.01 | best     80.90 | |sigma|  0.072 |  696.7s
[cem/score] gen 326 cap   200 | mean     62.51 | elite     77.19 | best     81.17 | |sigma|  0.076 |  698.9s
[cem/score] gen 327 cap   200 | mean     64.74 | elite     78.22 | best     81.41 | |sigma|  0.072 |  701.2s
[cem/score] gen 328 cap   200 | mean     59.87 | elite     78.41 | best     84.00 | |sigma|  0.065 |  703.3s
[cem/score] gen 329 cap   200 | mean     67.22 | elite     80.08 | best     83.69 | |sigma|  0.065 |  705.7s
[cem/score] gen 330 cap   200 | mean     62.11 | elite     77.38 | best     80.03 | |sigma|  0.065 |  707.7s
[cem/score] gen 331 cap   200 | mean     65.51 | elite     80.51 | best     83.97 | |sigma|  0.067 |  710.0s
[cem/score] gen 332 cap   200 | mean     67.68 | elite     78.86 | best     81.53 | |sigma|  0.069 |  712.3s
[cem/score] gen 333 cap   200 | mean     65.50 | elite     77.95 | best     79.59 | |sigma|  0.067 |  714.5s
[cem/score] gen 334 cap   200 | mean     67.19 | elite     81.45 | best     84.44 | |sigma|  0.065 |  716.8s
[cem/score] gen 335 cap   200 | mean     67.75 | elite     81.36 | best     84.12 | |sigma|  0.066 |  719.1s
[cem/score] gen 336 cap   200 | mean     65.37 | elite     80.01 | best     83.28 | |sigma|  0.070 |  721.3s
[cem/score] gen 337 cap   200 | mean     60.36 | elite     78.05 | best     80.88 | |sigma|  0.069 |  723.3s
[cem/score] gen 338 cap   200 | mean     64.45 | elite     79.04 | best     82.53 | |sigma|  0.067 |  725.6s
[cem/score] gen 339 cap   200 | mean     62.84 | elite     80.77 | best     83.72 | |sigma|  0.067 |  727.6s
[cem/score] gen 340 cap   200 | mean     60.57 | elite     77.68 | best     82.73 | |sigma|  0.067 |  729.6s
[cem/score] gen 341 cap   200 | mean     64.66 | elite     80.76 | best     83.34 | |sigma|  0.068 |  732.1s
[cem/score] gen 342 cap   200 | mean     64.40 | elite     78.49 | best     83.34 | |sigma|  0.068 |  734.4s
[cem/score] gen 343 cap   200 | mean     64.19 | elite     81.56 | best     85.81 | |sigma|  0.070 |  736.8s
[cem/score] gen 344 cap   200 | mean     65.31 | elite     80.97 | best     84.75 | |sigma|  0.064 |  739.1s
[cem/score] gen 345 cap   200 | mean     64.73 | elite     79.21 | best     82.52 | |sigma|  0.066 |  741.3s
[cem/score] gen 346 cap   200 | mean     68.30 | elite     80.23 | best     82.09 | |sigma|  0.067 |  743.7s
[cem/score] gen 347 cap   200 | mean     65.98 | elite     79.74 | best     83.30 | |sigma|  0.073 |  746.0s
[cem/score] gen 348 cap   200 | mean     68.25 | elite     81.60 | best     85.25 | |sigma|  0.065 |  748.4s
[cem/score] gen 349 cap   200 | mean     61.65 | elite     77.44 | best     80.53 | |sigma|  0.066 |  750.5s
[cem/score] gen 350 cap   200 | mean     65.91 | elite     78.89 | best     82.53 | |sigma|  0.063 |  752.8s
[cem/score] gen 351 cap   200 | mean     67.96 | elite     80.43 | best     83.94 | |sigma|  0.065 |  755.2s
[cem/score] gen 352 cap   200 | mean     63.84 | elite     79.89 | best     82.22 | |sigma|  0.071 |  757.5s
[cem/score] gen 353 cap   200 | mean     64.44 | elite     77.17 | best     79.38 | |sigma|  0.069 |  759.8s
[cem/score] gen 354 cap   200 | mean     65.56 | elite     80.96 | best     83.35 | |sigma|  0.064 |  762.2s
[cem/score] gen 355 cap   200 | mean     64.46 | elite     80.84 | best     87.77 | |sigma|  0.064 |  764.4s
[cem/score] gen 356 cap   200 | mean     59.31 | elite     76.12 | best     80.66 | |sigma|  0.069 |  766.4s
[cem/score] gen 357 cap   200 | mean     64.85 | elite     80.35 | best     84.75 | |sigma|  0.067 |  768.7s
[cem/score] gen 358 cap   200 | mean     61.32 | elite     80.12 | best     83.38 | |sigma|  0.063 |  770.7s
[cem/score] gen 359 cap   200 | mean     67.09 | elite     78.71 | best     85.44 | |sigma|  0.065 |  773.1s
[cem/score] gen 360 cap   200 | mean     64.40 | elite     83.50 | best     87.68 | |sigma|  0.068 |  775.4s
[cem/score] gen 361 cap   200 | mean     66.74 | elite     81.56 | best     84.22 | |sigma|  0.069 |  777.7s
[cem/score] gen 362 cap   200 | mean     63.44 | elite     80.30 | best     82.56 | |sigma|  0.072 |  779.8s
[cem/score] gen 363 cap   200 | mean     60.11 | elite     77.24 | best     80.22 | |sigma|  0.067 |  781.9s
[cem/score] gen 364 cap   200 | mean     66.76 | elite     77.43 | best     78.72 | |sigma|  0.067 |  784.2s
[cem/score] gen 365 cap   200 | mean     62.26 | elite     75.88 | best     79.12 | |sigma|  0.065 |  786.6s
[cem/score] gen 366 cap   200 | mean     64.07 | elite     78.10 | best     81.94 | |sigma|  0.065 |  788.9s
[cem/score] gen 367 cap   200 | mean     61.44 | elite     79.15 | best     83.06 | |sigma|  0.068 |  790.8s
[cem/score] gen 368 cap   200 | mean     60.72 | elite     77.65 | best     81.72 | |sigma|  0.068 |  793.0s
[cem/score] gen 369 cap   200 | mean     65.84 | elite     77.84 | best     81.25 | |sigma|  0.065 |  795.5s
[cem/score] gen 370 cap   200 | mean     64.62 | elite     77.50 | best     81.95 | |sigma|  0.071 |  797.7s
[cem/score] gen 371 cap   200 | mean     64.27 | elite     78.84 | best     81.48 | |sigma|  0.072 |  800.2s
[cem/score] gen 372 cap   200 | mean     63.30 | elite     78.24 | best     82.53 | |sigma|  0.071 |  802.6s
[cem/score] gen 373 cap   200 | mean     62.45 | elite     80.98 | best     84.26 | |sigma|  0.069 |  804.9s
[cem/score] gen 374 cap   200 | mean     67.18 | elite     79.22 | best     84.72 | |sigma|  0.064 |  807.4s
[cem/score] gen 375 cap   200 | mean     66.10 | elite     80.73 | best     84.03 | |sigma|  0.065 |  809.8s
[cem/score] gen 376 cap   200 | mean     61.93 | elite     75.06 | best     78.22 | |sigma|  0.067 |  812.0s
[cem/score] gen 377 cap   200 | mean     67.71 | elite     76.93 | best     78.44 | |sigma|  0.067 |  814.5s
[cem/score] gen 378 cap   200 | mean     64.01 | elite     75.82 | best     79.81 | |sigma|  0.070 |  816.7s
[cem/score] gen 379 cap   200 | mean     67.75 | elite     78.45 | best     84.56 | |sigma|  0.070 |  819.1s
[cem/score] gen 380 cap   200 | mean     64.79 | elite     78.43 | best     81.37 | |sigma|  0.066 |  821.4s
[cem/score] gen 381 cap   200 | mean     66.94 | elite     80.33 | best     86.44 | |sigma|  0.065 |  823.7s
[cem/score] gen 382 cap   200 | mean     69.73 | elite     78.96 | best     81.00 | |sigma|  0.065 |  826.1s
[cem/score] gen 383 cap   500 | mean     64.41 | elite     78.46 | best     80.21 | |sigma|  0.064 |  830.2s
[cem/score] gen 384 cap   500 | mean     66.97 | elite     80.30 | best     83.11 | |sigma|  0.066 |  834.8s
[cem/score] gen 385 cap   500 | mean     65.48 | elite     79.77 | best     82.51 | |sigma|  0.065 |  838.9s
[cem/score] gen 386 cap   500 | mean     63.97 | elite     79.35 | best     83.69 | |sigma|  0.068 |  842.9s
[cem/score] gen 387 cap   500 | mean     67.83 | elite     78.79 | best     82.04 | |sigma|  0.068 |  848.4s
[cem/score] gen 388 cap   500 | mean     62.59 | elite     78.73 | best     80.70 | |sigma|  0.066 |  852.5s
[cem/score] gen 389 cap   500 | mean     71.57 | elite     80.43 | best     82.09 | |sigma|  0.076 |  857.2s
[cem/score] gen 390 cap   500 | mean     67.76 | elite     79.55 | best     81.94 | |sigma|  0.074 |  861.9s
[cem/score] gen 391 cap   500 | mean     65.78 | elite     80.22 | best     83.39 | |sigma|  0.071 |  866.4s
[cem/score] gen 392 cap   500 | mean     67.94 | elite     80.40 | best     82.92 | |sigma|  0.068 |  871.0s
[cem/score] gen 393 cap   500 | mean     66.56 | elite     80.69 | best     83.52 | |sigma|  0.066 |  875.8s
[cem/score] gen 394 cap   500 | mean     70.13 | elite     81.06 | best     82.72 | |sigma|  0.065 |  880.6s
[cem/score] gen 395 cap   500 | mean     66.41 | elite     79.26 | best     81.96 | |sigma|  0.067 |  885.4s
[cem/score] gen 396 cap   500 | mean     66.76 | elite     81.44 | best     85.32 | |sigma|  0.068 |  889.7s
[cem/score] gen 397 cap   500 | mean     68.41 | elite     81.17 | best     82.17 | |sigma|  0.069 |  894.3s
[cem/score] gen 398 cap   500 | mean     67.63 | elite     78.96 | best     81.88 | |sigma|  0.070 |  899.2s
[cem/score] gen 399 cap   500 | mean     67.77 | elite     79.36 | best     80.49 | |sigma|  0.079 |  904.5s
[cem/score] gen 400 cap   500 | mean     66.56 | elite     81.01 | best     84.20 | |sigma|  0.074 |  909.2s
[cem/score] gen 401 cap   500 | mean     62.06 | elite     78.27 | best     82.96 | |sigma|  0.072 |  913.5s
[cem/score] gen 402 cap   500 | mean     65.55 | elite     78.17 | best     81.94 | |sigma|  0.073 |  918.1s
[cem/score] gen 403 cap   500 | mean     67.74 | elite     80.22 | best     81.87 | |sigma|  0.068 |  922.8s
[cem/score] gen 404 cap   500 | mean     61.07 | elite     79.87 | best     82.72 | |sigma|  0.067 |  926.6s
[cem/score] gen 405 cap   500 | mean     61.01 | elite     80.32 | best     84.88 | |sigma|  0.067 |  930.5s
[cem/score] gen 406 cap   500 | mean     65.21 | elite     79.05 | best     83.59 | |sigma|  0.069 |  934.9s
[cem/score] gen 407 cap   500 | mean     62.47 | elite     78.63 | best     80.45 | |sigma|  0.064 |  939.0s
[cem/score] gen 408 cap   500 | mean     66.60 | elite     80.13 | best     82.29 | |sigma|  0.064 |  943.5s
[cem/score] gen 409 cap   500 | mean     64.14 | elite     78.80 | best     79.68 | |sigma|  0.067 |  947.7s
[cem/score] gen 410 cap   500 | mean     67.91 | elite     81.49 | best     84.97 | |sigma|  0.069 |  952.5s
[cem/score] gen 411 cap   500 | mean     62.93 | elite     80.01 | best     82.85 | |sigma|  0.070 |  956.7s
[cem/score] gen 412 cap   500 | mean     63.36 | elite     79.83 | best     83.22 | |sigma|  0.069 |  960.6s
[cem/score] gen 413 cap   500 | mean     65.03 | elite     79.49 | best     81.81 | |sigma|  0.069 |  965.5s
[cem/score] gen 414 cap   500 | mean     61.60 | elite     77.53 | best     81.32 | |sigma|  0.072 |  969.9s
[cem/score] gen 415 cap   500 | mean     66.99 | elite     77.60 | best     79.32 | |sigma|  0.072 |  974.7s
[cem/score] gen 416 cap   500 | mean     69.00 | elite     80.72 | best     83.50 | |sigma|  0.071 |  979.4s
[cem/score] gen 417 cap   500 | mean     67.31 | elite     78.10 | best     82.64 | |sigma|  0.070 |  984.1s
[cem/score] gen 418 cap   500 | mean     69.47 | elite     79.54 | best     82.83 | |sigma|  0.067 |  989.6s
[cem/score] gen 419 cap   500 | mean     67.79 | elite     81.02 | best     84.01 | |sigma|  0.071 |  994.4s
[cem/score] gen 420 cap   500 | mean     64.77 | elite     79.40 | best     84.07 | |sigma|  0.066 |  998.6s
[cem/score] gen 421 cap   500 | mean     69.41 | elite     80.27 | best     82.99 | |sigma|  0.069 | 1003.1s
[cem/score] gen 422 cap   500 | mean     61.01 | elite     80.74 | best     86.36 | |sigma|  0.070 | 1006.9s
[cem/score] gen 423 cap   500 | mean     65.75 | elite     79.51 | best     82.67 | |sigma|  0.069 | 1011.3s
[cem/score] gen 424 cap   500 | mean     68.46 | elite     79.08 | best     81.79 | |sigma|  0.071 | 1015.8s
[cem/score] gen 425 cap   500 | mean     68.16 | elite     80.37 | best     84.57 | |sigma|  0.070 | 1020.2s
[cem/score] gen 426 cap   500 | mean     65.98 | elite     80.53 | best     83.52 | |sigma|  0.072 | 1024.4s
[cem/score] gen 427 cap   500 | mean     69.55 | elite     80.88 | best     83.21 | |sigma|  0.071 | 1029.6s
[cem/score] gen 428 cap   500 | mean     65.30 | elite     79.34 | best     84.19 | |sigma|  0.068 | 1034.2s
[cem/score] gen 429 cap   500 | mean     63.52 | elite     79.83 | best     85.40 | |sigma|  0.078 | 1038.5s
[cem/score] gen 430 cap   500 | mean     68.94 | elite     82.02 | best     83.56 | |sigma|  0.070 | 1043.2s
[cem/score] gen 431 cap   500 | mean     65.25 | elite     78.08 | best     79.72 | |sigma|  0.067 | 1047.9s
[cem/score] gen 432 cap   500 | mean     67.33 | elite     79.89 | best     83.15 | |sigma|  0.067 | 1052.2s
[cem/score] gen 433 cap   500 | mean     67.81 | elite     79.38 | best     83.46 | |sigma|  0.067 | 1056.7s
[cem/score] gen 434 cap   500 | mean     64.05 | elite     79.89 | best     83.40 | |sigma|  0.067 | 1060.7s
[cem/score] gen 435 cap   500 | mean     69.11 | elite     80.35 | best     84.02 | |sigma|  0.068 | 1065.3s
[cem/score] gen 436 cap   500 | mean     64.42 | elite     79.38 | best     84.29 | |sigma|  0.077 | 1069.4s
[cem/score] gen 437 cap   500 | mean     67.25 | elite     79.69 | best     84.52 | |sigma|  0.077 | 1074.4s
[cem/score] gen 438 cap   500 | mean     63.30 | elite     77.52 | best     80.33 | |sigma|  0.077 | 1078.8s
[cem/score] gen 439 cap   500 | mean     66.97 | elite     79.99 | best     83.99 | |sigma|  0.081 | 1083.5s
[cem/score] gen 440 cap   500 | mean     64.39 | elite     79.34 | best     82.91 | |sigma|  0.077 | 1087.9s
[cem/score] gen 441 cap   500 | mean     69.45 | elite     80.94 | best     84.64 | |sigma|  0.069 | 1093.1s
[cem/score] gen 442 cap   500 | mean     64.74 | elite     80.04 | best     85.00 | |sigma|  0.068 | 1097.6s
[cem/score] gen 443 cap   500 | mean     63.53 | elite     79.83 | best     83.35 | |sigma|  0.068 | 1101.9s
[cem/score] gen 444 cap   500 | mean     70.45 | elite     81.21 | best     82.89 | |sigma|  0.065 | 1106.9s
[cem/score] gen 445 cap   500 | mean     62.90 | elite     79.55 | best     88.18 | |sigma|  0.063 | 1110.8s
[cem/score] gen 446 cap   500 | mean     66.57 | elite     81.16 | best     83.67 | |sigma|  0.068 | 1115.4s
[cem/score] gen 447 cap   500 | mean     64.87 | elite     80.04 | best     81.68 | |sigma|  0.073 | 1119.4s
[cem/score] gen 448 cap   500 | mean     64.24 | elite     79.80 | best     82.03 | |sigma|  0.069 | 1124.0s
[cem/score] gen 449 cap   500 | mean     68.08 | elite     82.08 | best     89.14 | |sigma|  0.066 | 1128.6s
[cem/score] gen 450 cap   500 | mean     63.75 | elite     81.41 | best     85.15 | |sigma|  0.071 | 1132.9s
[cem/score] gen 451 cap   500 | mean     56.63 | elite     79.38 | best     82.54 | |sigma|  0.067 | 1136.6s
[cem/score] gen 452 cap   500 | mean     70.84 | elite     81.95 | best     83.76 | |sigma|  0.069 | 1141.5s
[cem/score] gen 453 cap   500 | mean     62.25 | elite     81.24 | best     82.84 | |sigma|  0.077 | 1145.4s
[cem/score] gen 454 cap   500 | mean     58.67 | elite     79.30 | best     83.50 | |sigma|  0.070 | 1149.1s
[cem/score] gen 455 cap   500 | mean     68.68 | elite     80.32 | best     82.74 | |sigma|  0.068 | 1154.1s
[cem/score] gen 456 cap   500 | mean     64.74 | elite     79.93 | best     82.05 | |sigma|  0.068 | 1158.4s
[cem/score] gen 457 cap   500 | mean     65.37 | elite     80.00 | best     85.96 | |sigma|  0.065 | 1162.5s
[cem/score] gen 458 cap   500 | mean     61.94 | elite     79.34 | best     82.52 | |sigma|  0.067 | 1166.5s
[cem/score] gen 459 cap   500 | mean     63.73 | elite     80.11 | best     83.15 | |sigma|  0.067 | 1170.6s
[cem/score] gen 460 cap   500 | mean     66.90 | elite     79.62 | best     81.72 | |sigma|  0.067 | 1175.3s
[cem/score] gen 461 cap   500 | mean     64.95 | elite     80.15 | best     85.01 | |sigma|  0.067 | 1179.5s
[cem/score] gen 462 cap   500 | mean     63.45 | elite     80.66 | best     86.06 | |sigma|  0.069 | 1183.7s
[cem/score] gen 463 cap   500 | mean     68.94 | elite     79.76 | best     82.05 | |sigma|  0.068 | 1188.5s
[cem/score] gen 464 cap   500 | mean     63.03 | elite     80.00 | best     82.04 | |sigma|  0.072 | 1192.5s
[cem/score] gen 465 cap   500 | mean     64.61 | elite     81.88 | best     87.12 | |sigma|  0.067 | 1197.4s
[cem/score] gen 466 cap   500 | mean     66.83 | elite     81.51 | best     85.75 | |sigma|  0.066 | 1201.8s
[cem/score] gen 467 cap   500 | mean     63.80 | elite     81.14 | best     83.95 | |sigma|  0.066 | 1205.8s
[cem/score] gen 468 cap   500 | mean     67.97 | elite     79.98 | best     82.07 | |sigma|  0.065 | 1210.3s
[cem/score] gen 469 cap   500 | mean     65.91 | elite     80.10 | best     84.14 | |sigma|  0.066 | 1215.2s
[cem/score] gen 470 cap   500 | mean     70.05 | elite     82.34 | best     85.97 | |sigma|  0.065 | 1220.4s
[cem/score] gen 471 cap   500 | mean     64.44 | elite     79.63 | best     82.55 | |sigma|  0.072 | 1225.3s
[cem/score] gen 472 cap   500 | mean     65.36 | elite     79.12 | best     82.74 | |sigma|  0.074 | 1229.6s
[cem/score] gen 473 cap   500 | mean     59.25 | elite     79.95 | best     84.59 | |sigma|  0.067 | 1233.8s
[cem/score] gen 474 cap   500 | mean     66.11 | elite     78.96 | best     81.33 | |sigma|  0.064 | 1238.3s
[cem/score] gen 475 cap   500 | mean     68.10 | elite     81.10 | best     83.54 | |sigma|  0.066 | 1243.4s
[cem/score] gen 476 cap   500 | mean     66.25 | elite     80.60 | best     85.80 | |sigma|  0.066 | 1247.6s
[cem/score] gen 477 cap   500 | mean     65.50 | elite     79.73 | best     82.75 | |sigma|  0.066 | 1252.1s
[cem/score] gen 478 cap   500 | mean     62.60 | elite     80.74 | best     84.26 | |sigma|  0.071 | 1256.1s
[cem/score] gen 479 cap   500 | mean     62.76 | elite     81.09 | best     82.00 | |sigma|  0.075 | 1260.3s
[cem/score] gen 480 cap   500 | mean     63.61 | elite     82.12 | best     85.34 | |sigma|  0.071 | 1265.0s
[cem/score] gen 481 cap   500 | mean     63.49 | elite     79.20 | best     80.94 | |sigma|  0.073 | 1269.0s
[cem/score] gen 482 cap   500 | mean     62.19 | elite     80.21 | best     82.46 | |sigma|  0.074 | 1273.2s
[cem/score] gen 483 cap   500 | mean     65.69 | elite     80.24 | best     85.86 | |sigma|  0.077 | 1277.6s
[cem/score] gen 484 cap   500 | mean     65.34 | elite     82.08 | best     86.60 | |sigma|  0.071 | 1281.7s
[cem/score] gen 485 cap   500 | mean     63.37 | elite     80.59 | best     83.16 | |sigma|  0.068 | 1285.5s
[cem/score] gen 486 cap   500 | mean     65.75 | elite     80.09 | best     82.51 | |sigma|  0.066 | 1290.0s
[cem/score] gen 487 cap   500 | mean     65.03 | elite     78.24 | best     81.77 | |sigma|  0.066 | 1294.5s
[cem/score] gen 488 cap   500 | mean     65.16 | elite     81.02 | best     83.33 | |sigma|  0.071 | 1298.9s
[cem/score] gen 489 cap   500 | mean     61.10 | elite     79.59 | best     82.72 | |sigma|  0.071 | 1302.9s
[cem/score] gen 490 cap   500 | mean     59.68 | elite     79.93 | best     85.80 | |sigma|  0.066 | 1306.8s
[cem/score] gen 491 cap   500 | mean     57.71 | elite     79.18 | best     81.10 | |sigma|  0.068 | 1310.8s
[cem/score] gen 492 cap   500 | mean     62.89 | elite     78.72 | best     81.83 | |sigma|  0.069 | 1315.0s
[cem/score] gen 493 cap   500 | mean     62.59 | elite     81.03 | best     85.65 | |sigma|  0.077 | 1320.2s
[cem/score] gen 494 cap   500 | mean     59.68 | elite     80.22 | best     83.20 | |sigma|  0.073 | 1324.5s
[cem/score] gen 495 cap   500 | mean     67.47 | elite     82.39 | best     87.17 | |sigma|  0.071 | 1329.3s
[cem/score] gen 496 cap   500 | mean     62.26 | elite     80.18 | best     82.49 | |sigma|  0.065 | 1333.3s
[cem/score] gen 497 cap   500 | mean     63.87 | elite     80.68 | best     83.92 | |sigma|  0.067 | 1337.1s
[cem/score] gen 498 cap   500 | mean     63.24 | elite     82.64 | best     87.10 | |sigma|  0.066 | 1341.0s
[cem/score] gen 499 cap   500 | mean     56.23 | elite     77.02 | best     87.47 | |sigma|  0.064 | 1344.6s
[cem/score] gen 500 cap   500 | mean     60.79 | elite     79.84 | best     85.40 | |sigma|  0.066 | 1348.4s
[cem/score] gen 501 cap   500 | mean     58.71 | elite     81.14 | best     86.28 | |sigma|  0.066 | 1352.2s
[cem/score] gen 502 cap   500 | mean     63.05 | elite     78.64 | best     84.45 | |sigma|  0.065 | 1356.8s
[cem/score] gen 503 cap   500 | mean     64.27 | elite     80.93 | best     85.89 | |sigma|  0.065 | 1360.8s
[cem/score] gen 504 cap   500 | mean     68.02 | elite     80.90 | best     86.46 | |sigma|  0.064 | 1366.1s
[cem/score] gen 505 cap   500 | mean     59.53 | elite     81.99 | best     85.86 | |sigma|  0.064 | 1369.9s
[cem/score] gen 506 cap   500 | mean     65.25 | elite     79.82 | best     82.17 | |sigma|  0.067 | 1374.4s
[cem/score] gen 507 cap   500 | mean     63.64 | elite     78.61 | best     83.20 | |sigma|  0.067 | 1378.8s
[cem/score] gen 508 cap   500 | mean     61.75 | elite     79.33 | best     81.64 | |sigma|  0.067 | 1383.1s
[cem/score] gen 509 cap   500 | mean     63.80 | elite     81.87 | best     86.73 | |sigma|  0.070 | 1387.3s
[cem/score] gen 510 cap   500 | mean     55.71 | elite     79.61 | best     82.83 | |sigma|  0.071 | 1390.8s
[cem/score] gen 511 cap   500 | mean     63.35 | elite     80.32 | best     83.99 | |sigma|  0.068 | 1395.1s
[cem/score] gen 512 cap   500 | mean     61.95 | elite     80.39 | best     81.83 | |sigma|  0.073 | 1399.2s
[cem/score] gen 513 cap   500 | mean     62.23 | elite     79.94 | best     84.68 | |sigma|  0.075 | 1403.5s
[cem/score] gen 514 cap   500 | mean     63.74 | elite     79.79 | best     82.69 | |sigma|  0.072 | 1407.9s
[cem/score] gen 515 cap   500 | mean     68.67 | elite     81.82 | best     85.75 | |sigma|  0.076 | 1413.0s
[cem/score] gen 516 cap   500 | mean     61.05 | elite     78.38 | best     81.15 | |sigma|  0.079 | 1416.7s
[cem/score] gen 517 cap   500 | mean     67.17 | elite     79.46 | best     81.19 | |sigma|  0.073 | 1422.2s
[cem/score] gen 518 cap   500 | mean     70.92 | elite     82.82 | best     90.18 | |sigma|  0.069 | 1427.6s
[cem/score] gen 519 cap   500 | mean     59.92 | elite     79.67 | best     84.47 | |sigma|  0.070 | 1431.5s
[cem/score] gen 520 cap   500 | mean     64.94 | elite     79.13 | best     80.93 | |sigma|  0.068 | 1436.7s
[cem/score] gen 521 cap   500 | mean     62.33 | elite     81.60 | best     85.21 | |sigma|  0.066 | 1440.9s
[cem/score] gen 522 cap   500 | mean     61.54 | elite     82.20 | best     86.60 | |sigma|  0.066 | 1444.6s
[cem/score] gen 523 cap   500 | mean     65.45 | elite     81.75 | best     85.25 | |sigma|  0.069 | 1448.7s
[cem/score] gen 524 cap   500 | mean     60.20 | elite     80.51 | best     83.16 | |sigma|  0.069 | 1452.6s
[cem/score] gen 525 cap   500 | mean     62.42 | elite     79.76 | best     82.30 | |sigma|  0.066 | 1456.9s
[cem/score] gen 526 cap   500 | mean     65.07 | elite     80.16 | best     83.69 | |sigma|  0.067 | 1461.2s
[cem/score] gen 527 cap   500 | mean     63.36 | elite     80.91 | best     83.51 | |sigma|  0.066 | 1465.3s
[cem/score] gen 528 cap   500 | mean     60.70 | elite     77.48 | best     80.80 | |sigma|  0.068 | 1469.6s
[cem/score] gen 529 cap   500 | mean     64.36 | elite     83.26 | best     85.97 | |sigma|  0.063 | 1474.1s
[cem/score] gen 530 cap   500 | mean     61.37 | elite     80.85 | best     85.03 | |sigma|  0.066 | 1477.9s
[cem/score] gen 531 cap   500 | mean     63.01 | elite     81.33 | best     83.53 | |sigma|  0.064 | 1481.8s
[cem/score] gen 532 cap   500 | mean     60.92 | elite     79.77 | best     84.98 | |sigma|  0.069 | 1485.5s
[cem/score] gen 533 cap   500 | mean     63.43 | elite     81.53 | best     84.86 | |sigma|  0.073 | 1489.3s
[cem/score] gen 534 cap   500 | mean     62.13 | elite     80.01 | best     82.30 | |sigma|  0.065 | 1493.7s
[cem/score] gen 535 cap   500 | mean     64.30 | elite     80.50 | best     85.92 | |sigma|  0.063 | 1498.0s
[cem/score] gen 536 cap   500 | mean     59.70 | elite     80.30 | best     85.81 | |sigma|  0.064 | 1501.8s
[cem/score] gen 537 cap   500 | mean     68.54 | elite     82.04 | best     85.70 | |sigma|  0.066 | 1506.4s
[cem/score] gen 538 cap   500 | mean     58.11 | elite     80.81 | best     84.51 | |sigma|  0.064 | 1510.6s
[cem/score] gen 539 cap   500 | mean     65.89 | elite     80.85 | best     84.68 | |sigma|  0.066 | 1515.5s
[cem/score] gen 540 cap   500 | mean     68.09 | elite     81.49 | best     83.39 | |sigma|  0.066 | 1519.8s
[cem/score] gen 541 cap   500 | mean     58.88 | elite     76.85 | best     81.33 | |sigma|  0.067 | 1523.7s
[cem/score] gen 542 cap   500 | mean     60.20 | elite     79.56 | best     82.11 | |sigma|  0.064 | 1527.9s
[cem/score] gen 543 cap   500 | mean     55.00 | elite     79.31 | best     82.49 | |sigma|  0.064 | 1531.3s
[cem/score] gen 544 cap   500 | mean     62.95 | elite     79.54 | best     84.20 | |sigma|  0.067 | 1535.3s
[cem/score] gen 545 cap   500 | mean     61.32 | elite     80.24 | best     84.99 | |sigma|  0.068 | 1539.3s
[cem/score] gen 546 cap   500 | mean     67.56 | elite     82.20 | best     85.76 | |sigma|  0.065 | 1543.8s
[cem/score] gen 547 cap   500 | mean     60.76 | elite     80.47 | best     82.92 | |sigma|  0.064 | 1547.5s
[cem/score] gen 548 cap   500 | mean     65.51 | elite     79.91 | best     81.27 | |sigma|  0.069 | 1551.7s
[cem/score] gen 549 cap   500 | mean     64.97 | elite     81.86 | best     88.62 | |sigma|  0.070 | 1556.0s
[cem/score] gen 550 cap   500 | mean     66.04 | elite     79.84 | best     82.53 | |sigma|  0.067 | 1560.3s
[cem/score] gen 551 cap   500 | mean     65.32 | elite     81.54 | best     85.58 | |sigma|  0.069 | 1564.5s
[cem/score] gen 552 cap   500 | mean     65.01 | elite     80.90 | best     84.54 | |sigma|  0.065 | 1568.1s
[cem/score] gen 553 cap   500 | mean     62.98 | elite     78.61 | best     82.39 | |sigma|  0.069 | 1572.0s
[cem/score] gen 554 cap   500 | mean     67.83 | elite     80.97 | best     87.04 | |sigma|  0.073 | 1576.7s
[cem/score] gen 555 cap   500 | mean     60.70 | elite     79.26 | best     84.38 | |sigma|  0.079 | 1580.6s
[cem/score] gen 556 cap   500 | mean     67.83 | elite     80.01 | best     82.30 | |sigma|  0.074 | 1584.7s
[cem/score] gen 557 cap   500 | mean     66.84 | elite     82.40 | best     85.45 | |sigma|  0.072 | 1589.4s
[cem/score] gen 558 cap   500 | mean     63.91 | elite     80.20 | best     83.37 | |sigma|  0.070 | 1593.3s
[cem/score] gen 559 cap   500 | mean     67.23 | elite     79.95 | best     84.79 | |sigma|  0.063 | 1598.0s
[cem/score] gen 560 cap   500 | mean     66.80 | elite     80.16 | best     86.23 | |sigma|  0.064 | 1603.0s
[cem/score] gen 561 cap   500 | mean     61.75 | elite     79.50 | best     81.65 | |sigma|  0.065 | 1606.9s
[cem/score] gen 562 cap   500 | mean     62.85 | elite     80.03 | best     82.57 | |sigma|  0.066 | 1611.0s
[cem/score] gen 563 cap   500 | mean     67.73 | elite     80.65 | best     82.55 | |sigma|  0.071 | 1615.4s
[cem/score] gen 564 cap   500 | mean     63.62 | elite     81.24 | best     84.80 | |sigma|  0.080 | 1619.3s
[cem/score] gen 565 cap   500 | mean     64.75 | elite     79.80 | best     80.69 | |sigma|  0.080 | 1623.4s
[cem/score] gen 566 cap   500 | mean     66.83 | elite     81.13 | best     85.53 | |sigma|  0.080 | 1627.8s
[cem/score] gen 567 cap   500 | mean     67.46 | elite     81.24 | best     85.86 | |sigma|  0.069 | 1632.2s
[cem/score] gen 568 cap   500 | mean     65.20 | elite     80.04 | best     84.23 | |sigma|  0.073 | 1636.4s
[cem/score] gen 569 cap   500 | mean     66.58 | elite     80.90 | best     88.38 | |sigma|  0.075 | 1641.1s
[cem/score] gen 570 cap   500 | mean     70.91 | elite     81.52 | best     84.85 | |sigma|  0.070 | 1645.9s
[cem/score] gen 571 cap   500 | mean     63.45 | elite     79.82 | best     81.35 | |sigma|  0.065 | 1650.3s
[cem/score] gen 572 cap  1500 | mean     64.91 | elite     81.52 | best     83.46 | |sigma|  0.063 | 1660.4s
[cem/score] gen 573 cap  1500 | mean     60.58 | elite     79.06 | best     84.62 | |sigma|  0.067 | 1670.4s
[cem/score] gen 574 cap  1500 | mean     64.94 | elite     81.29 | best     84.76 | |sigma|  0.063 | 1681.0s
[cem/score] gen 575 cap  1500 | mean     62.94 | elite     81.25 | best     82.83 | |sigma|  0.064 | 1690.6s
[cem/score] gen 576 cap  1500 | mean     67.84 | elite     79.98 | best     81.93 | |sigma|  0.063 | 1700.9s
[cem/score] gen 577 cap  1500 | mean     64.55 | elite     81.17 | best     83.14 | |sigma|  0.068 | 1711.3s
[cem/score] gen 578 cap  1500 | mean     66.60 | elite     80.26 | best     85.24 | |sigma|  0.065 | 1721.7s
[cem/score] gen 579 cap  1500 | mean     63.40 | elite     79.89 | best     83.45 | |sigma|  0.066 | 1731.8s
[cem/score] gen 580 cap  1500 | mean     69.30 | elite     81.71 | best     83.70 | |sigma|  0.064 | 1742.4s
[cem/score] gen 581 cap  1500 | mean     70.34 | elite     81.76 | best     86.51 | |sigma|  0.065 | 1754.0s
[cem/score] gen 582 cap  1500 | mean     64.20 | elite     80.87 | best     83.60 | |sigma|  0.063 | 1763.1s
[cem/score] gen 583 cap  1500 | mean     65.30 | elite     80.46 | best     85.35 | |sigma|  0.064 | 1773.3s
[cem/score] gen 584 cap  1500 | mean     66.14 | elite     80.78 | best     84.54 | |sigma|  0.069 | 1783.5s
[cem/score] gen 585 cap  1500 | mean     64.55 | elite     79.73 | best     82.12 | |sigma|  0.066 | 1793.5s
[cem/score] gen 586 cap  1500 | mean     66.57 | elite     81.02 | best     86.26 | |sigma|  0.065 | 1803.3s
[cem/score] gen 587 cap  1500 | mean     63.52 | elite     79.69 | best     84.35 | |sigma|  0.068 | 1812.9s
[cem/score] gen 588 cap  1500 | mean     63.16 | elite     80.40 | best     86.73 | |sigma|  0.068 | 1823.0s
[cem/score] gen 589 cap  1500 | mean     66.02 | elite     81.73 | best     84.69 | |sigma|  0.065 | 1832.8s
[cem/score] gen 590 cap  1500 | mean     61.48 | elite     77.99 | best     81.23 | |sigma|  0.068 | 1842.4s
[cem/score] gen 591 cap  1500 | mean     63.86 | elite     79.02 | best     81.45 | |sigma|  0.073 | 1852.8s
[cem/score] gen 592 cap  1500 | mean     64.93 | elite     78.04 | best     82.95 | |sigma|  0.067 | 1863.4s
[cem/score] gen 593 cap  1500 | mean     65.28 | elite     81.00 | best     85.78 | |sigma|  0.071 | 1873.7s
[cem/score] gen 594 cap  1500 | mean     69.03 | elite     81.19 | best     85.69 | |sigma|  0.066 | 1884.0s
[cem/score] gen 595 cap  1500 | mean     63.96 | elite     80.65 | best     84.50 | |sigma|  0.066 | 1894.3s
[cem/score] gen 596 cap  1500 | mean     67.28 | elite     80.42 | best     83.32 | |sigma|  0.069 | 1904.2s
[cem/score] gen 597 cap  1500 | mean     67.47 | elite     80.59 | best     84.19 | |sigma|  0.072 | 1915.8s
[cem/score] gen 598 cap  1500 | mean     63.75 | elite     79.54 | best     81.83 | |sigma|  0.072 | 1926.1s
[cem/score] gen 599 cap  1500 | mean     67.96 | elite     80.34 | best     82.18 | |sigma|  0.070 | 1939.4s
[cem/score] gen 600 cap  1500 | mean     66.10 | elite     81.13 | best     82.79 | |sigma|  0.078 | 1950.0s
[cem/score] gen 601 cap  1500 | mean     65.12 | elite     80.77 | best     82.93 | |sigma|  0.074 | 1960.2s
[cem/score] gen 602 cap  1500 | mean     66.11 | elite     80.94 | best     83.36 | |sigma|  0.067 | 1971.2s
[cem/score] gen 603 cap  1500 | mean     68.19 | elite     81.27 | best     83.12 | |sigma|  0.067 | 1981.7s
[cem/score] gen 604 cap  1500 | mean     66.80 | elite     82.66 | best     86.23 | |sigma|  0.070 | 1991.6s
[cem/score] gen 605 cap  1500 | mean     58.95 | elite     79.98 | best     81.98 | |sigma|  0.066 | 2001.5s
[cem/score] gen 606 cap  1500 | mean     66.73 | elite     80.74 | best     82.69 | |sigma|  0.070 | 2012.0s
[cem/score] gen 607 cap  1500 | mean     64.34 | elite     80.36 | best     84.29 | |sigma|  0.066 | 2022.1s
[cem/score] gen 608 cap  1500 | mean     64.55 | elite     78.77 | best     82.19 | |sigma|  0.069 | 2031.4s
[cem/score] gen 609 cap  1500 | mean     70.58 | elite     81.88 | best     84.59 | |sigma|  0.064 | 2041.8s
[cem/score] gen 610 cap  1500 | mean     60.69 | elite     80.41 | best     83.67 | |sigma|  0.064 | 2051.4s
[cem/score] gen 611 cap  1500 | mean     63.12 | elite     78.60 | best     80.33 | |sigma|  0.066 | 2061.4s
[cem/score] gen 612 cap  1500 | mean     68.29 | elite     80.55 | best     83.41 | |sigma|  0.065 | 2072.3s
[cem/score] gen 613 cap  1500 | mean     67.52 | elite     78.51 | best     81.58 | |sigma|  0.066 | 2083.6s
[cem/score] gen 614 cap  1500 | mean     60.80 | elite     80.33 | best     86.62 | |sigma|  0.065 | 2093.3s
[cem/score] gen 615 cap  1500 | mean     64.74 | elite     79.26 | best     86.21 | |sigma|  0.069 | 2103.3s
[cem/score] gen 616 cap  1500 | mean     67.68 | elite     80.72 | best     84.94 | |sigma|  0.071 | 2113.4s
[cem/score] gen 617 cap  1500 | mean     66.25 | elite     80.71 | best     82.21 | |sigma|  0.067 | 2123.4s
[cem/score] gen 618 cap  1500 | mean     67.48 | elite     80.34 | best     81.97 | |sigma|  0.069 | 2134.4s
[cem/score] gen 619 cap  1500 | mean     64.98 | elite     78.68 | best     82.49 | |sigma|  0.066 | 2144.6s
[cem/score] gen 620 cap  1500 | mean     66.22 | elite     79.42 | best     81.65 | |sigma|  0.064 | 2154.3s
[cem/score] gen 621 cap  1500 | mean     65.18 | elite     80.01 | best     82.35 | |sigma|  0.069 | 2164.7s
[cem/score] gen 622 cap  1500 | mean     61.46 | elite     79.40 | best     84.32 | |sigma|  0.076 | 2173.8s
[cem/score] gen 623 cap  1500 | mean     67.89 | elite     80.27 | best     82.63 | |sigma|  0.070 | 2184.4s
[cem/score] gen 624 cap  1500 | mean     61.17 | elite     78.70 | best     81.24 | |sigma|  0.072 | 2193.9s
[cem/score] gen 625 cap  1500 | mean     65.37 | elite     80.38 | best     83.38 | |sigma|  0.072 | 2204.3s
[cem/score] gen 626 cap  1500 | mean     63.40 | elite     80.07 | best     82.99 | |sigma|  0.067 | 2214.2s
[cem/score] gen 627 cap  1500 | mean     68.66 | elite     81.50 | best     84.35 | |sigma|  0.064 | 2224.6s
[cem/score] gen 628 cap  1500 | mean     67.84 | elite     81.45 | best     84.87 | |sigma|  0.063 | 2234.6s
[cem/score] gen 629 cap  1500 | mean     63.24 | elite     80.34 | best     84.59 | |sigma|  0.067 | 2244.4s
[cem/score] gen 630 cap  1500 | mean     67.19 | elite     80.37 | best     82.69 | |sigma|  0.068 | 2255.0s
[cem/score] gen 631 cap  1500 | mean     70.40 | elite     80.37 | best     84.44 | |sigma|  0.064 | 2265.7s
[cem/score] gen 632 cap  1500 | mean     68.26 | elite     81.35 | best     85.04 | |sigma|  0.065 | 2276.4s
[cem/score] gen 633 cap  1500 | mean     64.15 | elite     80.20 | best     84.45 | |sigma|  0.063 | 2286.3s
[cem/score] gen 634 cap  1500 | mean     65.88 | elite     78.94 | best     82.80 | |sigma|  0.063 | 2296.6s
[cem/score] gen 635 cap  1500 | mean     67.84 | elite     79.98 | best     81.43 | |sigma|  0.063 | 2309.5s
[cem/score] gen 636 cap  1500 | mean     68.19 | elite     81.86 | best     84.67 | |sigma|  0.063 | 2320.2s
[cem/score] gen 637 cap  1500 | mean     59.27 | elite     78.54 | best     81.54 | |sigma|  0.067 | 2329.8s
[cem/score] gen 638 cap  1500 | mean     65.96 | elite     79.53 | best     83.16 | |sigma|  0.067 | 2340.7s
[cem/score] gen 639 cap  1500 | mean     66.48 | elite     77.62 | best     81.17 | |sigma|  0.065 | 2351.0s
[cem/score] gen 640 cap  1500 | mean     67.44 | elite     82.38 | best     84.61 | |sigma|  0.065 | 2361.8s
[cem/score] gen 641 cap  1500 | mean     64.32 | elite     79.98 | best     83.32 | |sigma|  0.064 | 2371.6s
[cem/score] gen 642 cap  1500 | mean     69.01 | elite     79.64 | best     82.84 | |sigma|  0.065 | 2381.9s
[cem/score] gen 643 cap  1500 | mean     68.47 | elite     81.44 | best     84.15 | |sigma|  0.065 | 2392.3s
[cem/score] gen 644 cap  1500 | mean     70.05 | elite     81.15 | best     82.74 | |sigma|  0.063 | 2402.5s
[cem/score] gen 645 cap  1500 | mean     68.19 | elite     80.74 | best     85.17 | |sigma|  0.066 | 2412.9s
[cem/score] gen 646 cap  1500 | mean     64.76 | elite     78.92 | best     80.22 | |sigma|  0.070 | 2423.4s
[cem/score] gen 647 cap  1500 | mean     68.76 | elite     81.73 | best     85.03 | |sigma|  0.068 | 2434.5s
[cem/score] gen 648 cap  1500 | mean     67.46 | elite     80.24 | best     82.01 | |sigma|  0.072 | 2444.3s
[cem/score] gen 649 cap  1500 | mean     65.33 | elite     79.11 | best     80.92 | |sigma|  0.073 | 2453.2s
[cem/score] gen 650 cap  1500 | mean     64.82 | elite     79.73 | best     82.74 | |sigma|  0.073 | 2463.2s
[cem/score] gen 651 cap  1500 | mean     66.19 | elite     79.33 | best     82.75 | |sigma|  0.069 | 2473.2s
[cem/score] gen 652 cap  1500 | mean     65.79 | elite     80.66 | best     84.72 | |sigma|  0.067 | 2483.5s
[cem/score] gen 653 cap  5000 | mean     64.55 | elite     80.12 | best     82.35 | |sigma|  0.068 | 2513.0s
[cem/score] gen 654 cap  5000 | mean     69.80 | elite     82.17 | best     83.63 | |sigma|  0.073 | 2543.8s
[cem/score] gen 655 cap  5000 | mean     65.81 | elite     79.91 | best     84.31 | |sigma|  0.068 | 2573.4s
[cem/score] gen 656 cap  5000 | mean     69.10 | elite     80.06 | best     82.80 | |sigma|  0.065 | 2605.7s
[cem/score] gen 657 cap  5000 | mean     62.13 | elite     81.64 | best     85.78 | |sigma|  0.067 | 2634.6s
[cem/score] gen 658 cap  5000 | mean     63.23 | elite     79.77 | best     82.01 | |sigma|  0.072 | 2667.4s
[cem/score] gen 659 cap  5000 | mean     69.17 | elite     82.36 | best     84.73 | |sigma|  0.069 | 2699.2s
[cem/score] gen 660 cap  5000 | mean     66.86 | elite     80.56 | best     84.56 | |sigma|  0.066 | 2731.6s
[cem/score] gen 661 cap  5000 | mean     64.44 | elite     80.87 | best     83.26 | |sigma|  0.068 | 2760.7s
[cem/score] gen 662 cap  5000 | mean     70.64 | elite     80.97 | best     82.51 | |sigma|  0.064 | 2790.2s
[cem/score] gen 663 cap  5000 | mean     70.93 | elite     81.49 | best     84.26 | |sigma|  0.065 | 2820.2s
[cem/score] gen 664 cap  5000 | mean     68.37 | elite     82.18 | best     86.31 | |sigma|  0.066 | 2849.7s
[cem/score] gen 665 cap  5000 | mean     69.65 | elite     81.23 | best     82.66 | |sigma|  0.069 | 2879.1s
[cem/score] gen 666 cap  5000 | mean     64.58 | elite     80.61 | best     82.96 | |sigma|  0.070 | 2908.1s
[cem/score] gen 667 cap  5000 | mean     62.71 | elite     80.88 | best     83.51 | |sigma|  0.067 | 2936.9s
[cem/score] gen 668 cap  5000 | mean     64.42 | elite     79.40 | best     82.08 | |sigma|  0.067 | 2968.4s
[cem/score] gen 669 cap  5000 | mean     63.41 | elite     80.86 | best     83.35 | |sigma|  0.067 | 2997.7s
[cem/score] gen 670 cap  5000 | mean     61.00 | elite     78.59 | best     80.84 | |sigma|  0.071 | 3030.2s
[cem/score] gen 671 cap  5000 | mean     65.21 | elite     80.78 | best     82.57 | |sigma|  0.069 | 3062.6s
[cem/score] gen 672 cap  5000 | mean     66.62 | elite     80.76 | best     82.76 | |sigma|  0.068 | 3094.4s
[cem/score] gen 673 cap  5000 | mean     68.14 | elite     81.65 | best     87.00 | |sigma|  0.069 | 3127.0s
[cem/score] gen 674 cap  5000 | mean     65.90 | elite     81.24 | best     83.35 | |sigma|  0.069 | 3156.5s
[cem/score] gen 675 cap  5000 | mean     65.49 | elite     79.03 | best     84.20 | |sigma|  0.067 | 3189.1s
[cem/score] gen 676 cap  5000 | mean     64.36 | elite     79.11 | best     82.84 | |sigma|  0.067 | 3221.9s
[cem/score] gen 677 cap  5000 | mean     66.85 | elite     79.25 | best     81.85 | |sigma|  0.067 | 3254.3s
[cem/score] gen 678 cap  5000 | mean     64.60 | elite     80.26 | best     82.26 | |sigma|  0.065 | 3283.5s
[cem/score] gen 679 cap  5000 | mean     63.72 | elite     80.12 | best     82.50 | |sigma|  0.066 | 3316.3s
[cem] time budget 3300s reached at gen 680
[cem] search stayed alive for all 680 generations (final |sigma| = 0.0655)

[cem] evaluating distribution mean on held-out seeds ...
       lines 1461.9 | score/piece 82.1 | tetris 59.1%
[cem] evaluating best single candidate on held-out seeds ...
       lines 143.0 | score/piece 81.0 | tetris 75.0%

[cem] selected: distribution_mean
[cem] wrote weights/cem_score_wells.json
[cem] FINAL held-out: mean lines 1461.9 | score/piece 82.1 | tetris rate 59.1%
